Matrix read successfully :)
generating a vector of float for the moltiplication... 
performing sparse matrix CSR to vector multiplication... 
iteration 0 took 0.485000 ms
iteration 1 took 0.479000 ms
iteration 2 took 0.484000 ms
iteration 3 took 0.479000 ms
iteration 4 took 0.485000 ms
iteration 5 took 0.479000 ms
iteration 6 took 0.486000 ms
iteration 7 took 0.479000 ms
iteration 8 took 0.484000 ms
iteration 9 took 0.479000 ms
iteration 10 took 0.484000 ms
iteration 11 took 0.479000 ms
iteration 12 took 0.485000 ms
iteration 13 took 0.483000 ms
iteration 14 took 0.484000 ms
iteration 15 took 0.482000 ms
iteration 16 took 0.483000 ms
iteration 17 took 0.478000 ms
iteration 18 took 0.483000 ms
iteration 19 took 0.479000 ms
Executed 20 iterations, floating point operations: 102876 average time: 0.481943 ms variance: 0.000007 ms
average GFLOP/s: 0.426922
Clearing heap...
