Matrix read successfully :)
generating a vector of float for the moltiplication... 
performing sparse matrix CSR to vector multiplication... 
iteration 0 took 5.547000 ms
iteration 1 took 5.539000 ms
iteration 2 took 5.539000 ms
iteration 3 took 5.531000 ms
iteration 4 took 5.541000 ms
iteration 5 took 5.535000 ms
iteration 6 took 5.538000 ms
iteration 7 took 5.535000 ms
iteration 8 took 5.542000 ms
iteration 9 took 5.539000 ms
iteration 10 took 5.536000 ms
iteration 11 took 5.547000 ms
iteration 12 took 5.556000 ms
iteration 13 took 5.541000 ms
iteration 14 took 5.533000 ms
iteration 15 took 5.544000 ms
iteration 16 took 5.536000 ms
iteration 17 took 5.539000 ms
iteration 18 took 5.536000 ms
iteration 19 took 5.535000 ms
Executed 20 iterations, floating point operations: 1096948 average time: 5.539447 ms variance: 0.000033 ms
average GFLOP/s: 0.396050
Clearing heap...
