Matrix read successfully :)
generating a vector of float for the moltiplication... 
performing sparse matrix CSR to vector multiplication... 
iteration 0 took 0.017000 ms
iteration 1 took 0.017000 ms
iteration 2 took 0.017000 ms
iteration 3 took 0.018000 ms
iteration 4 took 0.017000 ms
iteration 5 took 0.017000 ms
iteration 6 took 0.017000 ms
iteration 7 took 0.017000 ms
iteration 8 took 0.017000 ms
iteration 9 took 0.017000 ms
iteration 10 took 0.018000 ms
iteration 11 took 0.017000 ms
iteration 12 took 0.017000 ms
iteration 13 took 0.017000 ms
iteration 14 took 0.017000 ms
iteration 15 took 0.018000 ms
iteration 16 took 0.022000 ms
iteration 17 took 0.017000 ms
iteration 18 took 0.018000 ms
iteration 19 took 0.017000 ms
Executed 20 iterations, floating point operations: 10708 average time: 0.017419 ms variance: 0.000001 ms
average GFLOP/s: 1.229493
Clearing heap...
