Matrix read successfully :)
generating a vector of float for the moltiplication... 
performing sparse matrix CSR to vector multiplication... 
iteration 0 took 3.301000 ms
iteration 1 took 3.305000 ms
iteration 2 took 3.299000 ms
iteration 3 took 3.298000 ms
iteration 4 took 3.304000 ms
iteration 5 took 3.301000 ms
iteration 6 took 3.311000 ms
iteration 7 took 3.306000 ms
iteration 8 took 3.304000 ms
iteration 9 took 3.298000 ms
iteration 10 took 3.298000 ms
iteration 11 took 3.306000 ms
iteration 12 took 3.300000 ms
iteration 13 took 3.302000 ms
iteration 14 took 3.304000 ms
iteration 15 took 3.304000 ms
iteration 16 took 3.303000 ms
iteration 17 took 3.303000 ms
iteration 18 took 3.305000 ms
iteration 19 took 3.302000 ms
Executed 20 iterations, floating point operations: 1076903 average time: 3.302698 ms variance: 0.000011 ms
average GFLOP/s: 0.652135
Clearing heap...
