Matrix read successfully :)
generating a vector of float for the moltiplication... 
performing sparse matrix CSR to vector multiplication... 
iteration 0 took 7.712000 ms
iteration 1 took 7.764000 ms
iteration 2 took 7.689000 ms
iteration 3 took 7.749000 ms
iteration 4 took 7.675000 ms
iteration 5 took 7.716000 ms
iteration 6 took 7.679000 ms
iteration 7 took 7.726000 ms
iteration 8 took 7.802000 ms
iteration 9 took 7.931000 ms
iteration 10 took 7.790000 ms
iteration 11 took 7.703000 ms
iteration 12 took 7.746000 ms
iteration 13 took 7.676000 ms
iteration 14 took 7.745000 ms
iteration 15 took 7.724000 ms
iteration 16 took 7.696000 ms
iteration 17 took 7.694000 ms
iteration 18 took 7.714000 ms
iteration 19 took 7.773000 ms
Executed 20 iterations, floating point operations: 1208908 average time: 7.734986 ms variance: 0.003512 ms
average GFLOP/s: 0.312582
Clearing heap...
