Wed Jul 16 16:58:36 2025       
+-----------------------------------------------------------------------------------------+
| NVIDIA-SMI 550.54.15              Driver Version: 550.54.15      CUDA Version: 12.4     |
|-----------------------------------------+------------------------+----------------------+
| GPU  Name                 Persistence-M | Bus-Id          Disp.A | Volatile Uncorr. ECC |
| Fan  Temp   Perf          Pwr:Usage/Cap |           Memory-Usage | GPU-Util  Compute M. |
|                                         |                        |               MIG M. |
|=========================================+========================+======================|
|   0  NVIDIA L40S                    On  |   00000000:A1:00.0 Off |                    0 |
| N/A   26C    P8             31W /  350W |       0MiB /  46068MiB |      0%      Default |
|                                         |                        |                  N/A |
+-----------------------------------------+------------------------+----------------------+
                                                                                         
+-----------------------------------------------------------------------------------------+
| Processes:                                                                              |
|  GPU   GI   CI        PID   Type   Process name                              GPU Memory |
|        ID   ID                                                               Usage      |
|=========================================================================================|
|  No running processes found                                                             |
+-----------------------------------------------------------------------------------------+
 
---------- Processing matrices  ----------
Launching SPVM on matrix ../data/dbir2.mtx
Matrix read successfully :)
Converting into CSR ... 
generating input and output vectors for the moltiplication... 
copying data in the CUDA memory... 
The algorithm will launch with 348 blocks, 384 threads, 4 shared memory per block
performing matrix to vector multiplication...
iteration 0 took 0.151552 ms
iteration 1 took 0.149504 ms
iteration 2 took 0.149408 ms
iteration 3 took 0.149568 ms
iteration 4 took 0.150528 ms
iteration 5 took 0.150368 ms
iteration 6 took 0.148480 ms
iteration 7 took 0.149504 ms
iteration 8 took 0.149696 ms
iteration 9 took 0.150368 ms
iteration 10 took 0.150528 ms
iteration 11 took 0.149632 ms
iteration 12 took 0.149312 ms
iteration 13 took 0.149504 ms
iteration 14 took 0.149728 ms
iteration 15 took 0.149504 ms
iteration 16 took 0.150304 ms
iteration 17 took 0.149408 ms
iteration 18 took 0.150528 ms
iteration 19 took 0.149504 ms
Executed 20 iterations, floating point operations: 2316318 average time: 0.149845 ms variance: 0.000000 ms
average GFLOP/s: 15.458093
Effective bandwidth: 96.422513 GB/s
checking results...
The algorithm works good :)
Operation done. Cleaning heap and VRAM...

Launching SPVM on matrix ../data/ifiss_mat.mtx
Error during matrix reading phase: cannot open file
Launching SPVM on matrix ../data/ex11.mtx
Matrix read successfully :)
Converting into CSR ... 
generating input and output vectors for the moltiplication... 
copying data in the CUDA memory... 
The algorithm will launch with 329 blocks, 384 threads, 4 shared memory per block
performing matrix to vector multiplication...
iteration 0 took 0.013312 ms
iteration 1 took 0.014240 ms
iteration 2 took 0.013504 ms
iteration 3 took 0.014336 ms
iteration 4 took 0.014144 ms
iteration 5 took 0.014240 ms
iteration 6 took 0.014208 ms
    //verify the arguments for the blocks and threads allocation  
    int blocks=DEFAULT_BLOCKS_NUMBER;
    int threads=DEFAULT_THREADS_NUMBER;
    for (int i=2;i<argc;i++) {
        if (strcmp(argv[i],"-b")==0 && (i+1)<argc) {
            i++;
            blocks=atoi(argv[i]);
            continue;
        }
        if (strcmp(argv[i],"-t")==0 && (i+1)<argc) {
            i++;
            threads=atoi(argv[i]);
        }
    }
iteration 7 took 0.014112 ms
iteration 8 took 0.014240 ms
iteration 9 took 0.014240 ms
iteration 10 took 0.014176 ms
iteration 11 took 0.013408 ms
iteration 12 took 0.013312 ms
iteration 13 took 0.013472 ms
iteration 14 took 0.014336 ms
iteration 15 took 0.014272 ms
iteration 16 took 0.013312 ms
iteration 17 took 0.013312 ms
iteration 18 took 0.014176 ms
iteration 19 took 0.013312 ms
Executed 20 iterations, floating point operations: 2193896 average time: 0.013877 ms variance: 0.000000 ms
average GFLOP/s: 158.100481
Effective bandwidth: 962.970100 GB/s
checking results...
Mismatch on 0
Found 15303 mismatches with max epsilon 80.000000 . Please check if your algorithm works
Operation done. Cleaning heap and VRAM...

Launching SPVM on matrix ../data/language.mtx
Matrix read successfully :)
Converting into CSR ... 
generating input and output vectors for the moltiplication... 
copying data in the CUDA memory... 
The algorithm will launch with 365 blocks, 384 threads, 4 shared memory per block
performing matrix to vector multiplication...
iteration 0 took 0.081056 ms
iteration 1 took 0.081920 ms
iteration 2 took 0.081920 ms
iteration 3 took 0.081920 ms
iteration 4 took 0.080800 ms
iteration 5 took 0.081920 ms
iteration 6 took 0.080928 ms
iteration 7 took 0.080896 ms
iteration 8 took 0.080896 ms
iteration 9 took 0.078848 ms
iteration 10 took 0.080896 ms
iteration 11 took 0.079872 ms
iteration 12 took 0.081984 ms
iteration 13 took 0.080896 ms
iteration 14 took 0.080896 ms
iteration 15 took 0.079872 ms
iteration 16 took 0.081120 ms
iteration 17 took 0.080896 ms
iteration 18 took 0.080896 ms
iteration 19 took 0.080096 ms
Executed 20 iterations, floating point operations: 2432668 average time: 0.080923 ms variance: 0.000001 ms
average GFLOP/s: 30.061677
Effective bandwidth: 239.557018 GB/s
checking results...
Mismatch on 7
Found 37405 mismatches with max epsilon 0.000000 . Please check if your algorithm works
Operation done. Cleaning heap and VRAM...

Launching SPVM on matrix ../data/Linux_call_graph.mtx
Matrix read successfully :)
Converting into CSR ... 
generating input and output vectors for the moltiplication... 
copying data in the CUDA memory... 
The algorithm will launch with 363 blocks, 384 threads, 4 shared memory per block
performing matrix to vector multiplication...
iteration 0 took 0.116544 ms
iteration 1 took 0.115392 ms
iteration 2 took 0.114688 ms
iteration 3 took 0.114720 ms
iteration 4 took 0.114688 ms
iteration 5 took 0.114688 ms
iteration 6 took 0.115712 ms
iteration 7 took 0.115264 ms
iteration 8 took 0.113664 ms
iteration 9 took 0.113792 ms
iteration 10 took 0.114560 ms
iteration 11 took 0.113920 ms
iteration 12 took 0.115712 ms
iteration 13 took 0.115648 ms
iteration 14 took 0.115680 ms
iteration 15 took 0.114528 ms
iteration 16 took 0.114496 ms
iteration 17 took 0.114464 ms
iteration 18 took 0.114560 ms
iteration 19 took 0.115392 ms
Executed 20 iterations, floating point operations: 2417816 average time: 0.114903 ms variance: 0.000001 ms
average GFLOP/s: 21.042174
Effective bandwidth: 160.099056 GB/s
checking results...
The algorithm works good :)
Operation done. Cleaning heap and VRAM...

Launching SPVM on matrix ../data/nemeth24.mtx
Matrix read successfully :)
Converting into CSR ... 
generating input and output vectors for the moltiplication... 
copying data in the CUDA memory... 
The algorithm will launch with 227 blocks, 384 threads, 4 shared memory per block
performing matrix to vector multiplication...
iteration 0 took 0.012416 ms
iteration 1 took 0.011648 ms
iteration 2 took 0.013248 ms
iteration 3 took 0.012288 ms
iteration 4 took 0.012288 ms
iteration 5 took 0.011392 ms
iteration 6 took 0.012288 ms
iteration 7 took 0.012288 ms
iteration 8 took 0.012288 ms
iteration 9 took 0.013088 ms
iteration 10 took 0.012448 ms
iteration 11 took 0.012448 ms
iteration 12 took 0.013312 ms
iteration 13 took 0.013312 ms
iteration 14 took 0.012320 ms
iteration 15 took 0.013184 ms
iteration 16 took 0.012128 ms
iteration 17 took 0.012096 ms
iteration 18 took 0.011328 ms
iteration 19 took 0.012288 ms
Executed 20 iterations, floating point operations: 1516056 average time: 0.012392 ms variance: 0.000000 ms
average GFLOP/s: 122.343711
Effective bandwidth: 743.267726 GB/s
checking results...
Mismatch on 0
Found 8338 mismatches with max epsilon 0.000001 . Please check if your algorithm works
Operation done. Cleaning heap and VRAM...

Launching SPVM on matrix ../data/twotone.mtx
Matrix read successfully :)
Converting into CSR ... 
generating input and output vectors for the moltiplication... 
copying data in the CUDA memory... 
The algorithm will launch with 367 blocks, 384 threads, 4 shared memory per block
performing matrix to vector multiplication...
iteration 0 took 0.028672 ms
iteration 1 took 0.029600 ms
iteration 2 took 0.028672 ms
iteration 3 took 0.029472 ms
iteration 4 took 0.028576 ms
iteration 5 took 0.028576 ms
iteration 6 took 0.029472 ms
iteration 7 took 0.029504 ms
iteration 8 took 0.029536 ms
iteration 9 took 0.028672 ms
iteration 10 took 0.029696 ms
iteration 11 took 0.027808 ms
iteration 12 took 0.028672 ms
iteration 13 took 0.028672 ms
iteration 14 took 0.027808 ms
iteration 15 took 0.027776 ms
iteration 16 took 0.028608 ms
iteration 17 took 0.028480 ms
iteration 18 took 0.028672 ms
iteration 19 took 0.028672 ms
Executed 20 iterations, floating point operations: 2448448 average time: 0.028775 ms variance: 0.000000 ms
average GFLOP/s: 85.089610
Effective bandwidth: 560.893986 GB/s
checking results...
Mismatch on 0
Found 61312 mismatches with max epsilon 0.002003 . Please check if your algorithm works
Operation done. Cleaning heap and VRAM...

 
