Fri Jul 18 21:52:12 2025       
+-----------------------------------------------------------------------------------------+
| NVIDIA-SMI 550.54.15              Driver Version: 550.54.15      CUDA Version: 12.4     |
|-----------------------------------------+------------------------+----------------------+
| GPU  Name                 Persistence-M | Bus-Id          Disp.A | Volatile Uncorr. ECC |
| Fan  Temp   Perf          Pwr:Usage/Cap |           Memory-Usage | GPU-Util  Compute M. |
|                                         |                        |               MIG M. |
|=========================================+========================+======================|
|   0  NVIDIA L40S                    On  |   00000000:C1:00.0 Off |                    0 |
| N/A   28C    P8             32W /  350W |       0MiB /  46068MiB |      0%      Default |
|                                         |                        |                  N/A |
+-----------------------------------------+------------------------+----------------------+
                                                                                         
+-----------------------------------------------------------------------------------------+
| Processes:                                                                              |
|  GPU   GI   CI        PID   Type   Process name                              GPU Memory |
|        ID   ID                                                               Usage      |
|=========================================================================================|
|  No running processes found                                                             |
+-----------------------------------------------------------------------------------------+
 
---------- Processing matrices  ----------
==PROF== Connected to process 3965761 (/home/vittorio.polci/GPU-Computing-2025-257817/smm-csr-parallel-5/bin/smm-csr-parallel-5)
==PROF== Profiling "vmcsr_mul" - 0 (1/1): 0%....50%....100% - 9 passes
Launching SPVM on matrix ../data/dbir2.mtx
Matrix read successfully :)
Converting into CSR ... 
generating input and output vectors for the moltiplication... 
copying data in the CUDA memory... 
The algorithm will launch with 348 blocks, 384 threads, 4 shared memory per block
performing matrix to vector multiplication...
iteration 0 took 0.218112 ms
iteration 1 took 0.219168 ms
iteration 2 took 0.221184 ms
iteration 3 took 0.217152 ms
iteration 4 took 0.216288 ms
iteration 5 took 0.287488 ms
iteration 6 took 0.149504 ms
iteration 7 took 0.150528 ms
iteration 8 took 0.213024 ms
iteration 9 took 0.211968 ms
iteration 10 took 0.212192 ms
iteration 11 took 0.212992 ms
iteration 12 took 0.212992 ms
iteration 13 took 0.214016 ms
iteration 14 took 0.214048 ms
iteration 15 took 0.211968 ms
iteration 16 took 0.212992 ms
iteration 17 took 0.212992 ms
iteration 18 took 0.213088 ms
iteration 19 took 0.212512 ms
Executed 20 iterations, floating point operations: 2316318 average time: 0.210014 ms variance: 0.000720 ms
average GFLOP/s: 11.029373
Effective bandwidth: 68.797608 GB/s
checking results...
The algorithm works good :)
Operation done. Cleaning heap and VRAM...

==PROF== Disconnected from process 3965761
[3965761] smm-csr-parallel-5@127.0.0.1
  vmcsr_mul(Vector *, SparseMatrix *, Vector *, unsigned int *) (348, 1, 1)x(384, 1, 1), Context 1, Stream 7, Device 0, CC 8.9
    Section: Command line profiler metrics
    ---------------------------------------------------------------------------- ----------- ------------
    Metric Name                                                                  Metric Unit Metric Value
    ---------------------------------------------------------------------------- ----------- ------------
    dram__throughput.avg.pct_of_peak_sustained_elapsed                                     %         5.34
    l1tex__data_pipe_lsu_wavefronts_mem_shared.avg.pct_of_peak_sustained_elapsed           %         0.88
    sm__throughput.avg.pct_of_peak_sustained_elapsed                                       %         3.77
    sm__warps_active.avg.pct_of_peak_sustained_active                                      %        49.06
    smsp__sass_average_data_bytes_per_wavefront_mem_shared.pct                             %       160.91
    ---------------------------------------------------------------------------- ----------- ------------

==PROF== Connected to process 3965821 (/home/vittorio.polci/GPU-Computing-2025-257817/smm-csr-parallel-5/bin/smm-csr-parallel-5)
==PROF== Profiling "vmcsr_mul" - 0 (1/1): 0%....50%....100% - 9 passes
Launching SPVM on matrix ../data/ex11.mtx
Matrix read successfully :)
Converting into CSR ... 
generating input and output vectors for the moltiplication... 
copying data in the CUDA memory... 
The algorithm will launch with 329 blocks, 384 threads, 4 shared memory per block
performing matrix to vector multiplication...
iteration 0 took 0.025600 ms
iteration 1 took 0.025600 ms
iteration 2 took 0.025600 ms
iteration 3 took 0.027776 ms
iteration 4 took 0.033952 ms
iteration 5 took 0.033888 ms
iteration 6 took 0.033792 ms
iteration 7 took 0.031744 ms
iteration 8 took 0.032768 ms
iteration 9 took 0.032928 ms
iteration 10 took 0.034816 ms
iteration 11 took 0.032768 ms
iteration 12 took 0.030880 ms
iteration 13 took 0.025600 ms
iteration 14 took 0.014336 ms
iteration 15 took 0.014336 ms
iteration 16 took 0.013312 ms
iteration 17 took 0.014336 ms
iteration 18 took 0.013600 ms
iteration 19 took 0.025760 ms
Executed 20 iterations, floating point operations: 2193896 average time: 0.024791 ms variance: 0.000064 ms
average GFLOP/s: 88.494961
Effective bandwidth: 539.011653 GB/s
checking results...
Mismatch on 0
Found 15303 mismatches with max epsilon 80.000000 . Please check if your algorithm works
Operation done. Cleaning heap and VRAM...

==PROF== Disconnected from process 3965821
[3965821] smm-csr-parallel-5@127.0.0.1
  vmcsr_mul(Vector *, SparseMatrix *, Vector *, unsigned int *) (329, 1, 1)x(384, 1, 1), Context 1, Stream 7, Device 0, CC 8.9
    Section: Command line profiler metrics
    ---------------------------------------------------------------------------- ----------- ------------
    Metric Name                                                                  Metric Unit Metric Value
    ---------------------------------------------------------------------------- ----------- ------------
    dram__throughput.avg.pct_of_peak_sustained_elapsed                                     %        59.11
    l1tex__data_pipe_lsu_wavefronts_mem_shared.avg.pct_of_peak_sustained_elapsed           %         6.17
    sm__throughput.avg.pct_of_peak_sustained_elapsed                                       %        29.80
    sm__warps_active.avg.pct_of_peak_sustained_active                                      %        51.19
    smsp__sass_average_data_bytes_per_wavefront_mem_shared.pct                             %       343.72
    ---------------------------------------------------------------------------- ----------- ------------

==PROF== Connected to process 3965881 (/home/vittorio.polci/GPU-Computing-2025-257817/smm-csr-parallel-5/bin/smm-csr-parallel-5)
==PROF== Profiling "vmcsr_mul" - 0 (1/1): 0%....50%....100% - 9 passes
Launching SPVM on matrix ../data/language.mtx
Matrix read successfully :)
Converting into CSR ... 
generating input and output vectors for the moltiplication... 
copying data in the CUDA memory... 
The algorithm will launch with 365 blocks, 384 threads, 4 shared memory per block
performing matrix to vector multiplication...
iteration 0 took 0.120832 ms
iteration 1 took 0.116736 ms
iteration 2 took 0.109568 ms
iteration 3 took 0.109568 ms
iteration 4 took 0.110592 ms
iteration 5 took 0.111616 ms
iteration 6 took 0.108640 ms
iteration 7 took 0.081952 ms
iteration 8 took 0.080896 ms
iteration 9 took 0.082112 ms
iteration 10 took 0.107808 ms
iteration 11 took 0.109568 ms
iteration 12 took 0.109888 ms
iteration 13 took 0.115712 ms
iteration 14 took 0.124096 ms
iteration 15 took 0.117888 ms
iteration 16 took 0.122880 ms
iteration 17 took 0.117024 ms
iteration 18 took 0.122144 ms
iteration 19 took 0.109568 ms
Executed 20 iterations, floating point operations: 2432668 average time: 0.108621 ms variance: 0.000171 ms
average GFLOP/s: 22.395890
Effective bandwidth: 178.469504 GB/s
checking results...
Mismatch on 7
Found 37405 mismatches with max epsilon 0.000000 . Please check if your algorithm works
Operation done. Cleaning heap and VRAM...

==PROF== Disconnected from process 3965881
[3965881] smm-csr-parallel-5@127.0.0.1
  vmcsr_mul(Vector *, SparseMatrix *, Vector *, unsigned int *) (365, 1, 1)x(384, 1, 1), Context 1, Stream 7, Device 0, CC 8.9
    Section: Command line profiler metrics
    ---------------------------------------------------------------------------- ----------- ------------
    Metric Name                                                                  Metric Unit Metric Value
    ---------------------------------------------------------------------------- ----------- ------------
    dram__throughput.avg.pct_of_peak_sustained_elapsed                                     %        15.58
    l1tex__data_pipe_lsu_wavefronts_mem_shared.avg.pct_of_peak_sustained_elapsed           %        15.01
    sm__throughput.avg.pct_of_peak_sustained_elapsed                                       %        59.33
    sm__warps_active.avg.pct_of_peak_sustained_active                                      %        56.43
    smsp__sass_average_data_bytes_per_wavefront_mem_shared.pct                             %        37.39
    ---------------------------------------------------------------------------- ----------- ------------

==PROF== Connected to process 3965941 (/home/vittorio.polci/GPU-Computing-2025-257817/smm-csr-parallel-5/bin/smm-csr-parallel-5)
==PROF== Profiling "vmcsr_mul" - 0 (1/1): 0%....50%....100% - 9 passes
Launching SPVM on matrix ../data/Linux_call_graph.mtx
Matrix read successfully :)
Converting into CSR ... 
generating input and output vectors for the moltiplication... 
copying data in the CUDA memory... 
The algorithm will launch with 363 blocks, 384 threads, 4 shared memory per block
performing matrix to vector multiplication...
iteration 0 took 0.155648 ms
iteration 1 took 0.156992 ms
iteration 2 took 0.172032 ms
iteration 3 took 0.178240 ms
iteration 4 took 0.164864 ms
iteration 5 took 0.169280 ms
iteration 6 took 0.156832 ms
iteration 7 took 0.157696 ms
iteration 8 took 0.155680 ms
iteration 9 took 0.114688 ms
iteration 10 took 0.114688 ms
iteration 11 took 0.154624 ms
iteration 12 took 0.156672 ms
iteration 13 took 0.157856 ms
iteration 14 took 0.165888 ms
iteration 15 took 0.170176 ms
iteration 16 took 0.164896 ms
iteration 17 took 0.164896 ms
iteration 18 took 0.157696 ms
iteration 19 took 0.157696 ms
Executed 20 iterations, floating point operations: 2417816 average time: 0.156462 ms variance: 0.000256 ms
average GFLOP/s: 15.453024
Effective bandwidth: 117.574095 GB/s
checking results...
The algorithm works good :)
Operation done. Cleaning heap and VRAM...

==PROF== Disconnected from process 3965941
[3965941] smm-csr-parallel-5@127.0.0.1
  vmcsr_mul(Vector *, SparseMatrix *, Vector *, unsigned int *) (363, 1, 1)x(384, 1, 1), Context 1, Stream 7, Device 0, CC 8.9
    Section: Command line profiler metrics
    ---------------------------------------------------------------------------- ----------- ------------
    Metric Name                                                                  Metric Unit Metric Value
    ---------------------------------------------------------------------------- ----------- ------------
    dram__throughput.avg.pct_of_peak_sustained_elapsed                                     %        12.65
    l1tex__data_pipe_lsu_wavefronts_mem_shared.avg.pct_of_peak_sustained_elapsed           %         7.81
    sm__throughput.avg.pct_of_peak_sustained_elapsed                                       %        28.98
    sm__warps_active.avg.pct_of_peak_sustained_active                                      %        31.27
    smsp__sass_average_data_bytes_per_wavefront_mem_shared.pct                             %        39.75
    ---------------------------------------------------------------------------- ----------- ------------

==PROF== Connected to process 3966001 (/home/vittorio.polci/GPU-Computing-2025-257817/smm-csr-parallel-5/bin/smm-csr-parallel-5)
==PROF== Profiling "vmcsr_mul" - 0 (1/1): 0%....50%....100% - 9 passes
Launching SPVM on matrix ../data/nemeth24.mtx
Matrix read successfully :)
Converting into CSR ... 
generating input and output vectors for the moltiplication... 
copying data in the CUDA memory... 
The algorithm will launch with 227 blocks, 384 threads, 4 shared memory per block
performing matrix to vector multiplication...
iteration 0 took 0.027072 ms
iteration 1 took 0.028672 ms
iteration 2 took 0.026624 ms
iteration 3 took 0.023712 ms
iteration 4 took 0.023552 ms
iteration 5 took 0.023552 ms
iteration 6 took 0.026624 ms
iteration 7 took 0.028672 ms
iteration 8 took 0.028672 ms
iteration 9 took 0.022528 ms
iteration 10 took 0.013312 ms
iteration 11 took 0.013312 ms
iteration 12 took 0.013312 ms
iteration 13 took 0.013312 ms
iteration 14 took 0.019584 ms
iteration 15 took 0.021504 ms
iteration 16 took 0.029696 ms
iteration 17 took 0.028672 ms
iteration 18 took 0.027648 ms
iteration 19 took 0.022528 ms
Executed 20 iterations, floating point operations: 1516056 average time: 0.022318 ms variance: 0.000034 ms
average GFLOP/s: 67.929602
Effective bandwidth: 412.688809 GB/s
checking results...
Mismatch on 0
Found 8338 mismatches with max epsilon 0.000001 . Please check if your algorithm works
Operation done. Cleaning heap and VRAM...

==PROF== Disconnected from process 3966001
[3966001] smm-csr-parallel-5@127.0.0.1
  vmcsr_mul(Vector *, SparseMatrix *, Vector *, unsigned int *) (227, 1, 1)x(384, 1, 1), Context 1, Stream 7, Device 0, CC 8.9
    Section: Command line profiler metrics
    ---------------------------------------------------------------------------- ----------- ------------
    Metric Name                                                                  Metric Unit Metric Value
    ---------------------------------------------------------------------------- ----------- ------------
    dram__throughput.avg.pct_of_peak_sustained_elapsed                                     %        47.88
    l1tex__data_pipe_lsu_wavefronts_mem_shared.avg.pct_of_peak_sustained_elapsed           %         4.06
    sm__throughput.avg.pct_of_peak_sustained_elapsed                                       %        20.35
    sm__warps_active.avg.pct_of_peak_sustained_active                                      %        34.74
    smsp__sass_average_data_bytes_per_wavefront_mem_shared.pct                             %       395.06
    ---------------------------------------------------------------------------- ----------- ------------

==PROF== Connected to process 3966078 (/home/vittorio.polci/GPU-Computing-2025-257817/smm-csr-parallel-5/bin/smm-csr-parallel-5)
==PROF== Profiling "vmcsr_mul" - 0 (1/1): 0%....50%....100% - 9 passes
Launching SPVM on matrix ../data/twotone.mtx
Matrix read successfully :)
Converting into CSR ... 
generating input and output vectors for the moltiplication... 
copying data in the CUDA memory... 
The algorithm will launch with 367 blocks, 384 threads, 4 shared memory per block
performing matrix to vector multiplication...
iteration 0 took 0.045056 ms
iteration 1 took 0.041984 ms
iteration 2 took 0.039936 ms
iteration 3 took 0.055296 ms
iteration 4 took 0.056320 ms
iteration 5 took 0.054272 ms
iteration 6 took 0.040096 ms
iteration 7 took 0.039936 ms
iteration 8 took 0.047104 ms
iteration 9 took 0.039936 ms
iteration 10 took 0.029696 ms
iteration 11 took 0.028672 ms
iteration 12 took 0.029696 ms
iteration 13 took 0.028768 ms
iteration 14 took 0.040960 ms
iteration 15 took 0.054272 ms
iteration 16 took 0.054528 ms
iteration 17 took 0.055296 ms
iteration 18 took 0.041216 ms
iteration 19 took 0.040960 ms
Executed 20 iterations, floating point operations: 2448448 average time: 0.042172 ms variance: 0.000090 ms
average GFLOP/s: 58.058780
Effective bandwidth: 382.712068 GB/s
checking results...
Mismatch on 0
Found 61312 mismatches with max epsilon 0.002003 . Please check if your algorithm works
Operation done. Cleaning heap and VRAM...

==PROF== Disconnected from process 3966078
[3966078] smm-csr-parallel-5@127.0.0.1
  vmcsr_mul(Vector *, SparseMatrix *, Vector *, unsigned int *) (367, 1, 1)x(384, 1, 1), Context 1, Stream 7, Device 0, CC 8.9
    Section: Command line profiler metrics
    ---------------------------------------------------------------------------- ----------- ------------
    Metric Name                                                                  Metric Unit Metric Value
    ---------------------------------------------------------------------------- ----------- ------------
    dram__throughput.avg.pct_of_peak_sustained_elapsed                                     %        51.32
    l1tex__data_pipe_lsu_wavefronts_mem_shared.avg.pct_of_peak_sustained_elapsed           %        13.58
    sm__throughput.avg.pct_of_peak_sustained_elapsed                                       %        54.09
    sm__warps_active.avg.pct_of_peak_sustained_active                                      %        62.83
    smsp__sass_average_data_bytes_per_wavefront_mem_shared.pct                             %        79.05
    ---------------------------------------------------------------------------- ----------- ------------

 
