Sun May 18 14:55:46 2025       
+-----------------------------------------------------------------------------------------+
| NVIDIA-SMI 550.144.03             Driver Version: 550.144.03     CUDA Version: 12.4     |
|-----------------------------------------+------------------------+----------------------+
| GPU  Name                 Persistence-M | Bus-Id          Disp.A | Volatile Uncorr. ECC |
| Fan  Temp   Perf          Pwr:Usage/Cap |           Memory-Usage | GPU-Util  Compute M. |
|                                         |                        |               MIG M. |
|=========================================+========================+======================|
|   0  NVIDIA A30                     On  |   00000000:17:00.0 Off |                    0 |
| N/A   31C    P0             28W /  165W |       1MiB /  24576MiB |      0%      Default |
|                                         |                        |             Disabled |
+-----------------------------------------+------------------------+----------------------+
                                                                                         
+-----------------------------------------------------------------------------------------+
| Processes:                                                                              |
|  GPU   GI   CI        PID   Type   Process name                              GPU Memory |
|        ID   ID                                                               Usage      |
|=========================================================================================|
|  No running processes found                                                             |
+-----------------------------------------------------------------------------------------+
 
---------- Processing matrices  ----------
Launching algorithm with 256 blocks and 512 threads on matrix ../data/dbir2.mtx
Matrix read successfully :)
Converting into CSR ... 
generating input and output vectors for the moltiplication... 
copying data in the CUDA memory... 
performing matrix to vector multiplication...
iteration 0 took 0.016384 ms
iteration 1 took 0.016384 ms
iteration 2 took 0.016384 ms
iteration 3 took 0.016384 ms
iteration 4 took 0.016384 ms
iteration 5 took 0.016384 ms
iteration 6 took 0.015360 ms
iteration 7 took 0.017408 ms
iteration 8 took 0.015360 ms
iteration 9 took 0.016384 ms
iteration 10 took 0.016384 ms
iteration 11 took 0.016384 ms
iteration 12 took 0.016384 ms
iteration 13 took 0.016384 ms
iteration 14 took 0.015360 ms
iteration 15 took 0.015360 ms
iteration 16 took 0.016384 ms
iteration 17 took 0.016384 ms
iteration 18 took 0.016384 ms
iteration 19 took 0.016384 ms
Executed 20 iterations, floating point operations: 2316318 average time: 0.016223 ms variance: 0.000000 ms
average GFLOP/s: 142.780054
Effective bandwidth: 870.664933 GB/s
checking results...
The algorithm works good :)
Operation done. Cleaning heap and VRAM...

Launching algorithm with 256 blocks and 512 threads on matrix ../data/ifiss_mat.mtx
Error during matrix reading phase: cannot open file
Launching algorithm with 256 blocks and 512 threads on matrix ../data/ex11.mtx
Matrix read successfully :)
Converting into CSR ... 
generating input and output vectors for the moltiplication... 
copying data in the CUDA memory... 
performing matrix to vector multiplication...
iteration 0 took 0.028672 ms
iteration 1 took 0.029696 ms
iteration 2 took 0.032768 ms
iteration 3 took 0.031744 ms
iteration 4 took 0.031744 ms
iteration 5 took 0.031744 ms
iteration 6 took 0.029696 ms
iteration 7 took 0.028672 ms
iteration 8 took 0.030720 ms
iteration 9 took 0.030720 ms
iteration 10 took 0.031744 ms
iteration 11 took 0.031744 ms
iteration 12 took 0.033792 ms
iteration 13 took 0.030720 ms
iteration 14 took 0.028672 ms
iteration 15 took 0.028672 ms
iteration 16 took 0.027648 ms
iteration 17 took 0.031744 ms
iteration 18 took 0.030720 ms
iteration 19 took 0.030720 ms
Executed 20 iterations, floating point operations: 2193896 average time: 0.030578 ms variance: 0.000003 ms
average GFLOP/s: 71.747120
Effective bandwidth: 437.002661 GB/s
checking results...
The algorithm works good :)
Operation done. Cleaning heap and VRAM...

Launching algorithm with 256 blocks and 512 threads on matrix ../data/language.mtx
Matrix read successfully :)
Converting into CSR ... 
generating input and output vectors for the moltiplication... 
copying data in the CUDA memory... 
performing matrix to vector multiplication...
iteration 0 took 0.030720 ms
iteration 1 took 0.029696 ms
iteration 2 took 0.029696 ms
iteration 3 took 0.028672 ms
iteration 4 took 0.029696 ms
iteration 5 took 0.028672 ms
iteration 6 took 0.028672 ms
iteration 7 took 0.029696 ms
iteration 8 took 0.028672 ms
iteration 9 took 0.029696 ms
iteration 10 took 0.029696 ms
iteration 11 took 0.028672 ms
iteration 12 took 0.029696 ms
iteration 13 took 0.028672 ms
iteration 14 took 0.033792 ms
iteration 15 took 0.029696 ms
iteration 16 took 0.028672 ms
iteration 17 took 0.029696 ms
iteration 18 took 0.028672 ms
iteration 19 took 0.029696 ms
Executed 20 iterations, floating point operations: 2432668 average time: 0.029522 ms variance: 0.000001 ms
average GFLOP/s: 82.402219
Effective bandwidth: 656.650978 GB/s
checking results...
The algorithm works good :)
Operation done. Cleaning heap and VRAM...

Launching algorithm with 256 blocks and 512 threads on matrix ../data/Linux_call_graph.mtx
Matrix read successfully :)
Converting into CSR ... 
generating input and output vectors for the moltiplication... 
copying data in the CUDA memory... 
performing matrix to vector multiplication...
iteration 0 took 1.391616 ms
iteration 1 took 1.403904 ms
iteration 2 took 1.397760 ms
iteration 3 took 1.397760 ms
iteration 4 took 1.403904 ms
iteration 5 took 1.394688 ms
iteration 6 took 1.405952 ms
iteration 7 took 1.399808 ms
iteration 8 took 1.404928 ms
iteration 9 took 1.393664 ms
iteration 10 took 1.416192 ms
iteration 11 took 1.403904 ms
iteration 12 took 1.394688 ms
iteration 13 took 1.397760 ms
iteration 14 took 1.412096 ms
iteration 15 took 1.395712 ms
iteration 16 took 1.412096 ms
iteration 17 took 1.402880 ms
iteration 18 took 1.406976 ms
iteration 19 took 1.409024 ms
Executed 20 iterations, floating point operations: 2417816 average time: 1.402250 ms variance: 0.000047 ms
average GFLOP/s: 1.724241
Effective bandwidth: 13.118860 GB/s
checking results...
The algorithm works good :)
Operation done. Cleaning heap and VRAM...

Launching algorithm with 256 blocks and 512 threads on matrix ../data/nemeth24.mtx
Matrix read successfully :)
Converting into CSR ... 
generating input and output vectors for the moltiplication... 
copying data in the CUDA memory... 
performing matrix to vector multiplication...
iteration 0 took 0.029696 ms
iteration 1 took 0.029696 ms
iteration 2 took 0.029696 ms
iteration 3 took 0.031744 ms
iteration 4 took 0.029696 ms
iteration 5 took 0.029696 ms
iteration 6 took 0.030720 ms
iteration 7 took 0.030720 ms
iteration 8 took 0.029696 ms
iteration 9 took 0.028672 ms
iteration 10 took 0.029696 ms
iteration 11 took 0.030720 ms
iteration 12 took 0.029696 ms
iteration 13 took 0.030720 ms
iteration 14 took 0.029696 ms
iteration 15 took 0.030720 ms
iteration 16 took 0.029696 ms
iteration 17 took 0.031744 ms
iteration 18 took 0.029696 ms
iteration 19 took 0.030720 ms
Executed 20 iterations, floating point operations: 1516056 average time: 0.030147 ms variance: 0.000001 ms
average GFLOP/s: 50.288182
Effective bandwidth: 305.512908 GB/s
checking results...
The algorithm works good :)
Operation done. Cleaning heap and VRAM...

Launching algorithm with 256 blocks and 512 threads on matrix ../data/twotone.mtx
Matrix read successfully :)
Converting into CSR ... 
generating input and output vectors for the moltiplication... 
copying data in the CUDA memory... 
performing matrix to vector multiplication...
iteration 0 took 0.046080 ms
iteration 1 took 0.047104 ms
iteration 2 took 0.049152 ms
iteration 3 took 0.046080 ms
iteration 4 took 0.047104 ms
iteration 5 took 0.048128 ms
iteration 6 took 0.046080 ms
iteration 7 took 0.045056 ms
iteration 8 took 0.051200 ms
iteration 9 took 0.047104 ms
iteration 10 took 0.048128 ms
iteration 11 took 0.044032 ms
iteration 12 took 0.045056 ms
iteration 13 took 0.046080 ms
iteration 14 took 0.048128 ms
iteration 15 took 0.050176 ms
iteration 16 took 0.049152 ms
iteration 17 took 0.047104 ms
iteration 18 took 0.047104 ms
iteration 19 took 0.047104 ms
Executed 20 iterations, floating point operations: 2448448 average time: 0.047226 ms variance: 0.000003 ms
average GFLOP/s: 51.844808
Effective bandwidth: 341.750786 GB/s
checking results...
The algorithm works good :)
Operation done. Cleaning heap and VRAM...

 
