Fri Jul 18 21:51:44 2025       
+-----------------------------------------------------------------------------------------+
| NVIDIA-SMI 550.54.15              Driver Version: 550.54.15      CUDA Version: 12.4     |
|-----------------------------------------+------------------------+----------------------+
| GPU  Name                 Persistence-M | Bus-Id          Disp.A | Volatile Uncorr. ECC |
| Fan  Temp   Perf          Pwr:Usage/Cap |           Memory-Usage | GPU-Util  Compute M. |
|                                         |                        |               MIG M. |
|=========================================+========================+======================|
|   0  NVIDIA L40S                    On  |   00000000:C1:00.0 Off |                    0 |
| N/A   29C    P8             32W /  350W |       0MiB /  46068MiB |      0%      Default |
|                                         |                        |                  N/A |
+-----------------------------------------+------------------------+----------------------+
                                                                                         
+-----------------------------------------------------------------------------------------+
| Processes:                                                                              |
|  GPU   GI   CI        PID   Type   Process name                              GPU Memory |
|        ID   ID                                                               Usage      |
|=========================================================================================|
|  No running processes found                                                             |
+-----------------------------------------------------------------------------------------+
 
---------- Processing matrices  ----------
==PROF== Connected to process 3965255 (/home/vittorio.polci/GPU-Computing-2025-257817/smm-csr-parallel-2/bin/smm-csr-parallel-2)
==PROF== Profiling "vmcsr_mul" - 0 (1/1): 0%....50%....100% - 9 passes
Launching SPVM on matrix ../data/dbir2.mtx
Matrix read successfully :)
Converting into CSR ... 
generating input and output vectors for the moltiplication... 
copying data in the CUDA memory... 
The algorithm will launch with 348 blocks, 384 threads, 4 shared memory per block
performing matrix to vector multiplication...
iteration 0 took 408.088562 ms
iteration 1 took 0.030720 ms
iteration 2 took 0.030720 ms
iteration 3 took 0.036864 ms
iteration 4 took 0.040960 ms
iteration 5 took 0.044032 ms
iteration 6 took 0.039936 ms
iteration 7 took 0.032768 ms
iteration 8 took 0.029696 ms
iteration 9 took 0.030720 ms
iteration 10 took 0.040992 ms
iteration 11 took 0.040992 ms
iteration 12 took 0.043008 ms
iteration 13 took 0.047104 ms
iteration 14 took 0.031744 ms
iteration 15 took 0.029792 ms
iteration 16 took 0.030720 ms
iteration 17 took 0.036896 ms
iteration 18 took 0.040992 ms
iteration 19 took 0.044032 ms
Executed 20 iterations, floating point operations: 2316318 average time: 0.058236 ms variance: 8762.566094 ms
average GFLOP/s: 39.774377
Effective bandwidth: 248.099521 GB/s
checking results...
The algorithm works good :)
Operation done. Cleaning heap and VRAM...

==PROF== Disconnected from process 3965255
[3965255] smm-csr-parallel-2@127.0.0.1
  vmcsr_mul(Vector *, SparseMatrix *, Vector *) (348, 1, 1)x(384, 1, 1), Context 1, Stream 7, Device 0, CC 8.9
    Section: Command line profiler metrics
    ---------------------------------------------------------------------------- ----------- ------------
    Metric Name                                                                  Metric Unit Metric Value
    ---------------------------------------------------------------------------- ----------- ------------
    dram__throughput.avg.pct_of_peak_sustained_elapsed                                     %        57.51
    l1tex__data_pipe_lsu_wavefronts_mem_shared.avg.pct_of_peak_sustained_elapsed           %         0.44
    sm__throughput.avg.pct_of_peak_sustained_elapsed                                       %         9.58
    sm__warps_active.avg.pct_of_peak_sustained_active                                      %        13.59
    smsp__sass_average_data_bytes_per_wavefront_mem_shared.pct                             %     1,630.13
    ---------------------------------------------------------------------------- ----------- ------------

==PROF== Connected to process 3965315 (/home/vittorio.polci/GPU-Computing-2025-257817/smm-csr-parallel-2/bin/smm-csr-parallel-2)
==PROF== Profiling "vmcsr_mul" - 0 (1/1): 0%....50%....100% - 9 passes
Launching SPVM on matrix ../data/ex11.mtx
Matrix read successfully :)
Converting into CSR ... 
generating input and output vectors for the moltiplication... 
copying data in the CUDA memory... 
The algorithm will launch with 329 blocks, 384 threads, 4 shared memory per block
performing matrix to vector multiplication...
iteration 0 took 420.194305 ms
iteration 1 took 0.024576 ms
iteration 2 took 0.024576 ms
iteration 3 took 0.028704 ms
iteration 4 took 0.030720 ms
iteration 5 took 0.030720 ms
iteration 6 took 0.033792 ms
iteration 7 took 0.024576 ms
iteration 8 took 0.023552 ms
iteration 9 took 0.026624 ms
iteration 10 took 0.031808 ms
iteration 11 took 0.030720 ms
iteration 12 took 0.034816 ms
iteration 13 took 0.022528 ms
iteration 14 took 0.022816 ms
iteration 15 took 0.023552 ms
iteration 16 took 0.030720 ms
iteration 17 took 0.034816 ms
iteration 18 took 0.033792 ms
iteration 19 took 0.023552 ms
Executed 20 iterations, floating point operations: 2193896 average time: 0.045179 ms variance: 9290.804978 ms
average GFLOP/s: 48.560533
Effective bandwidth: 295.776086 GB/s
checking results...
The algorithm works good :)
Operation done. Cleaning heap and VRAM...

==PROF== Disconnected from process 3965315
[3965315] smm-csr-parallel-2@127.0.0.1
  vmcsr_mul(Vector *, SparseMatrix *, Vector *) (329, 1, 1)x(384, 1, 1), Context 1, Stream 7, Device 0, CC 8.9
    Section: Command line profiler metrics
    ---------------------------------------------------------------------------- ----------- ------------
    Metric Name                                                                  Metric Unit Metric Value
    ---------------------------------------------------------------------------- ----------- ------------
    dram__throughput.avg.pct_of_peak_sustained_elapsed                                     %        66.87
    l1tex__data_pipe_lsu_wavefronts_mem_shared.avg.pct_of_peak_sustained_elapsed           %         0.67
    sm__throughput.avg.pct_of_peak_sustained_elapsed                                       %         9.76
    sm__warps_active.avg.pct_of_peak_sustained_active                                      %        11.60
    smsp__sass_average_data_bytes_per_wavefront_mem_shared.pct                             %     1,803.23
    ---------------------------------------------------------------------------- ----------- ------------

==PROF== Connected to process 3965375 (/home/vittorio.polci/GPU-Computing-2025-257817/smm-csr-parallel-2/bin/smm-csr-parallel-2)
==PROF== Profiling "vmcsr_mul" - 0 (1/1): 0%....50%....100% - 9 passes
Launching SPVM on matrix ../data/language.mtx
Matrix read successfully :)
Converting into CSR ... 
generating input and output vectors for the moltiplication... 
copying data in the CUDA memory... 
The algorithm will launch with 365 blocks, 384 threads, 4 shared memory per block
performing matrix to vector multiplication...
iteration 0 took 405.866364 ms
iteration 1 took 0.031744 ms
iteration 2 took 0.039936 ms
iteration 3 took 0.039936 ms
iteration 4 took 0.037888 ms
iteration 5 took 0.037888 ms
iteration 6 took 0.038976 ms
iteration 7 took 0.037888 ms
iteration 8 took 0.041984 ms
iteration 9 took 0.037952 ms
iteration 10 took 0.038912 ms
iteration 11 took 0.039968 ms
iteration 12 took 0.040960 ms
iteration 13 took 0.041984 ms
iteration 14 took 0.037056 ms
iteration 15 took 0.035840 ms
iteration 16 took 0.033792 ms
iteration 17 took 0.038912 ms
iteration 18 took 0.038912 ms
iteration 19 took 0.040960 ms
Executed 20 iterations, floating point operations: 2432668 average time: 0.061046 ms variance: 8667.261326 ms
average GFLOP/s: 39.849489
Effective bandwidth: 317.554626 GB/s
checking results...
The algorithm works good :)
Operation done. Cleaning heap and VRAM...

==PROF== Disconnected from process 3965375
[3965375] smm-csr-parallel-2@127.0.0.1
  vmcsr_mul(Vector *, SparseMatrix *, Vector *) (365, 1, 1)x(384, 1, 1), Context 1, Stream 7, Device 0, CC 8.9
    Section: Command line profiler metrics
    ---------------------------------------------------------------------------- ----------- ------------
    Metric Name                                                                  Metric Unit Metric Value
    ---------------------------------------------------------------------------- ----------- ------------
    dram__throughput.avg.pct_of_peak_sustained_elapsed                                     %        66.84
    l1tex__data_pipe_lsu_wavefronts_mem_shared.avg.pct_of_peak_sustained_elapsed           %         1.22
    sm__throughput.avg.pct_of_peak_sustained_elapsed                                       %        19.84
    sm__warps_active.avg.pct_of_peak_sustained_active                                      %        54.43
    smsp__sass_average_data_bytes_per_wavefront_mem_shared.pct                             %       860.48
    ---------------------------------------------------------------------------- ----------- ------------

==PROF== Connected to process 3965435 (/home/vittorio.polci/GPU-Computing-2025-257817/smm-csr-parallel-2/bin/smm-csr-parallel-2)
==PROF== Profiling "vmcsr_mul" - 0 (1/1): 0%....50%....100% - 9 passes
Launching SPVM on matrix ../data/Linux_call_graph.mtx
Matrix read successfully :)
Converting into CSR ... 
generating input and output vectors for the moltiplication... 
copying data in the CUDA memory... 
The algorithm will launch with 363 blocks, 384 threads, 4 shared memory per block
performing matrix to vector multiplication...
iteration 0 took 464.069641 ms
iteration 1 took 0.809984 ms
iteration 2 took 0.809984 ms
iteration 3 took 0.812128 ms
iteration 4 took 0.821248 ms
iteration 5 took 0.828416 ms
iteration 6 took 0.810272 ms
iteration 7 took 0.809984 ms
iteration 8 took 0.809984 ms
iteration 9 took 0.824320 ms
iteration 10 took 0.824576 ms
iteration 11 took 0.811008 ms
iteration 12 took 0.809056 ms
iteration 13 took 0.811008 ms
iteration 14 took 0.820224 ms
iteration 15 took 0.824608 ms
iteration 16 took 0.809984 ms
iteration 17 took 0.807936 ms
iteration 18 took 0.811008 ms
iteration 19 took 0.824320 ms
Executed 20 iterations, floating point operations: 2417816 average time: 1.119564 ms variance: 11280.238648 ms
average GFLOP/s: 2.159605
Effective bandwidth: 16.431325 GB/s
checking results...
The algorithm works good :)
Operation done. Cleaning heap and VRAM...

==PROF== Disconnected from process 3965435
[3965435] smm-csr-parallel-2@127.0.0.1
  vmcsr_mul(Vector *, SparseMatrix *, Vector *) (363, 1, 1)x(384, 1, 1), Context 1, Stream 7, Device 0, CC 8.9
    Section: Command line profiler metrics
    ---------------------------------------------------------------------------- ----------- ------------
    Metric Name                                                                  Metric Unit Metric Value
    ---------------------------------------------------------------------------- ----------- ------------
    dram__throughput.avg.pct_of_peak_sustained_elapsed                                     %         1.69
    l1tex__data_pipe_lsu_wavefronts_mem_shared.avg.pct_of_peak_sustained_elapsed           %         0.04
    sm__throughput.avg.pct_of_peak_sustained_elapsed                                       %         1.35
    sm__warps_active.avg.pct_of_peak_sustained_active                                      %        37.33
    smsp__sass_average_data_bytes_per_wavefront_mem_shared.pct                             %       942.65
    ---------------------------------------------------------------------------- ----------- ------------

==PROF== Connected to process 3965495 (/home/vittorio.polci/GPU-Computing-2025-257817/smm-csr-parallel-2/bin/smm-csr-parallel-2)
==PROF== Profiling "vmcsr_mul" - 0 (1/1): 0%....50%....100% - 9 passes
Launching SPVM on matrix ../data/nemeth24.mtx
Matrix read successfully :)
Converting into CSR ... 
generating input and output vectors for the moltiplication... 
copying data in the CUDA memory... 
The algorithm will launch with 227 blocks, 384 threads, 4 shared memory per block
performing matrix to vector multiplication...
iteration 0 took 375.707642 ms
iteration 1 took 0.026624 ms
iteration 2 took 0.024576 ms
iteration 3 took 0.020480 ms
iteration 4 took 0.019776 ms
iteration 5 took 0.019456 ms
iteration 6 took 0.031808 ms
iteration 7 took 0.025600 ms
iteration 8 took 0.029696 ms
iteration 9 took 0.019616 ms
iteration 10 took 0.020480 ms
iteration 11 took 0.020480 ms
iteration 12 took 0.024576 ms
iteration 13 took 0.026624 ms
iteration 14 took 0.026624 ms
iteration 15 took 0.024576 ms
iteration 16 took 0.020576 ms
iteration 17 took 0.019520 ms
iteration 18 took 0.019456 ms
iteration 19 took 0.030720 ms
Executed 20 iterations, floating point operations: 1516056 average time: 0.038009 ms variance: 7427.772465 ms
average GFLOP/s: 39.886503
Effective bandwidth: 242.320183 GB/s
checking results...
The algorithm works good :)
Operation done. Cleaning heap and VRAM...

==PROF== Disconnected from process 3965495
[3965495] smm-csr-parallel-2@127.0.0.1
  vmcsr_mul(Vector *, SparseMatrix *, Vector *) (227, 1, 1)x(384, 1, 1), Context 1, Stream 7, Device 0, CC 8.9
    Section: Command line profiler metrics
    ---------------------------------------------------------------------------- ----------- ------------
    Metric Name                                                                  Metric Unit Metric Value
    ---------------------------------------------------------------------------- ----------- ------------
    dram__throughput.avg.pct_of_peak_sustained_elapsed                                     %        55.35
    l1tex__data_pipe_lsu_wavefronts_mem_shared.avg.pct_of_peak_sustained_elapsed           %         0.57
    sm__throughput.avg.pct_of_peak_sustained_elapsed                                       %        10.61
    sm__warps_active.avg.pct_of_peak_sustained_active                                      %         8.55
    smsp__sass_average_data_bytes_per_wavefront_mem_shared.pct                             %     1,944.81
    ---------------------------------------------------------------------------- ----------- ------------

==PROF== Connected to process 3965567 (/home/vittorio.polci/GPU-Computing-2025-257817/smm-csr-parallel-2/bin/smm-csr-parallel-2)
==PROF== Profiling "vmcsr_mul" - 0 (1/1): 0%....50%....100% - 9 passes
Launching SPVM on matrix ../data/twotone.mtx
Matrix read successfully :)
Converting into CSR ... 
generating input and output vectors for the moltiplication... 
copying data in the CUDA memory... 
The algorithm will launch with 367 blocks, 384 threads, 4 shared memory per block
performing matrix to vector multiplication...
iteration 0 took 434.962433 ms
iteration 1 took 0.040960 ms
iteration 2 took 0.041984 ms
iteration 3 took 0.029696 ms
iteration 4 took 0.029696 ms
iteration 5 took 0.028768 ms
iteration 6 took 0.029824 ms
iteration 7 took 0.038080 ms
iteration 8 took 0.039104 ms
iteration 9 took 0.049152 ms
iteration 10 took 0.044032 ms
iteration 11 took 0.030752 ms
iteration 12 took 0.030720 ms
iteration 13 took 0.030752 ms
iteration 14 took 0.030720 ms
iteration 15 took 0.029696 ms
iteration 16 took 0.036992 ms
iteration 17 took 0.038912 ms
iteration 18 took 0.039936 ms
iteration 19 took 0.045056 ms
Executed 20 iterations, floating point operations: 2448448 average time: 0.056870 ms variance: 9954.887264 ms
average GFLOP/s: 43.053788
Effective bandwidth: 283.802110 GB/s
checking results...
The algorithm works good :)
Operation done. Cleaning heap and VRAM...

==PROF== Disconnected from process 3965567
[3965567] smm-csr-parallel-2@127.0.0.1
  vmcsr_mul(Vector *, SparseMatrix *, Vector *) (367, 1, 1)x(384, 1, 1), Context 1, Stream 7, Device 0, CC 8.9
    Section: Command line profiler metrics
    ---------------------------------------------------------------------------- ----------- ------------
    Metric Name                                                                  Metric Unit Metric Value
    ---------------------------------------------------------------------------- ----------- ------------
    dram__throughput.avg.pct_of_peak_sustained_elapsed                                     %        53.14
    l1tex__data_pipe_lsu_wavefronts_mem_shared.avg.pct_of_peak_sustained_elapsed           %         0.88
    sm__throughput.avg.pct_of_peak_sustained_elapsed                                       %        24.64
    sm__warps_active.avg.pct_of_peak_sustained_active                                      %        32.02
    smsp__sass_average_data_bytes_per_wavefront_mem_shared.pct                             %     1,388.46
    ---------------------------------------------------------------------------- ----------- ------------

 
