Wed Jul 16 16:58:50 2025       
+-----------------------------------------------------------------------------------------+
| NVIDIA-SMI 550.54.15              Driver Version: 550.54.15      CUDA Version: 12.4     |
|-----------------------------------------+------------------------+----------------------+
| GPU  Name                 Persistence-M | Bus-Id          Disp.A | Volatile Uncorr. ECC |
| Fan  Temp   Perf          Pwr:Usage/Cap |           Memory-Usage | GPU-Util  Compute M. |
|                                         |                        |               MIG M. |
|=========================================+========================+======================|
|   0  NVIDIA L40S                    On  |   00000000:A1:00.0 Off |                    0 |
| N/A   26C    P8             32W /  350W |       0MiB /  46068MiB |      0%      Default |
|                                         |                        |                  N/A |
+-----------------------------------------+------------------------+----------------------+
                                                                                         
+-----------------------------------------------------------------------------------------+
| Processes:                                                                              |
|  GPU   GI   CI        PID   Type   Process name                              GPU Memory |
|        ID   ID                                                               Usage      |
|=========================================================================================|
|  No running processes found                                                             |
+-----------------------------------------------------------------------------------------+
 
---------- Processing matrices  ----------
Launching SPVM on matrix ../data/dbir2.mtx
Matrix read successfully :)
Converting into CSR ... 
generating input and output vectors for the moltiplication... 
copying data in the CUDA memory... 
The algorithm will launch with 348 blocks, 384 threads, 4 shared memory per block
performing matrix to vector multiplication...
iteration 0 took 0.014336 ms
iteration 1 took 0.015168 ms
iteration 2 took 0.014336 ms
iteration 3 took 0.015328 ms
iteration 4 took 0.014304 ms
iteration 5 took 0.014336 ms
iteration 6 took 0.014336 ms
iteration 7 took 0.015136 ms
iteration 8 took 0.014464 ms
iteration 9 took 0.014336 ms
iteration 10 took 0.014336 ms
iteration 11 took 0.014272 ms
iteration 12 took 0.014336 ms
iteration 13 took 0.014304 ms
iteration 14 took 0.014336 ms
iteration 15 took 0.013536 ms
iteration 16 took 0.014336 ms
iteration 17 took 0.014336 ms
iteration 18 took 0.014336 ms
iteration 19 took 0.014336 ms
Executed 20 iterations, floating point operations: 2316318 average time: 0.014422 ms variance: 0.000000 ms
average GFLOP/s: 160.605793
Effective bandwidth: 1001.806265 GB/s
checking results...
The algorithm works good :)
Operation done. Cleaning heap and VRAM...

Launching SPVM on matrix ../data/ifiss_mat.mtx
Error during matrix reading phase: cannot open file
Launching SPVM on matrix ../data/ex11.mtx
Matrix read successfully :)
Converting into CSR ... 
generating input and output vectors for the moltiplication... 
copying data in the CUDA memory... 
The algorithm will launch with 329 blocks, 384 threads, 4 shared memory per block
performing matrix to vector multiplication...
iteration 0 took 0.009312 ms
iteration 1 took 0.009216 ms
iteration 2 took 0.009216 ms
iteration 3 took 0.009216 ms
iteration 4 took 0.008192 ms
iteration 5 took 0.009216 ms
iteration 6 took 0.008192 ms
iteration 7 took 0.009216 ms
iteration 8 took 0.009216 ms
iteration 9 took 0.009120 ms
iteration 10 took 0.009216 ms
iteration 11 took 0.009056 ms
iteration 12 took 0.009216 ms
iteration 13 took 0.008192 ms
iteration 14 took 0.009216 ms
iteration 15 took 0.009216 ms
iteration 16 took 0.009216 ms
iteration 17 took 0.009216 ms
iteration 18 took 0.009152 ms
iteration 19 took 0.009216 ms
Executed 20 iterations, floating point operations: 2193896 average time: 0.009043 ms variance: 0.000000 ms
average GFLOP/s: 242.594204
Effective bandwidth: 1477.610721 GB/s
checking results...
The algorithm works good :)
Operation done. Cleaning heap and VRAM...

Launching SPVM on matrix ../data/language.mtx
Matrix read successfully :)
Converting into CSR ... 
generating input and output vectors for the moltiplication... 
copying data in the CUDA memory... 
The algorithm will launch with 365 blocks, 384 threads, 4 shared memory per block
performing matrix to vector multiplication...
iteration 0 took 0.013280 ms
iteration 1 took 0.013312 ms
iteration 2 took 0.013088 ms
iteration 3 took 0.013312 ms
iteration 4 took 0.013280 ms
iteration 5 took 0.012288 ms
iteration 6 took 0.012288 ms
iteration 7 took 0.013312 ms
iteration 8 took 0.012352 ms
iteration 9 took 0.013312 ms
iteration 10 took 0.013088 ms
iteration 11 took 0.013312 ms
iteration 12 took 0.013312 ms
iteration 13 took 0.013152 ms
iteration 14 took 0.012352 ms
iteration 15 took 0.013312 ms
iteration 16 took 0.013248 ms
iteration 17 took 0.013120 ms
iteration 18 took 0.012288 ms
iteration 19 took 0.012288 ms
Executed 20 iterations, floating point operations: 2432668 average time: 0.012957 ms variance: 0.000000 ms
average GFLOP/s: 187.744309
Effective bandwidth: 1496.106361 GB/s
checking results...
The algorithm works good :)
Operation done. Cleaning heap and VRAM...

Launching SPVM on matrix ../data/Linux_call_graph.mtx
Matrix read successfully :)
Converting into CSR ... 
generating input and output vectors for the moltiplication... 
copying data in the CUDA memory... 
The algorithm will launch with 363 blocks, 384 threads, 4 shared memory per block
performing matrix to vector multiplication...
iteration 0 took 0.553984 ms
iteration 1 took 0.551936 ms
iteration 2 took 0.552736 ms
iteration 3 took 0.551936 ms
iteration 4 took 0.550912 ms
iteration 5 took 0.555008 ms
iteration 6 took 0.552960 ms
iteration 7 took 0.552960 ms
iteration 8 took 0.550912 ms
iteration 9 took 0.557056 ms
iteration 10 took 0.546816 ms
iteration 11 took 0.548864 ms
iteration 12 took 0.547840 ms
iteration 13 took 0.548864 ms
iteration 14 took 0.549888 ms
iteration 15 took 0.553984 ms
iteration 16 took 0.551936 ms
iteration 17 took 0.552960 ms
iteration 18 took 0.552832 ms
iteration 19 took 0.551936 ms
Executed 20 iterations, floating point operations: 2417816 average time: 0.551811 ms variance: 0.000006 ms
average GFLOP/s: 4.381604
Effective bandwidth: 33.337367 GB/s
checking results...
The algorithm works good :)
Operation done. Cleaning heap and VRAM...

Launching SPVM on matrix ../data/nemeth24.mtx
Matrix read successfully :)
Converting into CSR ... 
generating input and output vectors for the moltiplication... 
copying data in the CUDA memory... 
The algorithm will launch with 227 blocks, 384 threads, 4 shared memory per block
performing matrix to vector multiplication...
iteration 0 took 0.008192 ms
iteration 1 took 0.007168 ms
iteration 2 took 0.008160 ms
iteration 3 took 0.008192 ms
iteration 4 took 0.007168 ms
iteration 5 took 0.007328 ms
iteration 6 took 0.008192 ms
iteration 7 took 0.007392 ms
iteration 8 took 0.008192 ms
iteration 9 took 0.007968 ms
iteration 10 took 0.007392 ms
iteration 11 took 0.008192 ms
iteration 12 took 0.007968 ms
iteration 13 took 0.007168 ms
iteration 14 took 0.008192 ms
iteration 15 took 0.008192 ms
iteration 16 took 0.007168 ms
iteration 17 took 0.008192 ms
iteration 18 took 0.008192 ms
iteration 19 took 0.007168 ms
Executed 20 iterations, floating point operations: 1516056 average time: 0.007775 ms variance: 0.000000 ms
average GFLOP/s: 194.982377
Effective bandwidth: 1184.565242 GB/s
checking results...
The algorithm works good :)
Operation done. Cleaning heap and VRAM...

Launching SPVM on matrix ../data/twotone.mtx
Matrix read successfully :)
Converting into CSR ... 
generating input and output vectors for the moltiplication... 
copying data in the CUDA memory... 
The algorithm will launch with 367 blocks, 384 threads, 4 shared memory per block
performing matrix to vector multiplication...
iteration 0 took 0.013088 ms
iteration 1 took 0.012288 ms
iteration 2 took 0.012288 ms
iteration 3 took 0.013312 ms
iteration 4 took 0.012288 ms
iteration 5 took 0.012288 ms
iteration 6 took 0.013120 ms
iteration 7 took 0.012192 ms
iteration 8 took 0.012288 ms
iteration 9 took 0.012288 ms
iteration 10 took 0.011264 ms
iteration 11 took 0.012288 ms
iteration 12 took 0.012288 ms
iteration 13 took 0.012288 ms
iteration 14 took 0.012288 ms
iteration 15 took 0.012288 ms
iteration 16 took 0.012288 ms
iteration 17 took 0.012288 ms
iteration 18 took 0.013312 ms
iteration 19 took 0.013184 ms
Executed 20 iterations, floating point operations: 2448448 average time: 0.012451 ms variance: 0.000000 ms
average GFLOP/s: 196.640363
Effective bandwidth: 1296.214626 GB/s
checking results...
The algorithm works good :)
Operation done. Cleaning heap and VRAM...

 
