Sat May 17 22:18:53 2025       
+-----------------------------------------------------------------------------------------+
| NVIDIA-SMI 550.54.15              Driver Version: 550.54.15      CUDA Version: 12.4     |
|-----------------------------------------+------------------------+----------------------+
| GPU  Name                 Persistence-M | Bus-Id          Disp.A | Volatile Uncorr. ECC |
| Fan  Temp   Perf          Pwr:Usage/Cap |           Memory-Usage | GPU-Util  Compute M. |
|                                         |                        |               MIG M. |
|=========================================+========================+======================|
|   0  NVIDIA L40S                    On  |   00000000:C1:00.0 Off |                    0 |
| N/A   27C    P8             32W /  350W |       0MiB /  46068MiB |      0%      Default |
|                                         |                        |                  N/A |
+-----------------------------------------+------------------------+----------------------+
                                                                                         
+-----------------------------------------------------------------------------------------+
| Processes:                                                                              |
|  GPU   GI   CI        PID   Type   Process name                              GPU Memory |
|        ID   ID                                                               Usage      |
|=========================================================================================|
|  No running processes found                                                             |
+-----------------------------------------------------------------------------------------+
 
---------- Processing matrices  ----------
Launching algorithm with 128 blocks and 128 threads on matrix ../data/dbir2.mtx
Matrix read successfully :)
Converting into CSR ... 
generating input and output vectors for the moltiplication... 
copying data in the CUDA memory... 
performing matrix to vector multiplication...
iteration 0 took 0.009216 ms
iteration 1 took 0.009088 ms
iteration 2 took 0.009216 ms
iteration 3 took 0.009344 ms
iteration 4 took 0.009216 ms
iteration 5 took 0.009216 ms
iteration 6 took 0.009216 ms
iteration 7 took 0.009216 ms
iteration 8 took 0.009216 ms
iteration 9 took 0.009216 ms
iteration 10 took 0.009120 ms
iteration 11 took 0.009216 ms
iteration 12 took 0.009216 ms
iteration 13 took 0.009216 ms
iteration 14 took 0.009216 ms
iteration 15 took 0.009248 ms
iteration 16 took 0.009216 ms
iteration 17 took 0.009216 ms
iteration 18 took 0.009216 ms
iteration 19 took 0.009216 ms
Executed 20 iterations, floating point operations: 2316318 average time: 0.009213 ms variance: 0.000000 ms
average GFLOP/s: 251.427054
Effective bandwidth: 1533.188372 GB/s
checking results...
The algorithm works good :)
Operation done. Cleaning heap and VRAM...

Launching algorithm with 128 blocks and 128 threads on matrix ../data/ifiss_mat.mtx
Error during matrix reading phase: cannot open file
Launching algorithm with 128 blocks and 128 threads on matrix ../data/ex11.mtx
Matrix read successfully :)
Converting into CSR ... 
generating input and output vectors for the moltiplication... 
copying data in the CUDA memory... 
performing matrix to vector multiplication...
iteration 0 took 0.011264 ms
iteration 1 took 0.010464 ms
iteration 2 took 0.010432 ms
iteration 3 took 0.010240 ms
iteration 4 took 0.011168 ms
iteration 5 took 0.010240 ms
iteration 6 took 0.010464 ms
iteration 7 took 0.010240 ms
iteration 8 took 0.010240 ms
iteration 9 took 0.010240 ms
iteration 10 took 0.010240 ms
iteration 11 took 0.010304 ms
iteration 12 took 0.010240 ms
iteration 13 took 0.010368 ms
iteration 14 took 0.010240 ms
iteration 15 took 0.010240 ms
iteration 16 took 0.010240 ms
iteration 17 took 0.010176 ms
iteration 18 took 0.010240 ms
iteration 19 took 0.010240 ms
Executed 20 iterations, floating point operations: 2193896 average time: 0.010372 ms variance: 0.000000 ms
average GFLOP/s: 211.519601
Effective bandwidth: 1288.339226 GB/s
checking results...
The algorithm works good :)
Operation done. Cleaning heap and VRAM...

Launching algorithm with 128 blocks and 128 threads on matrix ../data/language.mtx
Matrix read successfully :)
Converting into CSR ... 
generating input and output vectors for the moltiplication... 
copying data in the CUDA memory... 
performing matrix to vector multiplication...
iteration 0 took 0.038912 ms
iteration 1 took 0.038912 ms
iteration 2 took 0.037888 ms
iteration 3 took 0.038912 ms
iteration 4 took 0.038656 ms
iteration 5 took 0.037888 ms
iteration 6 took 0.038912 ms
iteration 7 took 0.038912 ms
iteration 8 took 0.037888 ms
iteration 9 took 0.038912 ms
iteration 10 took 0.038880 ms
iteration 11 took 0.037888 ms
iteration 12 took 0.037888 ms
iteration 13 took 0.038912 ms
iteration 14 took 0.038912 ms
iteration 15 took 0.038688 ms
iteration 16 took 0.038624 ms
iteration 17 took 0.038880 ms
iteration 18 took 0.037888 ms
iteration 19 took 0.038912 ms
Executed 20 iterations, floating point operations: 2432668 average time: 0.038561 ms variance: 0.000000 ms
average GFLOP/s: 63.086959
Effective bandwidth: 502.730554 GB/s
checking results...
The algorithm works good :)
Operation done. Cleaning heap and VRAM...

Launching algorithm with 128 blocks and 128 threads on matrix ../data/Linux_call_graph.mtx
Matrix read successfully :)
Converting into CSR ... 
generating input and output vectors for the moltiplication... 
copying data in the CUDA memory... 
performing matrix to vector multiplication...
iteration 0 took 1.129376 ms
iteration 1 took 1.131520 ms
iteration 2 took 1.128448 ms
iteration 3 took 1.129472 ms
iteration 4 took 1.128448 ms
iteration 5 took 1.128448 ms
iteration 6 took 1.128448 ms
iteration 7 took 1.128448 ms
iteration 8 took 1.128448 ms
iteration 9 took 1.130400 ms
iteration 10 took 1.128448 ms
iteration 11 took 1.129472 ms
iteration 12 took 1.128448 ms
iteration 13 took 1.129472 ms
iteration 14 took 1.129472 ms
iteration 15 took 1.128256 ms
iteration 16 took 1.129472 ms
iteration 17 took 1.129472 ms
iteration 18 took 1.127424 ms
iteration 19 took 1.128448 ms
Executed 20 iterations, floating point operations: 2417816 average time: 1.128992 ms variance: 0.000001 ms
average GFLOP/s: 2.141571
Effective bandwidth: 16.294111 GB/s
checking results...
The algorithm works good :)
Operation done. Cleaning heap and VRAM...

Launching algorithm with 128 blocks and 128 threads on matrix ../data/nemeth24.mtx
Matrix read successfully :)
Converting into CSR ... 
generating input and output vectors for the moltiplication... 
copying data in the CUDA memory... 
performing matrix to vector multiplication...
iteration 0 took 0.008192 ms
iteration 1 took 0.007168 ms
iteration 2 took 0.008192 ms
iteration 3 took 0.008032 ms
iteration 4 took 0.008064 ms
iteration 5 took 0.008192 ms
iteration 6 took 0.007424 ms
iteration 7 took 0.008192 ms
iteration 8 took 0.007168 ms
iteration 9 took 0.007168 ms
iteration 10 took 0.007168 ms
iteration 11 took 0.008160 ms
iteration 12 took 0.008064 ms
iteration 13 took 0.008192 ms
iteration 14 took 0.007168 ms
iteration 15 took 0.007168 ms
iteration 16 took 0.007168 ms
iteration 17 took 0.008000 ms
iteration 18 took 0.008192 ms
iteration 19 took 0.008192 ms
Executed 20 iterations, floating point operations: 1516056 average time: 0.007749 ms variance: 0.000000 ms
average GFLOP/s: 195.646607
Effective bandwidth: 1188.600602 GB/s
checking results...
The algorithm works good :)
Operation done. Cleaning heap and VRAM...

Launching algorithm with 128 blocks and 128 threads on matrix ../data/twotone.mtx
Matrix read successfully :)
Converting into CSR ... 
generating input and output vectors for the moltiplication... 
copying data in the CUDA memory... 
performing matrix to vector multiplication...
iteration 0 took 0.020480 ms
iteration 1 took 0.020448 ms
iteration 2 took 0.020256 ms
iteration 3 took 0.020480 ms
iteration 4 took 0.019456 ms
iteration 5 took 0.019456 ms
iteration 6 took 0.020352 ms
iteration 7 took 0.020384 ms
iteration 8 took 0.019616 ms
iteration 9 took 0.019456 ms
iteration 10 took 0.019456 ms
iteration 11 took 0.020256 ms
iteration 12 took 0.020192 ms
iteration 13 took 0.020320 ms
iteration 14 took 0.020320 ms
iteration 15 took 0.020416 ms
iteration 16 took 0.020480 ms
iteration 17 took 0.020480 ms
iteration 18 took 0.020480 ms
iteration 19 took 0.020480 ms
Executed 20 iterations, floating point operations: 2448448 average time: 0.020159 ms variance: 0.000000 ms
average GFLOP/s: 121.455746
Effective bandwidth: 800.612407 GB/s
checking results...
The algorithm works good :)
Operation done. Cleaning heap and VRAM...

 
