Sat May 17 22:18:29 2025       
+-----------------------------------------------------------------------------------------+
| NVIDIA-SMI 550.54.15              Driver Version: 550.54.15      CUDA Version: 12.4     |
|-----------------------------------------+------------------------+----------------------+
| GPU  Name                 Persistence-M | Bus-Id          Disp.A | Volatile Uncorr. ECC |
| Fan  Temp   Perf          Pwr:Usage/Cap |           Memory-Usage | GPU-Util  Compute M. |
|                                         |                        |               MIG M. |
|=========================================+========================+======================|
|   0  NVIDIA L40S                    On  |   00000000:C1:00.0 Off |                    0 |
| N/A   27C    P8             32W /  350W |       0MiB /  46068MiB |      0%      Default |
|                                         |                        |                  N/A |
+-----------------------------------------+------------------------+----------------------+
                                                                                         
+-----------------------------------------------------------------------------------------+
| Processes:                                                                              |
|  GPU   GI   CI        PID   Type   Process name                              GPU Memory |
|        ID   ID                                                               Usage      |
|=========================================================================================|
|  No running processes found                                                             |
+-----------------------------------------------------------------------------------------+
 
---------- Processing matrices  ----------
Launching algorithm with 128 blocks and 128 threads on matrix ../data/dbir2.mtx
Matrix read successfully :)
Converting into CSR ... 
generating input and output vectors for the moltiplication... 
copying data in the CUDA memory... 
performing matrix to vector multiplication...
iteration 0 took 0.011264 ms
iteration 1 took 0.011264 ms
iteration 2 took 0.011168 ms
iteration 3 took 0.011392 ms
iteration 4 took 0.010240 ms
iteration 5 took 0.010240 ms
iteration 6 took 0.011040 ms
iteration 7 took 0.011136 ms
iteration 8 took 0.011136 ms
iteration 9 took 0.011200 ms
iteration 10 took 0.011232 ms
iteration 11 took 0.011264 ms
iteration 12 took 0.011264 ms
iteration 13 took 0.010240 ms
iteration 14 took 0.010240 ms
iteration 15 took 0.011008 ms
iteration 16 took 0.011200 ms
iteration 17 took 0.010976 ms
iteration 18 took 0.011136 ms
iteration 19 took 0.011264 ms
Executed 20 iterations, floating point operations: 2316318 average time: 0.010988 ms variance: 0.000000 ms
average GFLOP/s: 210.802688
Effective bandwidth: 1285.463215 GB/s
checking results...
The algorithm works good :)
Operation done. Cleaning heap and VRAM...

Launching algorithm with 128 blocks and 128 threads on matrix ../data/ifiss_mat.mtx
Error during matrix reading phase: cannot open file
Launching algorithm with 128 blocks and 128 threads on matrix ../data/ex11.mtx
Matrix read successfully :)
Converting into CSR ... 
generating input and output vectors for the moltiplication... 
copying data in the CUDA memory... 
performing matrix to vector multiplication...
iteration 0 took 0.011360 ms
iteration 1 took 0.011200 ms
iteration 2 took 0.011264 ms
iteration 3 took 0.011264 ms
iteration 4 took 0.011264 ms
iteration 5 took 0.011264 ms
iteration 6 took 0.011264 ms
iteration 7 took 0.011264 ms
iteration 8 took 0.011264 ms
iteration 9 took 0.011264 ms
iteration 10 took 0.011264 ms
iteration 11 took 0.011264 ms
iteration 12 took 0.011072 ms
iteration 13 took 0.011168 ms
iteration 14 took 0.011264 ms
iteration 15 took 0.011264 ms
iteration 16 took 0.011264 ms
iteration 17 took 0.011008 ms
iteration 18 took 0.011168 ms
iteration 19 took 0.011264 ms
Executed 20 iterations, floating point operations: 2193896 average time: 0.011233 ms variance: 0.000000 ms
average GFLOP/s: 195.302185
Effective bandwidth: 1189.560992 GB/s
checking results...
The algorithm works good :)
Operation done. Cleaning heap and VRAM...

Launching algorithm with 128 blocks and 128 threads on matrix ../data/language.mtx
Matrix read successfully :)
Converting into CSR ... 
generating input and output vectors for the moltiplication... 
copying data in the CUDA memory... 
performing matrix to vector multiplication...
iteration 0 took 0.067584 ms
iteration 1 took 0.068544 ms
iteration 2 took 0.068608 ms
iteration 3 took 0.068608 ms
iteration 4 took 0.068640 ms
iteration 5 took 0.067584 ms
iteration 6 took 0.067584 ms
iteration 7 took 0.067872 ms
iteration 8 took 0.067840 ms
iteration 9 took 0.068608 ms
iteration 10 took 0.067584 ms
iteration 11 took 0.068608 ms
iteration 12 took 0.068608 ms
iteration 13 took 0.068608 ms
iteration 14 took 0.067808 ms
iteration 15 took 0.067584 ms
iteration 16 took 0.067584 ms
iteration 17 took 0.067584 ms
iteration 18 took 0.067584 ms
iteration 19 took 0.068608 ms
Executed 20 iterations, floating point operations: 2432668 average time: 0.068080 ms variance: 0.000000 ms
average GFLOP/s: 35.732541
Effective bandwidth: 284.747287 GB/s
checking results...
The algorithm works good :)
Operation done. Cleaning heap and VRAM...

Launching algorithm with 128 blocks and 128 threads on matrix ../data/Linux_call_graph.mtx
Matrix read successfully :)
Converting into CSR ... 
generating input and output vectors for the moltiplication... 
copying data in the CUDA memory... 
performing matrix to vector multiplication...
iteration 0 took 3.300352 ms
iteration 1 took 3.304448 ms
iteration 2 took 3.301376 ms
iteration 3 took 3.301376 ms
iteration 4 took 3.301376 ms
iteration 5 took 3.300352 ms
iteration 6 took 3.301376 ms
iteration 7 took 3.301344 ms
iteration 8 took 3.300352 ms
iteration 9 took 3.301408 ms
iteration 10 took 3.300352 ms
iteration 11 took 3.301376 ms
iteration 12 took 3.300352 ms
iteration 13 took 3.300352 ms
iteration 14 took 3.300352 ms
iteration 15 took 3.300352 ms
iteration 16 took 3.301376 ms
iteration 17 took 3.300352 ms
iteration 18 took 3.300352 ms
iteration 19 took 3.300352 ms
Executed 20 iterations, floating point operations: 2417816 average time: 3.300966 ms variance: 0.000001 ms
average GFLOP/s: 0.732457
Effective bandwidth: 5.572888 GB/s
checking results...
The algorithm works good :)
Operation done. Cleaning heap and VRAM...

Launching algorithm with 128 blocks and 128 threads on matrix ../data/nemeth24.mtx
Matrix read successfully :)
Converting into CSR ... 
generating input and output vectors for the moltiplication... 
copying data in the CUDA memory... 
performing matrix to vector multiplication...
iteration 0 took 0.008192 ms
iteration 1 took 0.008192 ms
iteration 2 took 0.008032 ms
iteration 3 took 0.008256 ms
iteration 4 took 0.007392 ms
iteration 5 took 0.008192 ms
iteration 6 took 0.008192 ms
iteration 7 took 0.008192 ms
iteration 8 took 0.007168 ms
iteration 9 took 0.007168 ms
iteration 10 took 0.007168 ms
iteration 11 took 0.008096 ms
iteration 12 took 0.008192 ms
iteration 13 took 0.008160 ms
iteration 14 took 0.008192 ms
iteration 15 took 0.007168 ms
iteration 16 took 0.007168 ms
iteration 17 took 0.007168 ms
iteration 18 took 0.007328 ms
iteration 19 took 0.007904 ms
Executed 20 iterations, floating point operations: 1516056 average time: 0.007762 ms variance: 0.000000 ms
average GFLOP/s: 195.322353
Effective bandwidth: 1186.630679 GB/s
checking results...
The algorithm works good :)
Operation done. Cleaning heap and VRAM...

Launching algorithm with 128 blocks and 128 threads on matrix ../data/twotone.mtx
Matrix read successfully :)
Converting into CSR ... 
generating input and output vectors for the moltiplication... 
copying data in the CUDA memory... 
performing matrix to vector multiplication...
iteration 0 took 0.033664 ms
iteration 1 took 0.033504 ms
iteration 2 took 0.033632 ms
iteration 3 took 0.033600 ms
iteration 4 took 0.032768 ms
iteration 5 took 0.032768 ms
iteration 6 took 0.032768 ms
iteration 7 took 0.033024 ms
iteration 8 took 0.032800 ms
iteration 9 took 0.032768 ms
iteration 10 took 0.033504 ms
iteration 11 took 0.032768 ms
iteration 12 took 0.032768 ms
iteration 13 took 0.032768 ms
iteration 14 took 0.033632 ms
iteration 15 took 0.033792 ms
iteration 16 took 0.033792 ms
iteration 17 took 0.033792 ms
iteration 18 took 0.032768 ms
iteration 19 took 0.033504 ms
Executed 20 iterations, floating point operations: 2448448 average time: 0.033216 ms variance: 0.000000 ms
average GFLOP/s: 73.712074
Effective bandwidth: 485.895506 GB/s
checking results...
The algorithm works good :)
Operation done. Cleaning heap and VRAM...

 
