Sun May 18 14:54:16 2025       
+-----------------------------------------------------------------------------------------+
| NVIDIA-SMI 550.144.03             Driver Version: 550.144.03     CUDA Version: 12.4     |
|-----------------------------------------+------------------------+----------------------+
| GPU  Name                 Persistence-M | Bus-Id          Disp.A | Volatile Uncorr. ECC |
| Fan  Temp   Perf          Pwr:Usage/Cap |           Memory-Usage | GPU-Util  Compute M. |
|                                         |                        |               MIG M. |
|=========================================+========================+======================|
|   0  NVIDIA A30                     On  |   00000000:17:00.0 Off |                    0 |
| N/A   31C    P0             28W /  165W |       1MiB /  24576MiB |      0%      Default |
|                                         |                        |             Disabled |
+-----------------------------------------+------------------------+----------------------+
                                                                                         
+-----------------------------------------------------------------------------------------+
| Processes:                                                                              |
|  GPU   GI   CI        PID   Type   Process name                              GPU Memory |
|        ID   ID                                                               Usage      |
|=========================================================================================|
|  No running processes found                                                             |
+-----------------------------------------------------------------------------------------+
 
---------- Processing matrices  ----------
Launching algorithm with 256 blocks and 512 threads on matrix ../data/dbir2.mtx
Matrix read successfully :)
Converting into CSR ... 
generating input and output vectors for the moltiplication... 
copying data in the CUDA memory... 
performing matrix to vector multiplication...
iteration 0 took 0.016384 ms
iteration 1 took 0.015360 ms
iteration 2 took 0.014336 ms
iteration 3 took 0.015360 ms
iteration 4 took 0.014336 ms
iteration 5 took 0.015360 ms
iteration 6 took 0.014336 ms
iteration 7 took 0.015360 ms
iteration 8 took 0.015360 ms
iteration 9 took 0.015360 ms
iteration 10 took 0.015360 ms
iteration 11 took 0.015360 ms
iteration 12 took 0.015360 ms
iteration 13 took 0.015360 ms
iteration 14 took 0.014336 ms
iteration 15 took 0.015360 ms
iteration 16 took 0.015360 ms
iteration 17 took 0.014336 ms
iteration 18 took 0.015360 ms
iteration 19 took 0.015360 ms
Executed 20 iterations, floating point operations: 2316318 average time: 0.015146 ms variance: 0.000000 ms
average GFLOP/s: 152.931287
Effective bandwidth: 932.566590 GB/s
checking results...
The algorithm works good :)
Operation done. Cleaning heap and VRAM...

Launching algorithm with 256 blocks and 512 threads on matrix ../data/ifiss_mat.mtx
Error during matrix reading phase: cannot open file
Launching algorithm with 256 blocks and 512 threads on matrix ../data/ex11.mtx
Matrix read successfully :)
Converting into CSR ... 
generating input and output vectors for the moltiplication... 
copying data in the CUDA memory... 
performing matrix to vector multiplication...
iteration 0 took 0.030720 ms
iteration 1 took 0.030720 ms
iteration 2 took 0.030720 ms
iteration 3 took 0.029696 ms
iteration 4 took 0.029696 ms
iteration 5 took 0.029696 ms
iteration 6 took 0.030720 ms
iteration 7 took 0.031744 ms
iteration 8 took 0.029696 ms
iteration 9 took 0.032768 ms
iteration 10 took 0.030720 ms
iteration 11 took 0.030720 ms
iteration 12 took 0.029696 ms
iteration 13 took 0.030720 ms
iteration 14 took 0.030720 ms
iteration 15 took 0.031744 ms
iteration 16 took 0.031744 ms
iteration 17 took 0.031744 ms
iteration 18 took 0.029696 ms
iteration 19 took 0.030720 ms
Executed 20 iterations, floating point operations: 2193896 average time: 0.030708 ms variance: 0.000001 ms
average GFLOP/s: 71.443427
Effective bandwidth: 435.152911 GB/s
checking results...
The algorithm works good :)
Operation done. Cleaning heap and VRAM...

Launching algorithm with 256 blocks and 512 threads on matrix ../data/language.mtx
Matrix read successfully :)
Converting into CSR ... 
generating input and output vectors for the moltiplication... 
copying data in the CUDA memory... 
performing matrix to vector multiplication...
iteration 0 took 0.079872 ms
iteration 1 took 0.073728 ms
iteration 2 took 0.080896 ms
iteration 3 took 0.074752 ms
iteration 4 took 0.077824 ms
iteration 5 took 0.079872 ms
iteration 6 took 0.077824 ms
iteration 7 took 0.073728 ms
iteration 8 took 0.080896 ms
iteration 9 took 0.076800 ms
iteration 10 took 0.078848 ms
iteration 11 took 0.076800 ms
iteration 12 took 0.074752 ms
iteration 13 took 0.073728 ms
iteration 14 took 0.080896 ms
iteration 15 took 0.075776 ms
iteration 16 took 0.075776 ms
iteration 17 took 0.078848 ms
iteration 18 took 0.079872 ms
iteration 19 took 0.077824 ms
Executed 20 iterations, floating point operations: 2432668 average time: 0.077427 ms variance: 0.000006 ms
average GFLOP/s: 31.418979
Effective bandwidth: 250.373148 GB/s
checking results...
The algorithm works good :)
Operation done. Cleaning heap and VRAM...

Launching algorithm with 256 blocks and 512 threads on matrix ../data/Linux_call_graph.mtx
Matrix read successfully :)
Converting into CSR ... 
generating input and output vectors for the moltiplication... 
copying data in the CUDA memory... 
performing matrix to vector multiplication...
iteration 0 took 2.821120 ms
iteration 1 took 2.816000 ms
iteration 2 took 2.822144 ms
iteration 3 took 2.822144 ms
iteration 4 took 2.819072 ms
iteration 5 took 2.822144 ms
iteration 6 took 2.821120 ms
iteration 7 took 2.821120 ms
iteration 8 took 2.817024 ms
iteration 9 took 2.827264 ms
iteration 10 took 2.812928 ms
iteration 11 took 2.816000 ms
iteration 12 took 2.812928 ms
iteration 13 took 2.818048 ms
iteration 14 took 2.822144 ms
iteration 15 took 2.819072 ms
iteration 16 took 2.819072 ms
iteration 17 took 2.821120 ms
iteration 18 took 2.822144 ms
iteration 19 took 2.826240 ms
Executed 20 iterations, floating point operations: 2417816 average time: 2.819940 ms variance: 0.000014 ms
average GFLOP/s: 0.857400
Effective bandwidth: 6.523513 GB/s
checking results...
The algorithm works good :)
Operation done. Cleaning heap and VRAM...

Launching algorithm with 256 blocks and 512 threads on matrix ../data/nemeth24.mtx
Matrix read successfully :)
Converting into CSR ... 
generating input and output vectors for the moltiplication... 
copying data in the CUDA memory... 
performing matrix to vector multiplication...
iteration 0 took 0.033792 ms
iteration 1 took 0.034816 ms
iteration 2 took 0.034816 ms
iteration 3 took 0.034816 ms
iteration 4 took 0.034816 ms
iteration 5 took 0.035840 ms
iteration 6 took 0.034816 ms
iteration 7 took 0.034816 ms
iteration 8 took 0.034816 ms
iteration 9 took 0.034816 ms
iteration 10 took 0.034816 ms
iteration 11 took 0.034816 ms
iteration 12 took 0.035840 ms
iteration 13 took 0.035840 ms
iteration 14 took 0.034816 ms
iteration 15 took 0.033792 ms
iteration 16 took 0.034816 ms
iteration 17 took 0.034816 ms
iteration 18 took 0.034816 ms
iteration 19 took 0.035840 ms
Executed 20 iterations, floating point operations: 1516056 average time: 0.034914 ms variance: 0.000000 ms
average GFLOP/s: 43.422521
Effective bandwidth: 263.802350 GB/s
checking results...
The algorithm works good :)
Operation done. Cleaning heap and VRAM...

Launching algorithm with 256 blocks and 512 threads on matrix ../data/twotone.mtx
Matrix read successfully :)
Converting into CSR ... 
generating input and output vectors for the moltiplication... 
copying data in the CUDA memory... 
performing matrix to vector multiplication...
iteration 0 took 0.053248 ms
iteration 1 took 0.055296 ms
iteration 2 took 0.055296 ms
iteration 3 took 0.057344 ms
iteration 4 took 0.055296 ms
iteration 5 took 0.054272 ms
iteration 6 took 0.054272 ms
iteration 7 took 0.054272 ms
iteration 8 took 0.057344 ms
iteration 9 took 0.056320 ms
iteration 10 took 0.055296 ms
iteration 11 took 0.058368 ms
iteration 12 took 0.054272 ms
iteration 13 took 0.054272 ms
iteration 14 took 0.055296 ms
iteration 15 took 0.056320 ms
iteration 16 took 0.054272 ms
iteration 17 took 0.054272 ms
iteration 18 took 0.051200 ms
iteration 19 took 0.056320 ms
Executed 20 iterations, floating point operations: 2448448 average time: 0.055120 ms variance: 0.000003 ms
average GFLOP/s: 44.420180
Effective bandwidth: 292.809099 GB/s
checking results...
The algorithm works good :)
Operation done. Cleaning heap and VRAM...

 
