Sun May 18 14:56:46 2025       
+-----------------------------------------------------------------------------------------+
| NVIDIA-SMI 550.144.03             Driver Version: 550.144.03     CUDA Version: 12.4     |
|-----------------------------------------+------------------------+----------------------+
| GPU  Name                 Persistence-M | Bus-Id          Disp.A | Volatile Uncorr. ECC |
| Fan  Temp   Perf          Pwr:Usage/Cap |           Memory-Usage | GPU-Util  Compute M. |
|                                         |                        |               MIG M. |
|=========================================+========================+======================|
|   0  NVIDIA A30                     On  |   00000000:17:00.0 Off |                    0 |
| N/A   31C    P0             29W /  165W |       1MiB /  24576MiB |      0%      Default |
|                                         |                        |             Disabled |
+-----------------------------------------+------------------------+----------------------+
                                                                                         
+-----------------------------------------------------------------------------------------+
| Processes:                                                                              |
|  GPU   GI   CI        PID   Type   Process name                              GPU Memory |
|        ID   ID                                                               Usage      |
|=========================================================================================|
|  No running processes found                                                             |
+-----------------------------------------------------------------------------------------+
 
---------- Processing matrices  ----------
Launching algorithm with 256 blocks and 512 threads on matrix ../data/dbir2.mtx
Matrix read successfully :)
Converting into CSR ... 
generating input and output vectors for the moltiplication... 
copying data in the CUDA memory... 
performing matrix to vector multiplication...
iteration 0 took 0.068608 ms
iteration 1 took 0.064512 ms
iteration 2 took 0.067584 ms
iteration 3 took 0.067584 ms
iteration 4 took 0.071680 ms
iteration 5 took 0.065536 ms
iteration 6 took 0.066560 ms
iteration 7 took 0.068608 ms
iteration 8 took 0.067584 ms
iteration 9 took 0.069632 ms
iteration 10 took 0.065536 ms
iteration 11 took 0.063488 ms
iteration 12 took 0.062464 ms
iteration 13 took 0.065536 ms
iteration 14 took 0.068608 ms
iteration 15 took 0.065536 ms
iteration 16 took 0.065536 ms
iteration 17 took 0.065536 ms
iteration 18 took 0.063488 ms
iteration 19 took 0.066560 ms
Executed 20 iterations, floating point operations: 2316318 average time: 0.066472 ms variance: 0.000005 ms
average GFLOP/s: 34.846330
Effective bandwidth: 212.491010 GB/s
checking results...
The algorithm works good :)
Operation done. Cleaning heap and VRAM...

Launching algorithm with 256 blocks and 512 threads on matrix ../data/ifiss_mat.mtx
Error during matrix reading phase: cannot open file
Launching algorithm with 256 blocks and 512 threads on matrix ../data/ex11.mtx
Matrix read successfully :)
Converting into CSR ... 
generating input and output vectors for the moltiplication... 
copying data in the CUDA memory... 
performing matrix to vector multiplication...
iteration 0 took 0.107520 ms
iteration 1 took 0.104448 ms
iteration 2 took 0.104448 ms
iteration 3 took 0.099328 ms
iteration 4 took 0.107520 ms
iteration 5 took 0.103424 ms
iteration 6 took 0.104448 ms
iteration 7 took 0.103424 ms
iteration 8 took 0.106496 ms
iteration 9 took 0.106496 ms
iteration 10 took 0.102400 ms
iteration 11 took 0.105472 ms
iteration 12 took 0.101376 ms
iteration 13 took 0.110592 ms
iteration 14 took 0.103424 ms
iteration 15 took 0.103424 ms
iteration 16 took 0.103424 ms
iteration 17 took 0.103424 ms
iteration 18 took 0.102400 ms
iteration 19 took 0.104448 ms
Executed 20 iterations, floating point operations: 2193896 average time: 0.104369 ms variance: 0.000006 ms
average GFLOP/s: 21.020545
Effective bandwidth: 128.033493 GB/s
checking results...
Found 12500 mismatches with max epsilon 64.000000 . Please check if your algorithm works
Operation done. Cleaning heap and VRAM...

Launching algorithm with 256 blocks and 512 threads on matrix ../data/language.mtx
Matrix read successfully :)
Converting into CSR ... 
generating input and output vectors for the moltiplication... 
copying data in the CUDA memory... 
performing matrix to vector multiplication...
iteration 0 took 1.268736 ms
iteration 1 took 1.267712 ms
iteration 2 took 1.264640 ms
iteration 3 took 1.270784 ms
iteration 4 took 1.267712 ms
iteration 5 took 1.268736 ms
iteration 6 took 1.264640 ms
iteration 7 took 1.266688 ms
iteration 8 took 1.265664 ms
iteration 9 took 1.267712 ms
iteration 10 took 1.266688 ms
iteration 11 took 1.266688 ms
iteration 12 took 1.267712 ms
iteration 13 took 1.267712 ms
iteration 14 took 1.266688 ms
iteration 15 took 1.287168 ms
iteration 16 took 1.280000 ms
iteration 17 took 1.265664 ms
iteration 18 took 1.266688 ms
iteration 19 took 1.270784 ms
Executed 20 iterations, floating point operations: 2432668 average time: 1.268930 ms variance: 0.000029 ms
average GFLOP/s: 1.917102
Effective bandwidth: 15.277098 GB/s
checking results...
Found 132 mismatches with max epsilon 0.000000 . Please check if your algorithm works
Operation done. Cleaning heap and VRAM...

Launching algorithm with 256 blocks and 512 threads on matrix ../data/Linux_call_graph.mtx
Matrix read successfully :)
Converting into CSR ... 
generating input and output vectors for the moltiplication... 
copying data in the CUDA memory... 
performing matrix to vector multiplication...
iteration 0 took 0.964608 ms
iteration 1 took 0.964608 ms
iteration 2 took 0.961536 ms
iteration 3 took 0.964608 ms
iteration 4 took 0.958464 ms
iteration 5 took 0.961536 ms
iteration 6 took 0.963584 ms
iteration 7 took 0.964608 ms
iteration 8 took 0.959488 ms
iteration 9 took 0.965632 ms
iteration 10 took 0.958464 ms
iteration 11 took 0.959488 ms
iteration 12 took 0.957440 ms
iteration 13 took 0.959488 ms
iteration 14 took 0.968704 ms
iteration 15 took 0.960512 ms
iteration 16 took 0.960512 ms
iteration 17 took 0.961536 ms
iteration 18 took 0.963584 ms
iteration 19 took 0.959488 ms
Executed 20 iterations, floating point operations: 2417816 average time: 0.961890 ms variance: 0.000009 ms
average GFLOP/s: 2.513609
Effective bandwidth: 19.124759 GB/s
checking results...
The algorithm works good :)
Operation done. Cleaning heap and VRAM...

Launching algorithm with 256 blocks and 512 threads on matrix ../data/nemeth24.mtx
Matrix read successfully :)
Converting into CSR ... 
generating input and output vectors for the moltiplication... 
copying data in the CUDA memory... 
performing matrix to vector multiplication...
iteration 0 took 0.087040 ms
iteration 1 took 0.087040 ms
iteration 2 took 0.089088 ms
iteration 3 took 0.088064 ms
iteration 4 took 0.089088 ms
iteration 5 took 0.091136 ms
iteration 6 took 0.092160 ms
iteration 7 took 0.092160 ms
iteration 8 took 0.091136 ms
iteration 9 took 0.094208 ms
iteration 10 took 0.092160 ms
iteration 11 took 0.088064 ms
iteration 12 took 0.093184 ms
iteration 13 took 0.090112 ms
iteration 14 took 0.092160 ms
iteration 15 took 0.087040 ms
iteration 16 took 0.090112 ms
iteration 17 took 0.087040 ms
iteration 18 took 0.092160 ms
iteration 19 took 0.090112 ms
Executed 20 iterations, floating point operations: 1516056 average time: 0.090136 ms variance: 0.000005 ms
average GFLOP/s: 16.819622
Effective bandwidth: 102.183286 GB/s
checking results...
Found 6078 mismatches with max epsilon 0.000001 . Please check if your algorithm works
Operation done. Cleaning heap and VRAM...

Launching algorithm with 256 blocks and 512 threads on matrix ../data/twotone.mtx
Matrix read successfully :)
Converting into CSR ... 
generating input and output vectors for the moltiplication... 
copying data in the CUDA memory... 
performing matrix to vector multiplication...
iteration 0 took 0.520192 ms
iteration 1 took 0.520192 ms
iteration 2 took 0.520192 ms
iteration 3 took 0.520192 ms
iteration 4 took 0.520192 ms
iteration 5 took 0.520192 ms
iteration 6 took 0.520192 ms
iteration 7 took 0.520192 ms
iteration 8 took 0.520192 ms
iteration 9 took 0.520192 ms
iteration 10 took 0.521216 ms
iteration 11 took 0.519168 ms
iteration 12 took 0.520192 ms
iteration 13 took 0.520192 ms
iteration 14 took 0.520192 ms
iteration 15 took 0.520192 ms
iteration 16 took 0.519168 ms
iteration 17 took 0.519168 ms
iteration 18 took 0.520192 ms
iteration 19 took 0.520192 ms
Executed 20 iterations, floating point operations: 2448448 average time: 0.520089 ms variance: 0.000000 ms
average GFLOP/s: 4.707744
Effective bandwidth: 31.032524 GB/s
checking results...
Found 5411 mismatches with max epsilon 0.001203 . Please check if your algorithm works
Operation done. Cleaning heap and VRAM...

 
