Fri Jul 18 21:52:24 2025       
+-----------------------------------------------------------------------------------------+
| NVIDIA-SMI 550.54.15              Driver Version: 550.54.15      CUDA Version: 12.4     |
|-----------------------------------------+------------------------+----------------------+
| GPU  Name                 Persistence-M | Bus-Id          Disp.A | Volatile Uncorr. ECC |
| Fan  Temp   Perf          Pwr:Usage/Cap |           Memory-Usage | GPU-Util  Compute M. |
|                                         |                        |               MIG M. |
|=========================================+========================+======================|
|   0  NVIDIA L40S                    On  |   00000000:C1:00.0 Off |                    0 |
| N/A   28C    P8             32W /  350W |       0MiB /  46068MiB |      0%      Default |
|                                         |                        |                  N/A |
+-----------------------------------------+------------------------+----------------------+
                                                                                         
+-----------------------------------------------------------------------------------------+
| Processes:                                                                              |
|  GPU   GI   CI        PID   Type   Process name                              GPU Memory |
|        ID   ID                                                               Usage      |
|=========================================================================================|
|  No running processes found                                                             |
+-----------------------------------------------------------------------------------------+
 
---------- Processing matrices  ----------
==PROF== Connected to process 3966209 (/home/vittorio.polci/GPU-Computing-2025-257817/smm-csr-parallel-6/bin/smm-csr-parallel-6)
==PROF== Profiling "vmcsr_mul" - 0 (1/1): 0%....50%....100% - 9 passes
Launching SPVM on matrix ../data/dbir2.mtx
Matrix read successfully :)
Converting into CSR ... 
generating input and output vectors for the moltiplication... 
copying data in the CUDA memory... 
The algorithm will launch with 348 blocks, 384 threads, 24576 shared memory per block
performing matrix to vector multiplication...
iteration 0 took 0.040960 ms
iteration 1 took 0.041984 ms
iteration 2 took 0.036096 ms
iteration 3 took 0.044032 ms
iteration 4 took 0.044192 ms
iteration 5 took 0.036864 ms
iteration 6 took 0.044032 ms
iteration 7 took 0.036864 ms
iteration 8 took 0.037888 ms
iteration 9 took 0.043008 ms
iteration 10 took 0.036864 ms
iteration 11 took 0.035840 ms
iteration 12 took 0.174816 ms
iteration 13 took 0.022528 ms
iteration 14 took 0.022592 ms
iteration 15 took 0.022528 ms
iteration 16 took 0.034816 ms
iteration 17 took 0.040960 ms
iteration 18 took 0.043296 ms
iteration 19 took 0.036864 ms
Executed 20 iterations, floating point operations: 2316318 average time: 0.039134 ms variance: 0.001022 ms
average GFLOP/s: 59.188753
Effective bandwidth: 369.200027 GB/s
checking results...
The algorithm works good :)
Operation done. Cleaning heap and VRAM...

==PROF== Disconnected from process 3966209
[3966209] smm-csr-parallel-6@127.0.0.1
  vmcsr_mul(Vector *, SparseMatrix *, Vector *, unsigned int *) (348, 1, 1)x(384, 1, 1), Context 1, Stream 7, Device 0, CC 8.9
    Section: Command line profiler metrics
    ---------------------------------------------------------------------------- ----------- ------------
    Metric Name                                                                  Metric Unit Metric Value
    ---------------------------------------------------------------------------- ----------- ------------
    dram__throughput.avg.pct_of_peak_sustained_elapsed                                     %        32.42
    l1tex__data_pipe_lsu_wavefronts_mem_shared.avg.pct_of_peak_sustained_elapsed           %         5.31
    sm__throughput.avg.pct_of_peak_sustained_elapsed                                       %        13.12
    sm__warps_active.avg.pct_of_peak_sustained_active                                      %        59.69
    smsp__sass_average_data_bytes_per_wavefront_mem_shared.pct                             %        50.51
    ---------------------------------------------------------------------------- ----------- ------------

==PROF== Connected to process 3966275 (/home/vittorio.polci/GPU-Computing-2025-257817/smm-csr-parallel-6/bin/smm-csr-parallel-6)
==PROF== Profiling "vmcsr_mul" - 0 (1/1): 0%....50%....100% - 9 passes
Launching SPVM on matrix ../data/ex11.mtx
Matrix read successfully :)
Converting into CSR ... 
generating input and output vectors for the moltiplication... 
copying data in the CUDA memory... 
The algorithm will launch with 329 blocks, 384 threads, 24576 shared memory per block
performing matrix to vector multiplication...
iteration 0 took 0.033792 ms
iteration 1 took 0.032896 ms
iteration 2 took 0.033792 ms
iteration 3 took 0.034816 ms
iteration 4 took 0.034816 ms
iteration 5 took 0.030720 ms
iteration 6 took 0.030752 ms
iteration 7 took 0.034816 ms
iteration 8 took 0.035072 ms
iteration 9 took 0.033792 ms
iteration 10 took 0.034016 ms
iteration 11 took 0.034816 ms
iteration 12 took 0.035072 ms
iteration 13 took 0.029952 ms
iteration 14 took 0.031744 ms
iteration 15 took 0.033792 ms
iteration 16 took 0.034816 ms
iteration 17 took 0.033792 ms
iteration 18 took 0.034816 ms
iteration 19 took 0.033856 ms
Executed 20 iterations, floating point operations: 2193896 average time: 0.033560 ms variance: 0.000002 ms
average GFLOP/s: 65.371830
Effective bandwidth: 398.171577 GB/s
checking results...
Mismatch on 0
Found 15241 mismatches with max epsilon 80.000000 . Please check if your algorithm works
Operation done. Cleaning heap and VRAM...

==PROF== Disconnected from process 3966275
[3966275] smm-csr-parallel-6@127.0.0.1
  vmcsr_mul(Vector *, SparseMatrix *, Vector *, unsigned int *) (329, 1, 1)x(384, 1, 1), Context 1, Stream 7, Device 0, CC 8.9
    Section: Command line profiler metrics
    ---------------------------------------------------------------------------- ----------- ------------
    Metric Name                                                                  Metric Unit Metric Value
    ---------------------------------------------------------------------------- ----------- ------------
    dram__throughput.avg.pct_of_peak_sustained_elapsed                                     %        60.04
    l1tex__data_pipe_lsu_wavefronts_mem_shared.avg.pct_of_peak_sustained_elapsed           %         6.19
    sm__throughput.avg.pct_of_peak_sustained_elapsed                                       %        16.77
    sm__warps_active.avg.pct_of_peak_sustained_active                                      %        56.31
    smsp__sass_average_data_bytes_per_wavefront_mem_shared.pct                             %        61.46
    ---------------------------------------------------------------------------- ----------- ------------

==PROF== Connected to process 3966344 (/home/vittorio.polci/GPU-Computing-2025-257817/smm-csr-parallel-6/bin/smm-csr-parallel-6)
==PROF== Profiling "vmcsr_mul" - 0 (1/1): 0%....50%....100% - 9 passes
Launching SPVM on matrix ../data/language.mtx
Matrix read successfully :)
Converting into CSR ... 
generating input and output vectors for the moltiplication... 
copying data in the CUDA memory... 
The algorithm will launch with 365 blocks, 384 threads, 24576 shared memory per block
performing matrix to vector multiplication...
iteration 0 took 0.034816 ms
iteration 1 took 0.046080 ms
iteration 2 took 0.037888 ms
iteration 3 took 0.044032 ms
iteration 4 took 0.037056 ms
iteration 5 took 0.035840 ms
iteration 6 took 0.045216 ms
iteration 7 took 0.038912 ms
iteration 8 took 0.044032 ms
iteration 9 took 0.035840 ms
iteration 10 took 0.021504 ms
iteration 11 took 0.021760 ms
iteration 12 took 0.020768 ms
iteration 13 took 0.041984 ms
iteration 14 took 0.039936 ms
iteration 15 took 0.035072 ms
iteration 16 took 0.049152 ms
iteration 17 took 0.037888 ms
iteration 18 took 0.043008 ms
iteration 19 took 0.036864 ms
Executed 20 iterations, floating point operations: 2432668 average time: 0.036398 ms variance: 0.000065 ms
average GFLOP/s: 66.835780
Effective bandwidth: 532.604349 GB/s
checking results...
Mismatch on 333
Found 16643 mismatches with max epsilon 0.000000 . Please check if your algorithm works
Operation done. Cleaning heap and VRAM...

==PROF== Disconnected from process 3966344
[3966344] smm-csr-parallel-6@127.0.0.1
  vmcsr_mul(Vector *, SparseMatrix *, Vector *, unsigned int *) (365, 1, 1)x(384, 1, 1), Context 1, Stream 7, Device 0, CC 8.9
    Section: Command line profiler metrics
    ---------------------------------------------------------------------------- ----------- ------------
    Metric Name                                                                  Metric Unit Metric Value
    ---------------------------------------------------------------------------- ----------- ------------
    dram__throughput.avg.pct_of_peak_sustained_elapsed                                     %        49.86
    l1tex__data_pipe_lsu_wavefronts_mem_shared.avg.pct_of_peak_sustained_elapsed           %        11.67
    sm__throughput.avg.pct_of_peak_sustained_elapsed                                       %        25.85
    sm__warps_active.avg.pct_of_peak_sustained_active                                      %        60.63
    smsp__sass_average_data_bytes_per_wavefront_mem_shared.pct                             %        43.71
    ---------------------------------------------------------------------------- ----------- ------------

==PROF== Connected to process 3966427 (/home/vittorio.polci/GPU-Computing-2025-257817/smm-csr-parallel-6/bin/smm-csr-parallel-6)
==PROF== Profiling "vmcsr_mul" - 0 (1/1): 0%....50%....100% - 9 passes
Launching SPVM on matrix ../data/Linux_call_graph.mtx
Matrix read successfully :)
Converting into CSR ... 
generating input and output vectors for the moltiplication... 
copying data in the CUDA memory... 
The algorithm will launch with 363 blocks, 384 threads, 24576 shared memory per block
performing matrix to vector multiplication...
iteration 0 took 0.066240 ms
iteration 1 took 0.079872 ms
iteration 2 took 0.069632 ms
iteration 3 took 0.069888 ms
iteration 4 took 0.073728 ms
iteration 5 took 0.076960 ms
iteration 6 took 0.068608 ms
iteration 7 took 0.068608 ms
iteration 8 took 0.075840 ms
iteration 9 took 0.068608 ms
iteration 10 took 0.070752 ms
iteration 11 took 0.068672 ms
iteration 12 took 0.054272 ms
iteration 13 took 0.052224 ms
iteration 14 took 0.054464 ms
iteration 15 took 0.060480 ms
iteration 16 took 0.077824 ms
iteration 17 took 0.069632 ms
iteration 18 took 0.067808 ms
iteration 19 took 0.074816 ms
Executed 20 iterations, floating point operations: 2417816 average time: 0.067995 ms variance: 0.000061 ms
average GFLOP/s: 35.558770
Effective bandwidth: 270.548360 GB/s
checking results...
The algorithm works good :)
Operation done. Cleaning heap and VRAM...

==PROF== Disconnected from process 3966427
[3966427] smm-csr-parallel-6@127.0.0.1
  vmcsr_mul(Vector *, SparseMatrix *, Vector *, unsigned int *) (363, 1, 1)x(384, 1, 1), Context 1, Stream 7, Device 0, CC 8.9
    Section: Command line profiler metrics
    ---------------------------------------------------------------------------- ----------- ------------
    Metric Name                                                                  Metric Unit Metric Value
    ---------------------------------------------------------------------------- ----------- ------------
    dram__throughput.avg.pct_of_peak_sustained_elapsed                                     %        16.41
    l1tex__data_pipe_lsu_wavefronts_mem_shared.avg.pct_of_peak_sustained_elapsed           %         6.61
    sm__throughput.avg.pct_of_peak_sustained_elapsed                                       %        11.93
    sm__warps_active.avg.pct_of_peak_sustained_active                                      %        48.52
    smsp__sass_average_data_bytes_per_wavefront_mem_shared.pct                             %        24.03
    ---------------------------------------------------------------------------- ----------- ------------

==PROF== Connected to process 3966498 (/home/vittorio.polci/GPU-Computing-2025-257817/smm-csr-parallel-6/bin/smm-csr-parallel-6)
==PROF== Profiling "vmcsr_mul" - 0 (1/1): 0%....50%....100% - 9 passes
Launching SPVM on matrix ../data/nemeth24.mtx
Matrix read successfully :)
Converting into CSR ... 
generating input and output vectors for the moltiplication... 
copying data in the CUDA memory... 
The algorithm will launch with 227 blocks, 384 threads, 24576 shared memory per block
performing matrix to vector multiplication...
iteration 0 took 0.025600 ms
iteration 1 took 0.021504 ms
iteration 2 took 0.022592 ms
iteration 3 took 0.012352 ms
iteration 4 took 0.012288 ms
iteration 5 took 0.013312 ms
iteration 6 took 0.025696 ms
iteration 7 took 0.028672 ms
iteration 8 took 0.023552 ms
iteration 9 took 0.022528 ms
iteration 10 took 0.027648 ms
iteration 11 took 0.027648 ms
iteration 12 took 0.024576 ms
iteration 13 took 0.021536 ms
iteration 14 took 0.022528 ms
iteration 15 took 0.028672 ms
iteration 16 took 0.026880 ms
iteration 17 took 0.023552 ms
iteration 18 took 0.022528 ms
iteration 19 took 0.026880 ms
Executed 20 iterations, floating point operations: 1516056 average time: 0.022369 ms variance: 0.000026 ms
average GFLOP/s: 67.773996
Effective bandwidth: 411.743471 GB/s
checking results...
Mismatch on 0
Found 8133 mismatches with max epsilon 0.000001 . Please check if your algorithm works
Operation done. Cleaning heap and VRAM...

==PROF== Disconnected from process 3966498
[3966498] smm-csr-parallel-6@127.0.0.1
  vmcsr_mul(Vector *, SparseMatrix *, Vector *, unsigned int *) (227, 1, 1)x(384, 1, 1), Context 1, Stream 7, Device 0, CC 8.9
    Section: Command line profiler metrics
    ---------------------------------------------------------------------------- ----------- ------------
    Metric Name                                                                  Metric Unit Metric Value
    ---------------------------------------------------------------------------- ----------- ------------
    dram__throughput.avg.pct_of_peak_sustained_elapsed                                     %        45.06
    l1tex__data_pipe_lsu_wavefronts_mem_shared.avg.pct_of_peak_sustained_elapsed           %         7.14
    sm__throughput.avg.pct_of_peak_sustained_elapsed                                       %        18.07
    sm__warps_active.avg.pct_of_peak_sustained_active                                      %        39.49
    smsp__sass_average_data_bytes_per_wavefront_mem_shared.pct                             %        53.00
    ---------------------------------------------------------------------------- ----------- ------------

==PROF== Connected to process 3966558 (/home/vittorio.polci/GPU-Computing-2025-257817/smm-csr-parallel-6/bin/smm-csr-parallel-6)
==PROF== Profiling "vmcsr_mul" - 0 (1/1): 0%....50%....100% - 9 passes
Launching SPVM on matrix ../data/twotone.mtx
Matrix read successfully :)
Converting into CSR ... 
generating input and output vectors for the moltiplication... 
copying data in the CUDA memory... 
The algorithm will launch with 367 blocks, 384 threads, 24576 shared memory per block
performing matrix to vector multiplication...
iteration 0 took 0.036992 ms
iteration 1 took 0.037888 ms
iteration 2 took 0.031904 ms
iteration 3 took 0.030720 ms
iteration 4 took 0.015584 ms
iteration 5 took 0.015552 ms
iteration 6 took 0.015456 ms
iteration 7 took 0.015616 ms
iteration 8 took 0.037888 ms
iteration 9 took 0.037888 ms
iteration 10 took 0.037248 ms
iteration 11 took 0.029888 ms
iteration 12 took 0.031744 ms
iteration 13 took 0.031744 ms
iteration 14 took 0.033024 ms
iteration 15 took 0.037888 ms
iteration 16 took 0.037952 ms
iteration 17 took 0.037888 ms
iteration 18 took 0.029696 ms
iteration 19 took 0.032768 ms
Executed 20 iterations, floating point operations: 2448448 average time: 0.029360 ms variance: 0.000072 ms
average GFLOP/s: 83.393728
Effective bandwidth: 549.715063 GB/s
checking results...
Mismatch on 0
Found 30626 mismatches with max epsilon 0.000946 . Please check if your algorithm works
Operation done. Cleaning heap and VRAM...

==PROF== Disconnected from process 3966558
[3966558] smm-csr-parallel-6@127.0.0.1
  vmcsr_mul(Vector *, SparseMatrix *, Vector *, unsigned int *) (367, 1, 1)x(384, 1, 1), Context 1, Stream 7, Device 0, CC 8.9
    Section: Command line profiler metrics
    ---------------------------------------------------------------------------- ----------- ------------
    Metric Name                                                                  Metric Unit Metric Value
    ---------------------------------------------------------------------------- ----------- ------------
    dram__throughput.avg.pct_of_peak_sustained_elapsed                                     %        54.95
    l1tex__data_pipe_lsu_wavefronts_mem_shared.avg.pct_of_peak_sustained_elapsed           %         9.36
    sm__throughput.avg.pct_of_peak_sustained_elapsed                                       %        22.49
    sm__warps_active.avg.pct_of_peak_sustained_active                                      %        63.07
    smsp__sass_average_data_bytes_per_wavefront_mem_shared.pct                             %        51.39
    ---------------------------------------------------------------------------- ----------- ------------

 
