Wed Jul 16 17:23:13 2025       
+-----------------------------------------------------------------------------------------+
| NVIDIA-SMI 550.144.03             Driver Version: 550.144.03     CUDA Version: 12.4     |
|-----------------------------------------+------------------------+----------------------+
| GPU  Name                 Persistence-M | Bus-Id          Disp.A | Volatile Uncorr. ECC |
| Fan  Temp   Perf          Pwr:Usage/Cap |           Memory-Usage | GPU-Util  Compute M. |
|                                         |                        |               MIG M. |
|=========================================+========================+======================|
|   0  NVIDIA A30                     On  |   00000000:98:00.0 Off |                    0 |
| N/A   21C    P0             26W /  165W |       1MiB /  24576MiB |      0%      Default |
|                                         |                        |             Disabled |
+-----------------------------------------+------------------------+----------------------+
                                                                                         
+-----------------------------------------------------------------------------------------+
| Processes:                                                                              |
|  GPU   GI   CI        PID   Type   Process name                              GPU Memory |
|        ID   ID                                                               Usage      |
|=========================================================================================|
|  No running processes found                                                             |
+-----------------------------------------------------------------------------------------+
 
---------- Processing matrices  ----------
Launching SPVM on matrix ../data/dbir2.mtx
Matrix read successfully :)
Converting into CSR ... 
generating input and output vectors for the moltiplication... 
copying data in the CUDA memory... 
The algorithm will launch with 348 blocks, 768 threads, 49152 shared memory per block
performing matrix to vector multiplication...
iteration 0 took 0.064512 ms
iteration 1 took 0.063488 ms
iteration 2 took 0.063488 ms
iteration 3 took 0.063488 ms
iteration 4 took 0.064512 ms
iteration 5 took 0.062464 ms
iteration 6 took 0.061440 ms
iteration 7 took 0.064512 ms
iteration 8 took 0.064512 ms
iteration 9 took 0.061440 ms
iteration 10 took 0.063488 ms
iteration 11 took 0.062464 ms
iteration 12 took 0.062464 ms
iteration 13 took 0.063488 ms
iteration 14 took 0.063488 ms
iteration 15 took 0.063488 ms
iteration 16 took 0.063488 ms
iteration 17 took 0.064512 ms
iteration 18 took 0.064512 ms
iteration 19 took 0.063488 ms
Executed 20 iterations, floating point operations: 2316318 average time: 0.063430 ms variance: 0.000001 ms
average GFLOP/s: 36.517850
Effective bandwidth: 227.786374 GB/s
checking results...
The algorithm works good :)
Operation done. Cleaning heap and VRAM...

Launching SPVM on matrix ../data/ifiss_mat.mtx
Error during matrix reading phase: cannot open file
Launching SPVM on matrix ../data/ex11.mtx
Matrix read successfully :)
Converting into CSR ... 
generating input and output vectors for the moltiplication... 
copying data in the CUDA memory... 
The algorithm will launch with 329 blocks, 768 threads, 49152 shared memory per block
performing matrix to vector multiplication...
iteration 0 took 0.051200 ms
iteration 1 took 0.051200 ms
iteration 2 took 0.049152 ms
iteration 3 took 0.049152 ms
iteration 4 took 0.049152 ms
iteration 5 took 0.050176 ms
iteration 6 took 0.051200 ms
iteration 7 took 0.050176 ms
iteration 8 took 0.050176 ms
iteration 9 took 0.049152 ms
iteration 10 took 0.052224 ms
iteration 11 took 0.051200 ms
iteration 12 took 0.049152 ms
iteration 13 took 0.048128 ms
iteration 14 took 0.049152 ms
iteration 15 took 0.049152 ms
iteration 16 took 0.049152 ms
iteration 17 took 0.051200 ms
iteration 18 took 0.050176 ms
iteration 19 took 0.049152 ms
Executed 20 iterations, floating point operations: 2193896 average time: 0.049960 ms variance: 0.000001 ms
average GFLOP/s: 43.912928
Effective bandwidth: 267.468109 GB/s
checking results...
Mismatch on 2
Found 15128 mismatches with max epsilon 80.000000 . Please check if your algorithm works
Operation done. Cleaning heap and VRAM...

Launching SPVM on matrix ../data/language.mtx
Matrix read successfully :)
Converting into CSR ... 
generating input and output vectors for the moltiplication... 
copying data in the CUDA memory... 
The algorithm will launch with 365 blocks, 768 threads, 49152 shared memory per block
performing matrix to vector multiplication...
iteration 0 took 0.081920 ms
iteration 1 took 0.082944 ms
iteration 2 took 0.083968 ms
iteration 3 took 0.080896 ms
iteration 4 took 0.080896 ms
iteration 5 took 0.080896 ms
iteration 6 took 0.081920 ms
iteration 7 took 0.079872 ms
iteration 8 took 0.080896 ms
iteration 9 took 0.082944 ms
iteration 10 took 0.082944 ms
iteration 11 took 0.080896 ms
iteration 12 took 0.078848 ms
iteration 13 took 0.081920 ms
iteration 14 took 0.083968 ms
iteration 15 took 0.079872 ms
iteration 16 took 0.081920 ms
iteration 17 took 0.081920 ms
iteration 18 took 0.079872 ms
iteration 19 took 0.081920 ms
Executed 20 iterations, floating point operations: 2432668 average time: 0.081550 ms variance: 0.000002 ms
average GFLOP/s: 29.830207
Effective bandwidth: 237.712462 GB/s
checking results...
Mismatch on 374
Found 17629 mismatches with max epsilon 0.000000 . Please check if your algorithm works
Operation done. Cleaning heap and VRAM...

Launching SPVM on matrix ../data/Linux_call_graph.mtx
Matrix read successfully :)
Converting into CSR ... 
generating input and output vectors for the moltiplication... 
copying data in the CUDA memory... 
The algorithm will launch with 363 blocks, 768 threads, 49152 shared memory per block
performing matrix to vector multiplication...
iteration 0 took 0.132096 ms
iteration 1 took 0.131072 ms
iteration 2 took 0.132096 ms
iteration 3 took 0.132096 ms
iteration 4 took 0.130048 ms
iteration 5 took 0.132096 ms
iteration 6 took 0.129024 ms
iteration 7 took 0.130048 ms
iteration 8 took 0.129024 ms
iteration 9 took 0.128000 ms
iteration 10 took 0.131072 ms
iteration 11 took 0.132096 ms
iteration 12 took 0.129024 ms
iteration 13 took 0.130048 ms
iteration 14 took 0.132096 ms
iteration 15 took 0.128000 ms
iteration 16 took 0.129024 ms
iteration 17 took 0.130048 ms
iteration 18 took 0.130048 ms
iteration 19 took 0.129024 ms
Executed 20 iterations, floating point operations: 2417816 average time: 0.130296 ms variance: 0.000002 ms
average GFLOP/s: 18.556275
Effective bandwidth: 141.185134 GB/s
checking results...
The algorithm works good :)
Operation done. Cleaning heap and VRAM...

Launching SPVM on matrix ../data/nemeth24.mtx
Matrix read successfully :)
Converting into CSR ... 
generating input and output vectors for the moltiplication... 
copying data in the CUDA memory... 
The algorithm will launch with 227 blocks, 768 threads, 49152 shared memory per block
performing matrix to vector multiplication...
iteration 0 took 0.047104 ms
iteration 1 took 0.046080 ms
iteration 2 took 0.046080 ms
iteration 3 took 0.046080 ms
iteration 4 took 0.045056 ms
iteration 5 took 0.046080 ms
iteration 6 took 0.047104 ms
iteration 7 took 0.047104 ms
iteration 8 took 0.047104 ms
iteration 9 took 0.046080 ms
iteration 10 took 0.047104 ms
iteration 11 took 0.046080 ms
iteration 12 took 0.046080 ms
iteration 13 took 0.051200 ms
iteration 14 took 0.045056 ms
iteration 15 took 0.047104 ms
iteration 16 took 0.046080 ms
iteration 17 took 0.046080 ms
iteration 18 took 0.047104 ms
iteration 19 took 0.045056 ms
Executed 20 iterations, floating point operations: 1516056 average time: 0.046524 ms variance: 0.000002 ms
average GFLOP/s: 32.586522
Effective bandwidth: 197.971025 GB/s
checking results...
Mismatch on 0
Found 8194 mismatches with max epsilon 0.000001 . Please check if your algorithm works
Operation done. Cleaning heap and VRAM...

Launching SPVM on matrix ../data/twotone.mtx
Matrix read successfully :)
Converting into CSR ... 
generating input and output vectors for the moltiplication... 
copying data in the CUDA memory... 
The algorithm will launch with 367 blocks, 768 threads, 49152 shared memory per block
performing matrix to vector multiplication...
iteration 0 took 0.066560 ms
iteration 1 took 0.067584 ms
iteration 2 took 0.066560 ms
iteration 3 took 0.066560 ms
iteration 4 took 0.066560 ms
iteration 5 took 0.065536 ms
iteration 6 took 0.067584 ms
iteration 7 took 0.066560 ms
iteration 8 took 0.067584 ms
iteration 9 took 0.066560 ms
iteration 10 took 0.065536 ms
iteration 11 took 0.067584 ms
iteration 12 took 0.066560 ms
iteration 13 took 0.065536 ms
iteration 14 took 0.066560 ms
iteration 15 took 0.066560 ms
iteration 16 took 0.068608 ms
iteration 17 took 0.066560 ms
iteration 18 took 0.066560 ms
iteration 19 took 0.065536 ms
Executed 20 iterations, floating point operations: 2448448 average time: 0.066658 ms variance: 0.000001 ms
average GFLOP/s: 36.731618
Effective bandwidth: 242.127606 GB/s
checking results...
Mismatch on 0
Found 46009 mismatches with max epsilon 0.000858 . Please check if your algorithm works
Operation done. Cleaning heap and VRAM...

 
