Thu May 15 16:27:34 2025       
+-----------------------------------------------------------------------------------------+
| NVIDIA-SMI 550.144.03             Driver Version: 550.144.03     CUDA Version: 12.4     |
|-----------------------------------------+------------------------+----------------------+
| GPU  Name                 Persistence-M | Bus-Id          Disp.A | Volatile Uncorr. ECC |
| Fan  Temp   Perf          Pwr:Usage/Cap |           Memory-Usage | GPU-Util  Compute M. |
|                                         |                        |               MIG M. |
|=========================================+========================+======================|
|   0  NVIDIA A30                     On  |   00000000:17:00.0 Off |                    0 |
| N/A   31C    P0             28W /  165W |       1MiB /  24576MiB |      0%      Default |
|                                         |                        |             Disabled |
+-----------------------------------------+------------------------+----------------------+
                                                                                         
+-----------------------------------------------------------------------------------------+
| Processes:                                                                              |
|  GPU   GI   CI        PID   Type   Process name                              GPU Memory |
|        ID   ID                                                               Usage      |
|=========================================================================================|
|  No running processes found                                                             |
+-----------------------------------------------------------------------------------------+
 
---------- Processing matrices  ----------
Launching algorithm with 142 blocks and 128 threads on matrix ../data/dbir2.mtx
Matrix read successfully :)
Converting into CSR ... 
generating input and output vectors for the moltiplication... 
copying data in the CUDA memory... 
performing matrix to vector multiplication...
iteration 0 took 0.175104 ms
iteration 1 took 0.172032 ms
iteration 2 took 0.173056 ms
iteration 3 took 0.168960 ms
iteration 4 took 0.173056 ms
iteration 5 took 0.174080 ms
iteration 6 took 0.173056 ms
iteration 7 took 0.175104 ms
iteration 8 took 0.175104 ms
iteration 9 took 0.175104 ms
iteration 10 took 0.174080 ms
iteration 11 took 0.174080 ms
iteration 12 took 0.173056 ms
iteration 13 took 0.175104 ms
iteration 14 took 0.171008 ms
iteration 15 took 0.173056 ms
iteration 16 took 0.172032 ms
iteration 17 took 0.173056 ms
iteration 18 took 0.173056 ms
iteration 19 took 0.174080 ms
Executed 20 iterations, floating point operations: 2316318 average time: 0.173356 ms variance: 0.000002 ms
average GFLOP/s: 13.361589
Effective bandwidth: 81.478236 GB/s
checking results...
The algorithm works good :)
Operation done. Cleaning heap and VRAM...

Launching algorithm with 142 blocks and 128 threads on matrix ../data/ifiss_mat.mtx
Matrix read successfully :)
Converting into CSR ... 
generating input and output vectors for the moltiplication... 
copying data in the CUDA memory... 
performing matrix to vector multiplication...
iteration 0 took 1.152000 ms
iteration 1 took 1.171456 ms
iteration 2 took 1.165312 ms
iteration 3 took 1.131520 ms
iteration 4 took 1.142784 ms
iteration 5 took 1.128448 ms
iteration 6 took 1.141760 ms
iteration 7 took 1.137664 ms
iteration 8 took 1.152000 ms
iteration 9 took 1.133568 ms
iteration 10 took 1.157120 ms
iteration 11 took 1.137664 ms
iteration 12 took 1.137664 ms
iteration 13 took 1.124352 ms
iteration 14 took 1.169408 ms
iteration 15 took 1.164288 ms
iteration 16 took 1.129472 ms
iteration 17 took 1.138688 ms
iteration 18 took 1.129472 ms
iteration 19 took 1.114112 ms
Executed 20 iterations, floating point operations: 7199864 average time: 1.142831 ms variance: 0.000258 ms
average GFLOP/s: 6.300027
Effective bandwidth: 38.811411 GB/s
checking results...
Found 55031 mismatches with max epsilon 0.000000 . Please check if your algorithm works
Operation done. Cleaning heap and VRAM...

Launching algorithm with 142 blocks and 128 threads on matrix ../data/ex11.mtx
Matrix read successfully :)
Converting into CSR ... 
generating input and output vectors for the moltiplication... 
copying data in the CUDA memory... 
performing matrix to vector multiplication...
iteration 0 took 0.171008 ms
iteration 1 took 0.174080 ms
iteration 2 took 0.176128 ms
iteration 3 took 0.174080 ms
iteration 4 took 0.182272 ms
iteration 5 took 0.172032 ms
iteration 6 took 0.171008 ms
iteration 7 took 0.172032 ms
iteration 8 took 0.172032 ms
iteration 9 took 0.176128 ms
iteration 10 took 0.173056 ms
iteration 11 took 0.176128 ms
iteration 12 took 0.174080 ms
iteration 13 took 0.173056 ms
iteration 14 took 0.173056 ms
iteration 15 took 0.167936 ms
iteration 16 took 0.174080 ms
iteration 17 took 0.173056 ms
iteration 18 took 0.175104 ms
iteration 19 took 0.176128 ms
Executed 20 iterations, floating point operations: 2193896 average time: 0.173802 ms variance: 0.000008 ms
average GFLOP/s: 12.622990
Effective bandwidth: 76.885038 GB/s
checking results...
Found 12182 mismatches with max epsilon 80.000000 . Please check if your algorithm works
Operation done. Cleaning heap and VRAM...

Launching algorithm with 142 blocks and 128 threads on matrix ../data/language.mtx
Matrix read successfully :)
Converting into CSR ... 
generating input and output vectors for the moltiplication... 
copying data in the CUDA memory... 
performing matrix to vector multiplication...
iteration 0 took 2.949120 ms
iteration 1 took 3.007488 ms
iteration 2 took 2.983936 ms
iteration 3 took 2.948096 ms
iteration 4 took 2.945024 ms
iteration 5 took 2.935808 ms
iteration 6 took 2.949120 ms
iteration 7 took 2.937856 ms
iteration 8 took 2.948096 ms
iteration 9 took 3.001344 ms
iteration 10 took 2.956288 ms
iteration 11 took 2.968576 ms
iteration 12 took 2.966528 ms
iteration 13 took 2.941952 ms
iteration 14 took 2.973696 ms
iteration 15 took 2.973696 ms
iteration 16 took 2.946048 ms
iteration 17 took 2.976768 ms
iteration 18 took 2.935808 ms
iteration 19 took 2.984960 ms
Executed 20 iterations, floating point operations: 2432668 average time: 2.961436 ms variance: 0.000465 ms
average GFLOP/s: 0.821449
Effective bandwidth: 6.546002 GB/s
checking results...
Found 4161 mismatches with max epsilon 0.000000 . Please check if your algorithm works
Operation done. Cleaning heap and VRAM...

Launching algorithm with 142 blocks and 128 threads on matrix ../data/Linux_call_graph.mtx
Matrix read successfully :)
Converting into CSR ... 
generating input and output vectors for the moltiplication... 
copying data in the CUDA memory... 
performing matrix to vector multiplication...
iteration 0 took 3.337216 ms
iteration 1 took 3.278848 ms
iteration 2 took 3.377152 ms
iteration 3 took 3.266560 ms
iteration 4 took 3.436544 ms
iteration 5 took 3.318784 ms
iteration 6 took 3.305472 ms
iteration 7 took 3.196928 ms
iteration 8 took 3.223552 ms
iteration 9 took 3.253248 ms
iteration 10 took 3.210240 ms
iteration 11 took 3.229696 ms
iteration 12 took 3.246080 ms
iteration 13 took 3.301376 ms
iteration 14 took 3.301376 ms
iteration 15 took 3.306496 ms
iteration 16 took 3.328000 ms
iteration 17 took 3.367936 ms
iteration 18 took 3.280896 ms
iteration 19 took 3.238912 ms
Executed 20 iterations, floating point operations: 2417816 average time: 3.289736 ms variance: 0.003692 ms
average GFLOP/s: 0.734957
Effective bandwidth: 5.591913 GB/s
checking results...
The algorithm works good :)
Operation done. Cleaning heap and VRAM...

Launching algorithm with 142 blocks and 128 threads on matrix ../data/nemeth24.mtx
Matrix read successfully :)
Converting into CSR ... 
generating input and output vectors for the moltiplication... 
copying data in the CUDA memory... 
performing matrix to vector multiplication...
iteration 0 took 0.093184 ms
iteration 1 took 0.093184 ms
iteration 2 took 0.092160 ms
iteration 3 took 0.090112 ms
iteration 4 took 0.090112 ms
iteration 5 took 0.092160 ms
iteration 6 took 0.091136 ms
iteration 7 took 0.092160 ms
iteration 8 took 0.092160 ms
iteration 9 took 0.090112 ms
iteration 10 took 0.092160 ms
iteration 11 took 0.088064 ms
iteration 12 took 0.090112 ms
iteration 13 took 0.094208 ms
iteration 14 took 0.093184 ms
iteration 15 took 0.091136 ms
iteration 16 took 0.091136 ms
iteration 17 took 0.089088 ms
iteration 18 took 0.090112 ms
iteration 19 took 0.092160 ms
Executed 20 iterations, floating point operations: 1516056 average time: 0.091379 ms variance: 0.000002 ms
average GFLOP/s: 16.590783
Effective bandwidth: 100.793030 GB/s
checking results...
Found 6008 mismatches with max epsilon 0.000001 . Please check if your algorithm works
Operation done. Cleaning heap and VRAM...

Launching algorithm with 142 blocks and 128 threads on matrix ../data/twotone.mtx
Matrix read successfully :)
Converting into CSR ... 
generating input and output vectors for the moltiplication... 
copying data in the CUDA memory... 
performing matrix to vector multiplication...
iteration 0 took 0.874496 ms
iteration 1 took 0.870400 ms
iteration 2 took 0.877568 ms
iteration 3 took 0.863232 ms
iteration 4 took 0.873472 ms
iteration 5 took 0.863232 ms
iteration 6 took 0.869376 ms
iteration 7 took 0.854016 ms
iteration 8 took 0.868352 ms
iteration 9 took 0.850944 ms
iteration 10 took 0.875520 ms
iteration 11 took 0.862208 ms
iteration 12 took 0.867328 ms
iteration 13 took 0.877568 ms
iteration 14 took 0.857088 ms
iteration 15 took 0.867328 ms
iteration 16 took 0.849920 ms
iteration 17 took 0.875520 ms
iteration 18 took 0.866304 ms
iteration 19 took 0.873472 ms
Executed 20 iterations, floating point operations: 2448448 average time: 0.866827 ms variance: 0.000073 ms
average GFLOP/s: 2.824610
Effective bandwidth: 18.619277 GB/s
checking results...
Found 15509 mismatches with max epsilon 0.001793 . Please check if your algorithm works
Operation done. Cleaning heap and VRAM...

 
