This is pdfTeX, Version 3.141592653-2.6-1.40.26 (TeX Live 2024/nixos.org) (preloaded format=pdflatex 1980.1.1)  17 JUL 2025 11:57
entering extended mode
 restricted \write18 enabled.
 file:line:error style messages enabled.
 %&-line parsing enabled.
**/home/vittorio/GitHub/GPU-Computing-2025-257817/paper/deriverable1/main.tex
(/home/vittorio/GitHub/GPU-Computing-2025-257817/paper/deriverable1/main.tex
LaTeX2e <2024-11-01> patch level 2
L3 programming layer <2025-01-18>
(./IEEEtran.cls
Document Class: IEEEtran 2015/08/26 V1.8b by Michael Shell
-- See the "IEEEtran_HOWTO" manual for usage information.
-- http://www.michaelshell.org/tex/ieeetran/
\@IEEEtrantmpdimenA=\dimen141
\@IEEEtrantmpdimenB=\dimen142
\@IEEEtrantmpdimenC=\dimen143
\@IEEEtrantmpcountA=\count196
\@IEEEtrantmpcountB=\count197
\@IEEEtrantmpcountC=\count198
\@IEEEtrantmptoksA=\toks17
LaTeX Font Info:    Trying to load font information for OT1+ptm on input line 503.
(/nix/store/f8fxz33kaqksq45sshcq2lms1xvsfz7s-texlive-2024-env-texmfdist/tex/latex/psnfss/ot1ptm.fd
File: ot1ptm.fd 2001/06/04 font definitions for OT1/ptm.
)
-- Using 8.5in x 11in (letter) paper.
-- Using PDF output.
\@IEEEnormalsizeunitybaselineskip=\dimen144
-- This is a 10 point document.
\CLASSINFOnormalsizebaselineskip=\dimen145
\CLASSINFOnormalsizeunitybaselineskip=\dimen146
\IEEEnormaljot=\dimen147
LaTeX Font Info:    Font shape `OT1/ptm/bx/n' in size <5> not available
(Font)              Font shape `OT1/ptm/b/n' tried instead on input line 1090.
LaTeX Font Info:    Font shape `OT1/ptm/bx/it' in size <5> not available
(Font)              Font shape `OT1/ptm/b/it' tried instead on input line 1090.
LaTeX Font Info:    Font shape `OT1/ptm/bx/n' in size <7> not available
(Font)              Font shape `OT1/ptm/b/n' tried instead on input line 1090.
LaTeX Font Info:    Font shape `OT1/ptm/bx/it' in size <7> not available
(Font)              Font shape `OT1/ptm/b/it' tried instead on input line 1090.
LaTeX Font Info:    Font shape `OT1/ptm/bx/n' in size <8> not available
(Font)              Font shape `OT1/ptm/b/n' tried instead on input line 1090.
LaTeX Font Info:    Font shape `OT1/ptm/bx/it' in size <8> not available
(Font)              Font shape `OT1/ptm/b/it' tried instead on input line 1090.
LaTeX Font Info:    Font shape `OT1/ptm/bx/n' in size <9> not available
(Font)              Font shape `OT1/ptm/b/n' tried instead on input line 1090.
LaTeX Font Info:    Font shape `OT1/ptm/bx/it' in size <9> not available
(Font)              Font shape `OT1/ptm/b/it' tried instead on input line 1090.
LaTeX Font Info:    Font shape `OT1/ptm/bx/n' in size <10> not available
(Font)              Font shape `OT1/ptm/b/n' tried instead on input line 1090.
LaTeX Font Info:    Font shape `OT1/ptm/bx/it' in size <10> not available
(Font)              Font shape `OT1/ptm/b/it' tried instead on input line 1090.
LaTeX Font Info:    Font shape `OT1/ptm/bx/n' in size <11> not available
(Font)              Font shape `OT1/ptm/b/n' tried instead on input line 1090.
LaTeX Font Info:    Font shape `OT1/ptm/bx/it' in size <11> not available
(Font)              Font shape `OT1/ptm/b/it' tried instead on input line 1090.
LaTeX Font Info:    Font shape `OT1/ptm/bx/n' in size <12> not available
(Font)              Font shape `OT1/ptm/b/n' tried instead on input line 1090.
LaTeX Font Info:    Font shape `OT1/ptm/bx/it' in size <12> not available
(Font)              Font shape `OT1/ptm/b/it' tried instead on input line 1090.
LaTeX Font Info:    Font shape `OT1/ptm/bx/n' in size <17> not available
(Font)              Font shape `OT1/ptm/b/n' tried instead on input line 1090.
LaTeX Font Info:    Font shape `OT1/ptm/bx/it' in size <17> not available
(Font)              Font shape `OT1/ptm/b/it' tried instead on input line 1090.
LaTeX Font Info:    Font shape `OT1/ptm/bx/n' in size <20> not available
(Font)              Font shape `OT1/ptm/b/n' tried instead on input line 1090.
LaTeX Font Info:    Font shape `OT1/ptm/bx/it' in size <20> not available
(Font)              Font shape `OT1/ptm/b/it' tried instead on input line 1090.
LaTeX Font Info:    Font shape `OT1/ptm/bx/n' in size <24> not available
(Font)              Font shape `OT1/ptm/b/n' tried instead on input line 1090.
LaTeX Font Info:    Font shape `OT1/ptm/bx/it' in size <24> not available
(Font)              Font shape `OT1/ptm/b/it' tried instead on input line 1090.
\IEEEquantizedlength=\dimen148
\IEEEquantizedlengthdiff=\dimen149
\IEEEquantizedtextheightdiff=\dimen150
\IEEEilabelindentA=\dimen151
\IEEEilabelindentB=\dimen152
\IEEEilabelindent=\dimen153
\IEEEelabelindent=\dimen154
\IEEEdlabelindent=\dimen155
\IEEElabelindent=\dimen156
\IEEEiednormlabelsep=\dimen157
\IEEEiedmathlabelsep=\dimen158
\IEEEiedtopsep=\skip49
\c@section=\count199
\c@subsection=\count266
\c@subsubsection=\count267
\c@paragraph=\count268
\c@IEEEsubequation=\count269
\abovecaptionskip=\skip50
\belowcaptionskip=\skip51
\c@figure=\count270
\c@table=\count271
\@IEEEeqnnumcols=\count272
\@IEEEeqncolcnt=\count273
\@IEEEsubeqnnumrollback=\count274
\@IEEEquantizeheightA=\dimen159
\@IEEEquantizeheightB=\dimen160
\@IEEEquantizeheightC=\dimen161
\@IEEEquantizeprevdepth=\dimen162
\@IEEEquantizemultiple=\count275
\@IEEEquantizeboxA=\box52
\@IEEEtmpitemindent=\dimen163
\IEEEPARstartletwidth=\dimen164
\c@IEEEbiography=\count276
\@IEEEtranrubishbin=\box53
)
** ATTENTION: Overriding command lockouts (line 2).
(/nix/store/f8fxz33kaqksq45sshcq2lms1xvsfz7s-texlive-2024-env-texmfdist/tex/latex/cite/cite.sty
LaTeX Info: Redefining \cite on input line 302.
LaTeX Info: Redefining \nocite on input line 332.
Package: cite 2015/02/27  v 5.5
) (/nix/store/f8fxz33kaqksq45sshcq2lms1xvsfz7s-texlive-2024-env-texmfdist/tex/latex/amsmath/amsmath.sty
Package: amsmath 2024/11/05 v2.17t AMS math features
\@mathmargin=\skip52

For additional information on amsmath, use the `?' option.
(/nix/store/f8fxz33kaqksq45sshcq2lms1xvsfz7s-texlive-2024-env-texmfdist/tex/latex/amsmath/amstext.sty
Package: amstext 2021/08/26 v2.01 AMS text
 (/nix/store/f8fxz33kaqksq45sshcq2lms1xvsfz7s-texlive-2024-env-texmfdist/tex/latex/amsmath/amsgen.sty
File: amsgen.sty 1999/11/30 v2.0 generic functions
\@emptytoks=\toks18
\ex@=\dimen165
)) (/nix/store/f8fxz33kaqksq45sshcq2lms1xvsfz7s-texlive-2024-env-texmfdist/tex/latex/amsmath/amsbsy.sty
Package: amsbsy 1999/11/29 v1.2d Bold Symbols
\pmbraise@=\dimen166
) (/nix/store/f8fxz33kaqksq45sshcq2lms1xvsfz7s-texlive-2024-env-texmfdist/tex/latex/amsmath/amsopn.sty
Package: amsopn 2022/04/08 v2.04 operator names
)
\inf@bad=\count277
LaTeX Info: Redefining \frac on input line 233.
\uproot@=\count278
\leftroot@=\count279
LaTeX Info: Redefining \overline on input line 398.
LaTeX Info: Redefining \colon on input line 409.
\classnum@=\count280
\DOTSCASE@=\count281
LaTeX Info: Redefining \ldots on input line 495.
LaTeX Info: Redefining \dots on input line 498.
LaTeX Info: Redefining \cdots on input line 619.
\Mathstrutbox@=\box54
\strutbox@=\box55
LaTeX Info: Redefining \big on input line 721.
LaTeX Info: Redefining \Big on input line 722.
LaTeX Info: Redefining \bigg on input line 723.
LaTeX Info: Redefining \Bigg on input line 724.
\big@size=\dimen167
LaTeX Font Info:    Redeclaring font encoding OML on input line 742.
LaTeX Font Info:    Redeclaring font encoding OMS on input line 743.
\macc@depth=\count282
LaTeX Info: Redefining \bmod on input line 904.
LaTeX Info: Redefining \pmod on input line 909.
LaTeX Info: Redefining \smash on input line 939.
LaTeX Info: Redefining \relbar on input line 969.
LaTeX Info: Redefining \Relbar on input line 970.
\c@MaxMatrixCols=\count283
\dotsspace@=\muskip17
\c@parentequation=\count284
\dspbrk@lvl=\count285
\tag@help=\toks19
\row@=\count286
\column@=\count287
\maxfields@=\count288
\andhelp@=\toks20
\eqnshift@=\dimen168
\alignsep@=\dimen169
\tagshift@=\dimen170
\tagwidth@=\dimen171
\totwidth@=\dimen172
\lineht@=\dimen173
\@envbody=\toks21
\multlinegap=\skip53
\multlinetaggap=\skip54
\mathdisplay@stack=\toks22
LaTeX Info: Redefining \[ on input line 2953.
LaTeX Info: Redefining \] on input line 2954.
) (/nix/store/f8fxz33kaqksq45sshcq2lms1xvsfz7s-texlive-2024-env-texmfdist/tex/latex/amsfonts/amsfonts.sty
Package: amsfonts 2013/01/14 v3.01 Basic AMSFonts support
\symAMSa=\mathgroup4
\symAMSb=\mathgroup5
LaTeX Font Info:    Redeclaring math symbol \hbar on input line 98.
LaTeX Font Info:    Overwriting math alphabet `\mathfrak' in version `bold'
(Font)                  U/euf/m/n --> U/euf/b/n on input line 106.
) (/nix/store/f8fxz33kaqksq45sshcq2lms1xvsfz7s-texlive-2024-env-texmfdist/tex/latex/algorithms/algorithm.sty
Package: algorithm 2009/08/24 v0.1 Document Style `algorithm' - floating environment
 (/nix/store/f8fxz33kaqksq45sshcq2lms1xvsfz7s-texlive-2024-env-texmfdist/tex/latex/float/float.sty
Package: float 2001/11/08 v1.3d Float enhancements (AL)
\c@float@type=\count289
\float@exts=\toks23
\float@box=\box56
\@float@everytoks=\toks24
\@floatcapt=\box57
) (/nix/store/f8fxz33kaqksq45sshcq2lms1xvsfz7s-texlive-2024-env-texmfdist/tex/latex/base/ifthen.sty
Package: ifthen 2024/03/16 v1.1e Standard LaTeX ifthen package (DPC)
)
\@float@every@algorithm=\toks25
\c@algorithm=\count290
) (/nix/store/f8fxz33kaqksq45sshcq2lms1xvsfz7s-texlive-2024-env-texmfdist/tex/latex/algorithmicx/algpseudocode.sty
Package: algpseudocode 
 (/nix/store/f8fxz33kaqksq45sshcq2lms1xvsfz7s-texlive-2024-env-texmfdist/tex/latex/algorithmicx/algorithmicx.sty
Package: algorithmicx 2005/04/27 v1.2 Algorithmicx

Document Style algorithmicx 1.2 - a greatly improved `algorithmic' style
\c@ALG@line=\count291
\c@ALG@rem=\count292
\c@ALG@nested=\count293
\ALG@tlm=\skip55
\ALG@thistlm=\skip56
\c@ALG@Lnr=\count294
\c@ALG@blocknr=\count295
\c@ALG@storecount=\count296
\c@ALG@tmpcounter=\count297
\ALG@tmplength=\skip57
)
Document Style - pseudocode environments for use with the `algorithmicx' style
) (/nix/store/f8fxz33kaqksq45sshcq2lms1xvsfz7s-texlive-2024-env-texmfdist/tex/latex/graphics/graphicx.sty
Package: graphicx 2021/09/16 v1.2d Enhanced LaTeX Graphics (DPC,SPQR)
 (/nix/store/f8fxz33kaqksq45sshcq2lms1xvsfz7s-texlive-2024-env-texmfdist/tex/latex/graphics/keyval.sty
Package: keyval 2022/05/29 v1.15 key=value parser (DPC)
\KV@toks@=\toks26
) (/nix/store/f8fxz33kaqksq45sshcq2lms1xvsfz7s-texlive-2024-env-texmfdist/tex/latex/graphics/graphics.sty
Package: graphics 2024/08/06 v1.4g Standard LaTeX Graphics (DPC,SPQR)
 (/nix/store/f8fxz33kaqksq45sshcq2lms1xvsfz7s-texlive-2024-env-texmfdist/tex/latex/graphics/trig.sty
Package: trig 2023/12/02 v1.11 sin cos tan (DPC)
) (/nix/store/f8fxz33kaqksq45sshcq2lms1xvsfz7s-texlive-2024-env-texmfdist/tex/latex/graphics-cfg/graphics.cfg
File: graphics.cfg 2016/06/04 v1.11 sample graphics configuration
)
Package graphics Info: Driver file: pdftex.def on input line 106.
 (/nix/store/f8fxz33kaqksq45sshcq2lms1xvsfz7s-texlive-2024-env-texmfdist/tex/latex/graphics-def/pdftex.def
File: pdftex.def 2024/04/13 v1.2c Graphics/color driver for pdftex
))
\Gin@req@height=\dimen174
\Gin@req@width=\dimen175
) (/nix/store/f8fxz33kaqksq45sshcq2lms1xvsfz7s-texlive-2024-env-texmfdist/tex/latex/base/textcomp.sty
Package: textcomp 2024/04/24 v2.1b Standard LaTeX package
) (/nix/store/f8fxz33kaqksq45sshcq2lms1xvsfz7s-texlive-2024-env-texmfdist/tex/latex/xcolor/xcolor.sty
Package: xcolor 2024/09/29 v3.02 LaTeX color extensions (UK)
 (/nix/store/f8fxz33kaqksq45sshcq2lms1xvsfz7s-texlive-2024-env-texmfdist/tex/latex/graphics-cfg/color.cfg
File: color.cfg 2016/01/02 v1.6 sample color configuration
)
Package xcolor Info: Driver file: pdftex.def on input line 274.
 (/nix/store/f8fxz33kaqksq45sshcq2lms1xvsfz7s-texlive-2024-env-texmfdist/tex/latex/graphics/mathcolor.ltx)
Package xcolor Info: Model `cmy' substituted by `cmy0' on input line 1349.
Package xcolor Info: Model `hsb' substituted by `rgb' on input line 1353.
Package xcolor Info: Model `RGB' extended on input line 1365.
Package xcolor Info: Model `HTML' substituted by `rgb' on input line 1367.
Package xcolor Info: Model `Hsb' substituted by `hsb' on input line 1368.
Package xcolor Info: Model `tHsb' substituted by `hsb' on input line 1369.
Package xcolor Info: Model `HSB' substituted by `hsb' on input line 1370.
Package xcolor Info: Model `Gray' substituted by `gray' on input line 1371.
Package xcolor Info: Model `wave' substituted by `hsb' on input line 1372.
) (/nix/store/f8fxz33kaqksq45sshcq2lms1xvsfz7s-texlive-2024-env-texmfdist/tex/latex/booktabs/booktabs.sty
Package: booktabs 2020/01/12 v1.61803398 Publication quality tables
\heavyrulewidth=\dimen176
\lightrulewidth=\dimen177
\cmidrulewidth=\dimen178
\belowrulesep=\dimen179
\belowbottomsep=\dimen180
\aboverulesep=\dimen181
\abovetopsep=\dimen182
\cmidrulesep=\dimen183
\cmidrulekern=\dimen184
\defaultaddspace=\dimen185
\@cmidla=\count298
\@cmidlb=\count299
\@aboverulesep=\dimen186
\@belowrulesep=\dimen187
\@thisruleclass=\count300
\@lastruleclass=\count301
\@thisrulewidth=\dimen188
) (/nix/store/f8fxz33kaqksq45sshcq2lms1xvsfz7s-texlive-2024-env-texmfdist/tex/latex/adjustbox/adjustbox.sty
Package: adjustbox 2025/02/26 v1.3c Adjusting TeX boxes (trim, clip, ...)
 (/nix/store/f8fxz33kaqksq45sshcq2lms1xvsfz7s-texlive-2024-env-texmfdist/tex/latex/xkeyval/xkeyval.sty
Package: xkeyval 2022/06/16 v2.9 package option processing (HA)
 (/nix/store/f8fxz33kaqksq45sshcq2lms1xvsfz7s-texlive-2024-env-texmfdist/tex/generic/xkeyval/xkeyval.tex (/nix/store/f8fxz33kaqksq45sshcq2lms1xvsfz7s-texlive-2024-env-texmfdist/tex/generic/xkeyval/xkvutils.tex
\XKV@toks=\toks27
\XKV@tempa@toks=\toks28
)
\XKV@depth=\count302
File: xkeyval.tex 2014/12/03 v2.7a key=value parser (HA)
)) (/nix/store/f8fxz33kaqksq45sshcq2lms1xvsfz7s-texlive-2024-env-texmfdist/tex/latex/adjustbox/adjcalc.sty
Package: adjcalc 2012/05/16 v1.1 Provides advanced setlength with multiple back-ends (calc, etex, pgfmath)
) (/nix/store/f8fxz33kaqksq45sshcq2lms1xvsfz7s-texlive-2024-env-texmfdist/tex/latex/adjustbox/trimclip.sty
Package: trimclip 2025/02/21 v1.2a Trim and clip general TeX material
 (/nix/store/f8fxz33kaqksq45sshcq2lms1xvsfz7s-texlive-2024-env-texmfdist/tex/latex/collectbox/collectbox.sty
Package: collectbox 2022/10/17 v0.4c Collect macro arguments as boxes
\collectedbox=\box58
)
\tc@llx=\dimen189
\tc@lly=\dimen190
\tc@urx=\dimen191
\tc@ury=\dimen192
Package trimclip Info: Using driver 'tc-pdftex.def'.
 (/nix/store/f8fxz33kaqksq45sshcq2lms1xvsfz7s-texlive-2024-env-texmfdist/tex/latex/adjustbox/tc-pdftex.def
File: tc-pdftex.def 2025/02/26 v2.3 Clipping driver for pdftex
))
\adjbox@Width=\dimen193
\adjbox@Height=\dimen194
\adjbox@Depth=\dimen195
\adjbox@Totalheight=\dimen196
\adjbox@pwidth=\dimen197
\adjbox@pheight=\dimen198
\adjbox@pdepth=\dimen199
\adjbox@ptotalheight=\dimen256
 (/nix/store/f8fxz33kaqksq45sshcq2lms1xvsfz7s-texlive-2024-env-texmfdist/tex/latex/ifoddpage/ifoddpage.sty
Package: ifoddpage 2022/10/18 v1.2 Conditionals for odd/even page detection
\c@checkoddpage=\count303
) (/nix/store/f8fxz33kaqksq45sshcq2lms1xvsfz7s-texlive-2024-env-texmfdist/tex/latex/varwidth/varwidth.sty
Package: varwidth 2009/03/30 ver 0.92;  Variable-width minipages
\@vwid@box=\box59
\sift@deathcycles=\count304
\@vwid@loff=\dimen257
\@vwid@roff=\dimen258
)) (/nix/store/f8fxz33kaqksq45sshcq2lms1xvsfz7s-texlive-2024-env-texmfdist/tex/latex/listings/listings.sty
\lst@mode=\count305
\lst@gtempboxa=\box60
\lst@token=\toks29
\lst@length=\count306
\lst@currlwidth=\dimen259
\lst@column=\count307
\lst@pos=\count308
\lst@lostspace=\dimen260
\lst@width=\dimen261
\lst@newlines=\count309
\lst@lineno=\count310
\lst@maxwidth=\dimen262
 (/nix/store/f8fxz33kaqksq45sshcq2lms1xvsfz7s-texlive-2024-env-texmfdist/tex/latex/listings/lstpatch.sty
File: lstpatch.sty 2024/09/23 1.10c (Carsten Heinz)
) (/nix/store/f8fxz33kaqksq45sshcq2lms1xvsfz7s-texlive-2024-env-texmfdist/tex/latex/listings/lstmisc.sty
File: lstmisc.sty 2024/09/23 1.10c (Carsten Heinz)
\c@lstnumber=\count311
\lst@skipnumbers=\count312
\lst@framebox=\box61
) (/nix/store/f8fxz33kaqksq45sshcq2lms1xvsfz7s-texlive-2024-env-texmfdist/tex/latex/listings/listings.cfg
File: listings.cfg 2024/09/23 1.10c listings configuration
))
Package: listings 2024/09/23 1.10c (Carsten Heinz)
 (/nix/store/f8fxz33kaqksq45sshcq2lms1xvsfz7s-texlive-2024-env-texmfdist/tex/latex/tools/verbatim.sty
Package: verbatim 2024-01-22 v1.5x LaTeX2e package for verbatim enhancements
\every@verbatim=\toks30
\verbatim@line=\toks31
\verbatim@in@stream=\read2
) (/nix/store/f8fxz33kaqksq45sshcq2lms1xvsfz7s-texlive-2024-env-texmfdist/tex/latex/multirow/multirow.sty
Package: multirow 2024/11/12 v2.9 Span multiple rows of a table
\multirow@colwidth=\skip58
\multirow@cntb=\count313
\multirow@dima=\skip59
\bigstrutjot=\dimen263
) (/nix/store/f8fxz33kaqksq45sshcq2lms1xvsfz7s-texlive-2024-env-texmfdist/tex/latex/l3backend/l3backend-pdftex.def
File: l3backend-pdftex.def 2024-05-08 L3 backend support: PDF output (pdfTeX)
\l__color_backend_stack_int=\count314
\l__pdf_internal_box=\box62
) (./main.aux)
\openout1 = `main.aux'.

LaTeX Font Info:    Checking defaults for OML/cmm/m/it on input line 22.
LaTeX Font Info:    ... okay on input line 22.
LaTeX Font Info:    Checking defaults for OMS/cmsy/m/n on input line 22.
LaTeX Font Info:    ... okay on input line 22.
LaTeX Font Info:    Checking defaults for OT1/cmr/m/n on input line 22.
LaTeX Font Info:    ... okay on input line 22.
LaTeX Font Info:    Checking defaults for T1/cmr/m/n on input line 22.
LaTeX Font Info:    ... okay on input line 22.
LaTeX Font Info:    Checking defaults for TS1/cmr/m/n on input line 22.
LaTeX Font Info:    ... okay on input line 22.
LaTeX Font Info:    Checking defaults for OMX/cmex/m/n on input line 22.
LaTeX Font Info:    ... okay on input line 22.
LaTeX Font Info:    Checking defaults for U/cmr/m/n on input line 22.
LaTeX Font Info:    ... okay on input line 22.

-- Lines per column: 56 (exact).
(/nix/store/f8fxz33kaqksq45sshcq2lms1xvsfz7s-texlive-2024-env-texmfdist/tex/context/base/mkii/supp-pdf.mkii
[Loading MPS to PDF converter (version 2006.09.02).]
\scratchcounter=\count315
\scratchdimen=\dimen264
\scratchbox=\box63
\nofMPsegments=\count316
\nofMParguments=\count317
\everyMPshowfont=\toks32
\MPscratchCnt=\count318
\MPscratchDim=\dimen265
\MPnumerator=\count319
\makeMPintoPDFobject=\count320
\everyMPtoPDFconversion=\toks33
) (/nix/store/f8fxz33kaqksq45sshcq2lms1xvsfz7s-texlive-2024-env-texmfdist/tex/latex/epstopdf-pkg/epstopdf-base.sty
Package: epstopdf-base 2020-01-24 v2.11 Base part for package epstopdf
Package epstopdf-base Info: Redefining graphics rule for `.eps' on input line 485.
 (/nix/store/f8fxz33kaqksq45sshcq2lms1xvsfz7s-texlive-2024-env-texmfdist/tex/latex/latexconfig/epstopdf-sys.cfg
File: epstopdf-sys.cfg 2010/07/13 v1.3 Configuration of (r)epstopdf for TeX Live
))
\c@lstlisting=\count321
LaTeX Font Info:    Trying to load font information for OT1+pcr on input line 27.
 (/nix/store/f8fxz33kaqksq45sshcq2lms1xvsfz7s-texlive-2024-env-texmfdist/tex/latex/psnfss/ot1pcr.fd
File: ot1pcr.fd 2001/06/04 font definitions for OT1/pcr.
)
LaTeX Font Info:    Font shape `OT1/pcr/m/it' in size <8> not available
(Font)              Font shape `OT1/pcr/m/sl' tried instead on input line 27.


LaTeX Warning: No \author given.


LaTeX Warning: No \author given.


LaTeX Warning: No \author given.

LaTeX Font Info:    Trying to load font information for U+msa on input line 61.
(/nix/store/f8fxz33kaqksq45sshcq2lms1xvsfz7s-texlive-2024-env-texmfdist/tex/latex/amsfonts/umsa.fd
File: umsa.fd 2013/01/14 v3.01 AMS symbols A
)
LaTeX Font Info:    Trying to load font information for U+msb on input line 61.
 (/nix/store/f8fxz33kaqksq45sshcq2lms1xvsfz7s-texlive-2024-env-texmfdist/tex/latex/amsfonts/umsb.fd
File: umsb.fd 2013/01/14 v3.01 AMS symbols B
)
<images/CSR.png, id=1, 423.5825pt x 203.76125pt>
File: images/CSR.png Graphic file (type png)
<use images/CSR.png>
Package pdftex.def Info: images/CSR.png  used on input line 68.
(pdftex.def)             Requested size: 201.60077pt x 96.97725pt.



LaTeX Warning: `!h' float specifier changed to `!ht'.



[1{/nix/store/0g09282c6amly6biazhh7rhz3xa2k3q8-texlive-2024-env/share/texmf-var/fonts/map/pdftex/updmap/pdftex.map}{/nix/store/f8fxz33kaqksq45sshcq2lms1xvsfz7s-texlive-2024-env-texmfdist/fonts/enc/dvips/base/8r.enc}


 <./images/CSR.png>]
<images/ceiling_division.png, id=15, 477.785pt x 166.6225pt>
File: images/ceiling_division.png Graphic file (type png)
<use images/ceiling_division.png>
Package pdftex.def Info: images/ceiling_division.png  used on input line 131.
(pdftex.def)             Requested size: 252.0pt x 87.88237pt.


LaTeX Warning: `!h' float specifier changed to `!ht'.




Underfull \hbox (badness 1490) in paragraph at lines 174--175
[]\OT1/ptm/m/n/10 For each block a vari-able in the shared mem-ory
 []


Underfull \hbox (badness 10000) in paragraph at lines 175--176
[]\OT1/ptm/m/n/10 Each thread uses the func-tion
 []


LaTeX Warning: `!h' float specifier changed to `!ht'.



[2 <./images/ceiling_division.png>]

LaTeX Warning: `!h' float specifier changed to `!ht'.




LaTeX Warning: `h' float specifier changed to `ht'.



[3]
<images/GFLOP_s.png, id=26, 808.01875pt x 372.39125pt>
File: images/GFLOP_s.png Graphic file (type png)
<use images/GFLOP_s.png>
Package pdftex.def Info: images/GFLOP_s.png  used on input line 383.
(pdftex.def)             Requested size: 252.0pt x 116.139pt.


(./main.bbl
Underfull \hbox (badness 10000) in paragraph at lines 25--27
[]\OT1/ptm/m/n/8 NVIDIA. cus-parse. [On-line]. Avail-able:
 []


Underfull \hbox (badness 10000) in paragraph at lines 40--42
[]\OT1/ptm/m/n/8 Meszaros. dbir2 ma-trix. [On-line]. Avail-able:
 []


Underfull \hbox (badness 10000) in paragraph at lines 45--47
[]\OT1/ptm/m/n/8 FIDAP. ex11 ma-trix. [On-line]. Avail-able:
 []


Underfull \hbox (badness 10000) in paragraph at lines 50--52
[]\OT1/ptm/m/n/8 Tromble. lan-guage ma-trix. [On-line]. Avail-able:
 []


Underfull \hbox (badness 10000) in paragraph at lines 60--62
[]\OT1/ptm/m/n/8 Nemeth. nemet24 ma-trix. [On-line]. Avail-able:
 []


Underfull \hbox (badness 10000) in paragraph at lines 65--67
[]\OT1/ptm/m/n/8 ATandT. twotone ma-trix. [On-line]. Avail-able:
 []

)

** Conference Paper **
Before submitting the final camera ready copy, remember to:

 1. Manually equalize the lengths of two columns on the last page
 of your paper;

 2. Ensure that any PostScript and/or PDF output post-processing
 uses only Type 1 fonts and that every step in the generation
 process uses the appropriate paper size.



[4 <./images/GFLOP_s.png>] (./main.aux)
 ***********
LaTeX2e <2024-11-01> patch level 2
L3 programming layer <2025-01-18>
 ***********
 ) 
Here is how much of TeX's memory you used:
 7065 strings out of 473203
 119075 string characters out of 5692202
 538890 words of memory out of 5000000
 30205 multiletter control sequences out of 15000+600000
 597616 words of font info for 110 fonts, out of 8000000 for 9000
 1141 hyphenation exceptions out of 8191
 58i,11n,65p,404b,357s stack positions out of 10000i,1000n,20000p,200000b,200000s
</nix/store/f8fxz33kaqksq45sshcq2lms1xvsfz7s-texlive-2024-env-texmfdist/fonts/type1/public/amsfonts/cm/cmmi10.pfb></nix/store/f8fxz33kaqksq45sshcq2lms1xvsfz7s-texlive-2024-env-texmfdist/fonts/type1/public/amsfonts/cm/cmr10.pfb></nix/store/f8fxz33kaqksq45sshcq2lms1xvsfz7s-texlive-2024-env-texmfdist/fonts/type1/public/amsfonts/cm/cmr7.pfb></nix/store/f8fxz33kaqksq45sshcq2lms1xvsfz7s-texlive-2024-env-texmfdist/fonts/type1/public/amsfonts/cm/cmsy10.pfb></nix/store/f8fxz33kaqksq45sshcq2lms1xvsfz7s-texlive-2024-env-texmfdist/fonts/type1/public/amsfonts/cm/cmsy7.pfb></nix/store/f8fxz33kaqksq45sshcq2lms1xvsfz7s-texlive-2024-env-texmfdist/fonts/type1/urw/courier/ucrro8a.pfb></nix/store/f8fxz33kaqksq45sshcq2lms1xvsfz7s-texlive-2024-env-texmfdist/fonts/type1/urw/times/utmb8a.pfb></nix/store/f8fxz33kaqksq45sshcq2lms1xvsfz7s-texlive-2024-env-texmfdist/fonts/type1/urw/times/utmbi8a.pfb></nix/store/f8fxz33kaqksq45sshcq2lms1xvsfz7s-texlive-2024-env-texmfdist/fonts/type1/urw/times/utmr8a.pfb></nix/store/f8fxz33kaqksq45sshcq2lms1xvsfz7s-texlive-2024-env-texmfdist/fonts/type1/urw/times/utmri8a.pfb>
Output written on main.pdf (4 pages, 162072 bytes).
PDF statistics:
 75 PDF objects out of 1000 (max. 8388607)
 42 compressed objects within 1 object stream
 0 named destinations out of 1000 (max. 500000)
 16 words of extra memory for PDF output out of 10000 (max. 10000000)

