Fri Jul 18 21:51:27 2025       
+-----------------------------------------------------------------------------------------+
| NVIDIA-SMI 550.54.15              Driver Version: 550.54.15      CUDA Version: 12.4     |
|-----------------------------------------+------------------------+----------------------+
| GPU  Name                 Persistence-M | Bus-Id          Disp.A | Volatile Uncorr. ECC |
| Fan  Temp   Perf          Pwr:Usage/Cap |           Memory-Usage | GPU-Util  Compute M. |
|                                         |                        |               MIG M. |
|=========================================+========================+======================|
|   0  NVIDIA L40S                    On  |   00000000:C1:00.0 Off |                    0 |
| N/A   29C    P8             32W /  350W |       0MiB /  46068MiB |      0%      Default |
|                                         |                        |                  N/A |
+-----------------------------------------+------------------------+----------------------+
                                                                                         
+-----------------------------------------------------------------------------------------+
| Processes:                                                                              |
|  GPU   GI   CI        PID   Type   Process name                              GPU Memory |
|        ID   ID                                                               Usage      |
|=========================================================================================|
|  No running processes found                                                             |
+-----------------------------------------------------------------------------------------+
 
---------- Processing matrices  ----------
==PROF== Connected to process 3964882 (/home/vittorio.polci/GPU-Computing-2025-257817/smm-csr-cusparse/bin/smm-csr-parallel-cusparse)
==PROF== Profiling "vector_scalar_multiply_kernel" - 0 (1/1): 0%....50%....100% - 9 passes
Launching SPVM on matrix ../data/dbir2.mtx
Matrix read successfully :)
Converting into CSR ... 
generating input and output vectors for the moltiplication... 
Creating cusparse environment 
copying data in the CUDA memory... 
performing matrix to vector multiplication...
iteration 0 took 0.015360 ms
iteration 1 took 0.031744 ms
iteration 2 took 0.032768 ms
iteration 3 took 0.027648 ms
iteration 4 took 0.030720 ms
iteration 5 took 0.028928 ms
iteration 6 took 0.030720 ms
iteration 7 took 0.031744 ms
iteration 8 took 0.031744 ms
iteration 9 took 0.032768 ms
iteration 10 took 0.031872 ms
iteration 11 took 0.031744 ms
iteration 12 took 0.031744 ms
iteration 13 took 0.032768 ms
iteration 14 took 0.029696 ms
iteration 15 took 0.028672 ms
iteration 16 took 0.028672 ms
iteration 17 took 0.030720 ms
iteration 18 took 0.031744 ms
iteration 19 took 0.032768 ms
Executed 20 iterations, floating point operations: 2316318 average time: 0.029903 ms variance: 0.000015 ms
average GFLOP/s: 77.459857
Effective bandwidth: 483.169183 GB/s
Operation done. Cleaning heap and VRAM...

==PROF== Disconnected from process 3964882
[3964882] smm-csr-parallel-cusparse@127.0.0.1
  void cusparse::vector_scalar_multiply_kernel<(int)256, cusparse::VectorScalarMultiplyPolicy, int, float, float>(cusparse::KernelCoeff<T5>, T3, T4 *) (45, 1, 1)x(256, 1, 1), Context 1, Stream 7, Device 0, CC 8.9
    Section: Command line profiler metrics
    ---------------------------------------------------------------------------- ----------- ------------
    Metric Name                                                                  Metric Unit Metric Value
    ---------------------------------------------------------------------------- ----------- ------------
    dram__throughput.avg.pct_of_peak_sustained_elapsed                                     %         7.16
    l1tex__data_pipe_lsu_wavefronts_mem_shared.avg.pct_of_peak_sustained_elapsed           %         0.07
    sm__throughput.avg.pct_of_peak_sustained_elapsed                                       %         0.83
    sm__warps_active.avg.pct_of_peak_sustained_active                                      %        16.12
    smsp__sass_average_data_bytes_per_wavefront_mem_shared.pct                             %            0
    ---------------------------------------------------------------------------- ----------- ------------

==PROF== Connected to process 3964941 (/home/vittorio.polci/GPU-Computing-2025-257817/smm-csr-cusparse/bin/smm-csr-parallel-cusparse)
==PROF== Profiling "vector_scalar_multiply_kernel" - 0 (1/1): 0%....50%....100% - 9 passes
Launching SPVM on matrix ../data/ex11.mtx
Matrix read successfully :)
Converting into CSR ... 
generating input and output vectors for the moltiplication... 
Creating cusparse environment 
copying data in the CUDA memory... 
performing matrix to vector multiplication...
iteration 0 took 0.014336 ms
iteration 1 took 0.021504 ms
iteration 2 took 0.021504 ms
iteration 3 took 0.021504 ms
iteration 4 took 0.020480 ms
iteration 5 took 0.025600 ms
iteration 6 took 0.026624 ms
iteration 7 took 0.025600 ms
iteration 8 took 0.021504 ms
iteration 9 took 0.021504 ms
iteration 10 took 0.021504 ms
iteration 11 took 0.024576 ms
iteration 12 took 0.025600 ms
iteration 13 took 0.025888 ms
iteration 14 took 0.026624 ms
iteration 15 took 0.020800 ms
iteration 16 took 0.021504 ms
iteration 17 took 0.020480 ms
iteration 18 took 0.025600 ms
iteration 19 took 0.020480 ms
Executed 20 iterations, floating point operations: 2193896 average time: 0.022447 ms variance: 0.000009 ms
average GFLOP/s: 97.735972
Effective bandwidth: 595.297485 GB/s
Operation done. Cleaning heap and VRAM...

==PROF== Disconnected from process 3964941
[3964941] smm-csr-parallel-cusparse@127.0.0.1
  void cusparse::vector_scalar_multiply_kernel<(int)256, cusparse::VectorScalarMultiplyPolicy, int, float, float>(cusparse::KernelCoeff<T5>, T3, T4 *) (17, 1, 1)x(256, 1, 1), Context 1, Stream 7, Device 0, CC 8.9
    Section: Command line profiler metrics
    ---------------------------------------------------------------------------- ----------- ------------
    Metric Name                                                                  Metric Unit Metric Value
    ---------------------------------------------------------------------------- ----------- ------------
    dram__throughput.avg.pct_of_peak_sustained_elapsed                                     %         2.11
    l1tex__data_pipe_lsu_wavefronts_mem_shared.avg.pct_of_peak_sustained_elapsed           %         0.03
    sm__throughput.avg.pct_of_peak_sustained_elapsed                                       %         0.33
    sm__warps_active.avg.pct_of_peak_sustained_active                                      %        15.98
    smsp__sass_average_data_bytes_per_wavefront_mem_shared.pct                             %            0
    ---------------------------------------------------------------------------- ----------- ------------

==PROF== Connected to process 3965002 (/home/vittorio.polci/GPU-Computing-2025-257817/smm-csr-cusparse/bin/smm-csr-parallel-cusparse)
==PROF== Profiling "vector_scalar_multiply_kernel" - 0 (1/1): 0%....50%....100% - 9 passes
Launching SPVM on matrix ../data/language.mtx
Matrix read successfully :)
Converting into CSR ... 
generating input and output vectors for the moltiplication... 
Creating cusparse environment 
copying data in the CUDA memory... 
performing matrix to vector multiplication...
iteration 0 took 0.014336 ms
iteration 1 took 0.036864 ms
iteration 2 took 0.036864 ms
iteration 3 took 0.037888 ms
iteration 4 took 0.037888 ms
iteration 5 took 0.028672 ms
iteration 6 took 0.018432 ms
iteration 7 took 0.016384 ms
iteration 8 took 0.014400 ms
iteration 9 took 0.013312 ms
iteration 10 took 0.014336 ms
iteration 11 took 0.022528 ms
iteration 12 took 0.022528 ms
iteration 13 took 0.037984 ms
iteration 14 took 0.037984 ms
iteration 15 took 0.037088 ms
iteration 16 took 0.036864 ms
iteration 17 took 0.027648 ms
iteration 18 took 0.027648 ms
iteration 19 took 0.029696 ms
Executed 20 iterations, floating point operations: 2432668 average time: 0.025644 ms variance: 0.000097 ms
average GFLOP/s: 94.863997
Effective bandwidth: 755.957024 GB/s
Operation done. Cleaning heap and VRAM...

==PROF== Disconnected from process 3965002
[3965002] smm-csr-parallel-cusparse@127.0.0.1
  void cusparse::vector_scalar_multiply_kernel<(int)256, cusparse::VectorScalarMultiplyPolicy, int, float, float>(cusparse::KernelCoeff<T5>, T3, T4 *) (390, 1, 1)x(256, 1, 1), Context 1, Stream 7, Device 0, CC 8.9
    Section: Command line profiler metrics
    ---------------------------------------------------------------------------- ----------- ------------
    Metric Name                                                                  Metric Unit Metric Value
    ---------------------------------------------------------------------------- ----------- ------------
    dram__throughput.avg.pct_of_peak_sustained_elapsed                                     %         0.15
    l1tex__data_pipe_lsu_wavefronts_mem_shared.avg.pct_of_peak_sustained_elapsed           %         0.54
    sm__throughput.avg.pct_of_peak_sustained_elapsed                                       %         5.80
    sm__warps_active.avg.pct_of_peak_sustained_active                                      %        30.35
    smsp__sass_average_data_bytes_per_wavefront_mem_shared.pct                             %            0
    ---------------------------------------------------------------------------- ----------- ------------

==PROF== Connected to process 3965062 (/home/vittorio.polci/GPU-Computing-2025-257817/smm-csr-cusparse/bin/smm-csr-parallel-cusparse)
==PROF== Profiling "vector_scalar_multiply_kernel" - 0 (1/1): 0%....50%....100% - 9 passes
Launching SPVM on matrix ../data/Linux_call_graph.mtx
Matrix read successfully :)
Converting into CSR ... 
generating input and output vectors for the moltiplication... 
Creating cusparse environment 
copying data in the CUDA memory... 
performing matrix to vector multiplication...
iteration 0 took 0.016384 ms
iteration 1 took 0.040960 ms
iteration 2 took 0.034816 ms
iteration 3 took 0.028960 ms
iteration 4 took 0.018528 ms
iteration 5 took 0.018432 ms
iteration 6 took 0.017408 ms
iteration 7 took 0.016384 ms
iteration 8 took 0.017408 ms
iteration 9 took 0.024736 ms
iteration 10 took 0.018432 ms
iteration 11 took 0.040960 ms
iteration 12 took 0.037888 ms
iteration 13 took 0.041984 ms
iteration 14 took 0.037888 ms
iteration 15 took 0.040960 ms
iteration 16 took 0.036864 ms
iteration 17 took 0.030720 ms
iteration 18 took 0.028672 ms
iteration 19 took 0.028672 ms
Executed 20 iterations, floating point operations: 2417816 average time: 0.027203 ms variance: 0.000097 ms
average GFLOP/s: 88.880607
Effective bandwidth: 676.246735 GB/s
Operation done. Cleaning heap and VRAM...

==PROF== Disconnected from process 3965062
[3965062] smm-csr-parallel-cusparse@127.0.0.1
  void cusparse::vector_scalar_multiply_kernel<(int)256, cusparse::VectorScalarMultiplyPolicy, int, float, float>(cusparse::KernelCoeff<T5>, T3, T4 *) (317, 1, 1)x(256, 1, 1), Context 1, Stream 7, Device 0, CC 8.9
    Section: Command line profiler metrics
    ---------------------------------------------------------------------------- ----------- ------------
    Metric Name                                                                  Metric Unit Metric Value
    ---------------------------------------------------------------------------- ----------- ------------
    dram__throughput.avg.pct_of_peak_sustained_elapsed                                     %        19.96
    l1tex__data_pipe_lsu_wavefronts_mem_shared.avg.pct_of_peak_sustained_elapsed           %         0.41
    sm__throughput.avg.pct_of_peak_sustained_elapsed                                       %         4.48
    sm__warps_active.avg.pct_of_peak_sustained_active                                      %        26.72
    smsp__sass_average_data_bytes_per_wavefront_mem_shared.pct                             %            0
    ---------------------------------------------------------------------------- ----------- ------------

==PROF== Connected to process 3965122 (/home/vittorio.polci/GPU-Computing-2025-257817/smm-csr-cusparse/bin/smm-csr-parallel-cusparse)
==PROF== Profiling "vector_scalar_multiply_kernel" - 0 (1/1): 0%....50%....100% - 9 passes
Launching SPVM on matrix ../data/nemeth24.mtx
Matrix read successfully :)
Converting into CSR ... 
generating input and output vectors for the moltiplication... 
Creating cusparse environment 
copying data in the CUDA memory... 
performing matrix to vector multiplication...
iteration 0 took 0.008192 ms
iteration 1 took 0.017408 ms
iteration 2 took 0.016384 ms
iteration 3 took 0.017408 ms
iteration 4 took 0.016384 ms
iteration 5 took 0.009216 ms
iteration 6 took 0.007392 ms
iteration 7 took 0.007200 ms
iteration 8 took 0.007264 ms
iteration 9 took 0.008192 ms
iteration 10 took 0.015360 ms
iteration 11 took 0.015360 ms
iteration 12 took 0.020480 ms
iteration 13 took 0.021504 ms
iteration 14 took 0.020480 ms
iteration 15 took 0.020480 ms
iteration 16 took 0.020640 ms
iteration 17 took 0.020480 ms
iteration 18 took 0.020608 ms
iteration 19 took 0.020480 ms
Executed 20 iterations, floating point operations: 1516056 average time: 0.014421 ms variance: 0.000031 ms
average GFLOP/s: 105.131747
Effective bandwidth: 638.700871 GB/s
Operation done. Cleaning heap and VRAM...

==PROF== Disconnected from process 3965122
[3965122] smm-csr-parallel-cusparse@127.0.0.1
  void cusparse::vector_scalar_multiply_kernel<(int)256, cusparse::VectorScalarMultiplyPolicy, int, float, float>(cusparse::KernelCoeff<T5>, T3, T4 *) (10, 1, 1)x(256, 1, 1), Context 1, Stream 7, Device 0, CC 8.9
    Section: Command line profiler metrics
    ---------------------------------------------------------------------------- ----------- ------------
    Metric Name                                                                  Metric Unit Metric Value
    ---------------------------------------------------------------------------- ----------- ------------
    dram__throughput.avg.pct_of_peak_sustained_elapsed                                     %         1.16
    l1tex__data_pipe_lsu_wavefronts_mem_shared.avg.pct_of_peak_sustained_elapsed           %         0.02
    sm__throughput.avg.pct_of_peak_sustained_elapsed                                       %         0.19
    sm__warps_active.avg.pct_of_peak_sustained_active                                      %        15.77
    smsp__sass_average_data_bytes_per_wavefront_mem_shared.pct                             %            0
    ---------------------------------------------------------------------------- ----------- ------------

==PROF== Connected to process 3965182 (/home/vittorio.polci/GPU-Computing-2025-257817/smm-csr-cusparse/bin/smm-csr-parallel-cusparse)
==PROF== Profiling "vector_scalar_multiply_kernel" - 0 (1/1): 0%....50%....100% - 9 passes
Launching SPVM on matrix ../data/twotone.mtx
Matrix read successfully :)
Converting into CSR ... 
generating input and output vectors for the moltiplication... 
Creating cusparse environment 
copying data in the CUDA memory... 
performing matrix to vector multiplication...
iteration 0 took 0.014336 ms
iteration 1 took 0.023552 ms
iteration 2 took 0.023552 ms
iteration 3 took 0.022528 ms
iteration 4 took 0.022528 ms
iteration 5 took 0.022528 ms
iteration 6 took 0.016384 ms
iteration 7 took 0.016384 ms
iteration 8 took 0.014336 ms
iteration 9 took 0.013312 ms
iteration 10 took 0.014336 ms
iteration 11 took 0.021504 ms
iteration 12 took 0.020480 ms
iteration 13 took 0.023552 ms
iteration 14 took 0.023552 ms
iteration 15 took 0.030720 ms
iteration 16 took 0.030720 ms
iteration 17 took 0.029824 ms
iteration 18 took 0.029696 ms
iteration 19 took 0.030720 ms
Executed 20 iterations, floating point operations: 2448448 average time: 0.021434 ms variance: 0.000036 ms
average GFLOP/s: 114.232515
Effective bandwidth: 752.998286 GB/s
Operation done. Cleaning heap and VRAM...

==PROF== Disconnected from process 3965182
[3965182] smm-csr-parallel-cusparse@127.0.0.1
  void cusparse::vector_scalar_multiply_kernel<(int)256, cusparse::VectorScalarMultiplyPolicy, int, float, float>(cusparse::KernelCoeff<T5>, T3, T4 *) (118, 1, 1)x(256, 1, 1), Context 1, Stream 7, Device 0, CC 8.9
    Section: Command line profiler metrics
    ---------------------------------------------------------------------------- ----------- ------------
    Metric Name                                                                  Metric Unit Metric Value
    ---------------------------------------------------------------------------- ----------- ------------
    dram__throughput.avg.pct_of_peak_sustained_elapsed                                     %        16.47
    l1tex__data_pipe_lsu_wavefronts_mem_shared.avg.pct_of_peak_sustained_elapsed           %         0.18
    sm__throughput.avg.pct_of_peak_sustained_elapsed                                       %         2.04
    sm__warps_active.avg.pct_of_peak_sustained_active                                      %        16.25
    smsp__sass_average_data_bytes_per_wavefront_mem_shared.pct                             %            0
    ---------------------------------------------------------------------------- ----------- ------------

 
