Fri Jul 18 21:51:13 2025       
+-----------------------------------------------------------------------------------------+
| NVIDIA-SMI 550.54.15              Driver Version: 550.54.15      CUDA Version: 12.4     |
|-----------------------------------------+------------------------+----------------------+
| GPU  Name                 Persistence-M | Bus-Id          Disp.A | Volatile Uncorr. ECC |
| Fan  Temp   Perf          Pwr:Usage/Cap |           Memory-Usage | GPU-Util  Compute M. |
|                                         |                        |               MIG M. |
|=========================================+========================+======================|
|   0  NVIDIA L40S                    On  |   00000000:C1:00.0 Off |                    0 |
| N/A   30C    P8             32W /  350W |       0MiB /  46068MiB |      0%      Default |
|                                         |                        |                  N/A |
+-----------------------------------------+------------------------+----------------------+
                                                                                         
+-----------------------------------------------------------------------------------------+
| Processes:                                                                              |
|  GPU   GI   CI        PID   Type   Process name                              GPU Memory |
|        ID   ID                                                               Usage      |
|=========================================================================================|
|  No running processes found                                                             |
+-----------------------------------------------------------------------------------------+
 
---------- Processing matrices  ----------
Launching SPVM on matrix ../data/dbir2.mtx
Matrix read successfully :)
Converting into CSR ... 
generating input and output vectors for the moltiplication... 
Creating cusparse environment 
copying data in the CUDA memory... 
performing matrix to vector multiplication...
iteration 0 took 0.012192 ms
iteration 1 took 0.012288 ms
iteration 2 took 0.012096 ms
iteration 3 took 0.012256 ms
iteration 4 took 0.011296 ms
iteration 5 took 0.011392 ms
iteration 6 took 0.011264 ms
iteration 7 took 0.011264 ms
iteration 8 took 0.012096 ms
iteration 9 took 0.012288 ms
iteration 10 took 0.012256 ms
iteration 11 took 0.011264 ms
iteration 12 took 0.011264 ms
iteration 13 took 0.011264 ms
iteration 14 took 0.012096 ms
iteration 15 took 0.012160 ms
iteration 16 took 0.011264 ms
iteration 17 took 0.011264 ms
iteration 18 took 0.012192 ms
iteration 19 took 0.011264 ms
Executed 20 iterations, floating point operations: 2316318 average time: 0.011727 ms variance: 0.000000 ms
average GFLOP/s: 197.520171
Effective bandwidth: 1232.066044 GB/s
Operation done. Cleaning heap and VRAM...

Launching SPVM on matrix ../data/ifiss_mat.mtx
Error during matrix reading phase: cannot open file
Launching SPVM on matrix ../data/ex11.mtx
Matrix read successfully :)
Converting into CSR ... 
generating input and output vectors for the moltiplication... 
Creating cusparse environment 
copying data in the CUDA memory... 
performing matrix to vector multiplication...
iteration 0 took 0.010400 ms
iteration 1 took 0.010240 ms
iteration 2 took 0.010240 ms
iteration 3 took 0.010240 ms
iteration 4 took 0.010240 ms
iteration 5 took 0.011136 ms
iteration 6 took 0.010432 ms
iteration 7 took 0.010240 ms
iteration 8 took 0.010240 ms
iteration 9 took 0.011264 ms
iteration 10 took 0.010240 ms
iteration 11 took 0.010240 ms
iteration 12 took 0.010176 ms
iteration 13 took 0.010240 ms
iteration 14 took 0.010240 ms
iteration 15 took 0.010240 ms
iteration 16 took 0.010208 ms
iteration 17 took 0.010336 ms
iteration 18 took 0.010240 ms
iteration 19 took 0.010464 ms
Executed 20 iterations, floating point operations: 2193896 average time: 0.010361 ms variance: 0.000000 ms
average GFLOP/s: 211.746641
Effective bandwidth: 1289.722101 GB/s
Operation done. Cleaning heap and VRAM...

Launching SPVM on matrix ../data/language.mtx
Matrix read successfully :)
Converting into CSR ... 
generating input and output vectors for the moltiplication... 
Creating cusparse environment 
copying data in the CUDA memory... 
performing matrix to vector multiplication...
iteration 0 took 0.015360 ms
iteration 1 took 0.015168 ms
iteration 2 took 0.014336 ms
iteration 3 took 0.014432 ms
iteration 4 took 0.014336 ms
iteration 5 took 0.014496 ms
iteration 6 took 0.014336 ms
iteration 7 took 0.014336 ms
iteration 8 took 0.014400 ms
iteration 9 took 0.015360 ms
iteration 10 took 0.015360 ms
iteration 11 took 0.015360 ms
iteration 12 took 0.015296 ms
iteration 13 took 0.014336 ms
iteration 14 took 0.014336 ms
iteration 15 took 0.014336 ms
iteration 16 took 0.014336 ms
iteration 17 took 0.014336 ms
iteration 18 took 0.014336 ms
iteration 19 took 0.014336 ms
Executed 20 iterations, floating point operations: 2432668 average time: 0.014640 ms variance: 0.000000 ms
average GFLOP/s: 166.167863
Effective bandwidth: 1324.166883 GB/s
Operation done. Cleaning heap and VRAM...

Launching SPVM on matrix ../data/Linux_call_graph.mtx
Matrix read successfully :)
Converting into CSR ... 
generating input and output vectors for the moltiplication... 
Creating cusparse environment 
copying data in the CUDA memory... 
performing matrix to vector multiplication...
iteration 0 took 0.018432 ms
iteration 1 took 0.018432 ms
iteration 2 took 0.018432 ms
iteration 3 took 0.018432 ms
iteration 4 took 0.018432 ms
iteration 5 took 0.018432 ms
iteration 6 took 0.018336 ms
iteration 7 took 0.018432 ms
iteration 8 took 0.018432 ms
iteration 9 took 0.018432 ms
iteration 10 took 0.018432 ms
iteration 11 took 0.018432 ms
iteration 12 took 0.018432 ms
iteration 13 took 0.018464 ms
iteration 14 took 0.018432 ms
iteration 15 took 0.018432 ms
iteration 16 took 0.018368 ms
iteration 17 took 0.017632 ms
iteration 18 took 0.018432 ms
iteration 19 took 0.018432 ms
Executed 20 iterations, floating point operations: 2417816 average time: 0.018385 ms variance: 0.000000 ms
average GFLOP/s: 131.512057
Effective bandwidth: 1000.607475 GB/s
Operation done. Cleaning heap and VRAM...

Launching SPVM on matrix ../data/nemeth24.mtx
Matrix read successfully :)
Converting into CSR ... 
generating input and output vectors for the moltiplication... 
Creating cusparse environment 
copying data in the CUDA memory... 
performing matrix to vector multiplication...
iteration 0 took 0.010176 ms
iteration 1 took 0.009216 ms
iteration 2 took 0.009216 ms
iteration 3 took 0.009216 ms
iteration 4 took 0.009216 ms
iteration 5 took 0.009216 ms
iteration 6 took 0.014336 ms
iteration 7 took 0.009216 ms
iteration 8 took 0.009088 ms
iteration 9 took 0.009216 ms
iteration 10 took 0.009216 ms
iteration 11 took 0.009248 ms
iteration 12 took 0.009216 ms
iteration 13 took 0.009184 ms
iteration 14 took 0.009216 ms
iteration 15 took 0.010240 ms
iteration 16 took 0.009216 ms
iteration 17 took 0.009216 ms
iteration 18 took 0.009248 ms
iteration 19 took 0.009216 ms
Executed 20 iterations, floating point operations: 1516056 average time: 0.009514 ms variance: 0.000001 ms
average GFLOP/s: 159.355694
Effective bandwidth: 968.124504 GB/s
Operation done. Cleaning heap and VRAM...

Launching SPVM on matrix ../data/twotone.mtx
Matrix read successfully :)
Converting into CSR ... 
generating input and output vectors for the moltiplication... 
Creating cusparse environment 
copying data in the CUDA memory... 
performing matrix to vector multiplication...
iteration 0 took 0.012288 ms
iteration 1 took 0.012288 ms
iteration 2 took 0.012288 ms
iteration 3 took 0.012256 ms
iteration 4 took 0.011264 ms
iteration 5 took 0.012288 ms
iteration 6 took 0.012288 ms
iteration 7 took 0.012288 ms
iteration 8 took 0.012288 ms
iteration 9 took 0.012384 ms
iteration 10 took 0.011424 ms
iteration 11 took 0.012288 ms
iteration 12 took 0.012288 ms
iteration 13 took 0.013184 ms
iteration 14 took 0.012288 ms
iteration 15 took 0.012288 ms
iteration 16 took 0.011264 ms
iteration 17 took 0.011488 ms
iteration 18 took 0.012288 ms
iteration 19 took 0.012288 ms
Executed 20 iterations, floating point operations: 2448448 average time: 0.012142 ms variance: 0.000000 ms
average GFLOP/s: 201.647505
Effective bandwidth: 1329.220719 GB/s
Operation done. Cleaning heap and VRAM...

 
