Wed Jul 16 17:15:50 2025       
+-----------------------------------------------------------------------------------------+
| NVIDIA-SMI 550.144.03             Driver Version: 550.144.03     CUDA Version: 12.4     |
|-----------------------------------------+------------------------+----------------------+
| GPU  Name                 Persistence-M | Bus-Id          Disp.A | Volatile Uncorr. ECC |
| Fan  Temp   Perf          Pwr:Usage/Cap |           Memory-Usage | GPU-Util  Compute M. |
|                                         |                        |               MIG M. |
|=========================================+========================+======================|
|   0  NVIDIA A30                     On  |   00000000:4B:00.0 Off |                    0 |
| N/A   21C    P0             27W /  165W |       1MiB /  24576MiB |      0%      Default |
|                                         |                        |             Disabled |
+-----------------------------------------+------------------------+----------------------+
                                                                                         
+-----------------------------------------------------------------------------------------+
| Processes:                                                                              |
|  GPU   GI   CI        PID   Type   Process name                              GPU Memory |
|        ID   ID                                                               Usage      |
|=========================================================================================|
|  No running processes found                                                             |
+-----------------------------------------------------------------------------------------+
 
---------- Processing matrices  ----------
Launching SPVM on matrix ../data/dbir2.mtx
Matrix read successfully :)
Converting into CSR ... 
generating input and output vectors for the moltiplication... 
Creating cusparse environment 
copying data in the CUDA memory... 
performing matrix to vector multiplication...
iteration 0 took 0.023552 ms
iteration 1 took 0.022528 ms
iteration 2 took 0.023552 ms
iteration 3 took 0.022528 ms
iteration 4 took 0.022528 ms
iteration 5 took 0.022528 ms
iteration 6 took 0.022528 ms
iteration 7 took 0.022528 ms
iteration 8 took 0.022528 ms
iteration 9 took 0.022528 ms
iteration 10 took 0.022528 ms
iteration 11 took 0.022528 ms
iteration 12 took 0.023552 ms
iteration 13 took 0.022528 ms
iteration 14 took 0.022528 ms
iteration 15 took 0.023552 ms
iteration 16 took 0.022528 ms
iteration 17 took 0.023552 ms
iteration 18 took 0.022528 ms
iteration 19 took 0.022528 ms
Executed 20 iterations, floating point operations: 2316318 average time: 0.022780 ms variance: 0.000000 ms
average GFLOP/s: 101.683211
Effective bandwidth: 634.266519 GB/s
Operation done. Cleaning heap and VRAM...

Launching SPVM on matrix ../data/ifiss_mat.mtx
Error during matrix reading phase: cannot open file
Launching SPVM on matrix ../data/ex11.mtx
Matrix read successfully :)
Converting into CSR ... 
generating input and output vectors for the moltiplication... 
Creating cusparse environment 
copying data in the CUDA memory... 
performing matrix to vector multiplication...
iteration 0 took 0.022528 ms
iteration 1 took 0.021504 ms
iteration 2 took 0.021504 ms
iteration 3 took 0.021504 ms
iteration 4 took 0.021504 ms
iteration 5 took 0.020480 ms
iteration 6 took 0.021504 ms
iteration 7 took 0.021504 ms
iteration 8 took 0.021504 ms
iteration 9 took 0.021504 ms
iteration 10 took 0.021504 ms
iteration 11 took 0.021504 ms
iteration 12 took 0.020480 ms
iteration 13 took 0.021504 ms
iteration 14 took 0.021504 ms
iteration 15 took 0.021504 ms
iteration 16 took 0.021504 ms
iteration 17 took 0.022528 ms
iteration 18 took 0.022528 ms
iteration 19 took 0.022528 ms
Executed 20 iterations, floating point operations: 2193896 average time: 0.021599 ms variance: 0.000000 ms
average GFLOP/s: 101.572242
Effective bandwidth: 618.663726 GB/s
Operation done. Cleaning heap and VRAM...

Launching SPVM on matrix ../data/language.mtx
Matrix read successfully :)
Converting into CSR ... 
generating input and output vectors for the moltiplication... 
Creating cusparse environment 
copying data in the CUDA memory... 
performing matrix to vector multiplication...
iteration 0 took 0.034816 ms
iteration 1 took 0.034816 ms
iteration 2 took 0.035840 ms
iteration 3 took 0.034816 ms
iteration 4 took 0.034816 ms
iteration 5 took 0.033792 ms
iteration 6 took 0.033792 ms
iteration 7 took 0.033792 ms
iteration 8 took 0.034816 ms
iteration 9 took 0.033792 ms
iteration 10 took 0.035840 ms
iteration 11 took 0.034816 ms
iteration 12 took 0.034816 ms
iteration 13 took 0.034816 ms
iteration 14 took 0.034816 ms
iteration 15 took 0.034816 ms
iteration 16 took 0.033792 ms
iteration 17 took 0.033792 ms
iteration 18 took 0.034816 ms
iteration 19 took 0.034816 ms
Executed 20 iterations, floating point operations: 2432668 average time: 0.034606 ms variance: 0.000000 ms
average GFLOP/s: 70.296636
Effective bandwidth: 560.183394 GB/s
Operation done. Cleaning heap and VRAM...

Launching SPVM on matrix ../data/Linux_call_graph.mtx
Matrix read successfully :)
Converting into CSR ... 
generating input and output vectors for the moltiplication... 
Creating cusparse environment 
copying data in the CUDA memory... 
performing matrix to vector multiplication...
iteration 0 took 0.040960 ms
iteration 1 took 0.038912 ms
iteration 2 took 0.038912 ms
iteration 3 took 0.038912 ms
iteration 4 took 0.038912 ms
iteration 5 took 0.038912 ms
iteration 6 took 0.038912 ms
iteration 7 took 0.039936 ms
iteration 8 took 0.038912 ms
iteration 9 took 0.038912 ms
iteration 10 took 0.038912 ms
iteration 11 took 0.038912 ms
iteration 12 took 0.041984 ms
iteration 13 took 0.039936 ms
iteration 14 took 0.037888 ms
iteration 15 took 0.040960 ms
iteration 16 took 0.039936 ms
iteration 17 took 0.039936 ms
iteration 18 took 0.037888 ms
iteration 19 took 0.037888 ms
Executed 20 iterations, floating point operations: 2417816 average time: 0.039308 ms variance: 0.000001 ms
average GFLOP/s: 61.509632
Effective bandwidth: 467.995096 GB/s
Operation done. Cleaning heap and VRAM...

Launching SPVM on matrix ../data/nemeth24.mtx
Matrix read successfully :)
Converting into CSR ... 
generating input and output vectors for the moltiplication... 
Creating cusparse environment 
copying data in the CUDA memory... 
performing matrix to vector multiplication...
iteration 0 took 0.018432 ms
iteration 1 took 0.019456 ms
iteration 2 took 0.018432 ms
iteration 3 took 0.018432 ms
iteration 4 took 0.018432 ms
iteration 5 took 0.018432 ms
iteration 6 took 0.017408 ms
iteration 7 took 0.018432 ms
iteration 8 took 0.018432 ms
iteration 9 took 0.018432 ms
iteration 10 took 0.017408 ms
iteration 11 took 0.018432 ms
iteration 12 took 0.018432 ms
iteration 13 took 0.018432 ms
iteration 14 took 0.018432 ms
iteration 15 took 0.018432 ms
iteration 16 took 0.018432 ms
iteration 17 took 0.018432 ms
iteration 18 took 0.018432 ms
iteration 19 took 0.018432 ms
Executed 20 iterations, floating point operations: 1516056 average time: 0.018377 ms variance: 0.000000 ms
average GFLOP/s: 82.499454
Effective bandwidth: 501.204196 GB/s
Operation done. Cleaning heap and VRAM...

Launching SPVM on matrix ../data/twotone.mtx
Matrix read successfully :)
Converting into CSR ... 
generating input and output vectors for the moltiplication... 
Creating cusparse environment 
copying data in the CUDA memory... 
performing matrix to vector multiplication...
iteration 0 took 0.025600 ms
iteration 1 took 0.025600 ms
iteration 2 took 0.024576 ms
iteration 3 took 0.025600 ms
iteration 4 took 0.025600 ms
iteration 5 took 0.025600 ms
iteration 6 took 0.025600 ms
iteration 7 took 0.025600 ms
iteration 8 took 0.025600 ms
iteration 9 took 0.025600 ms
iteration 10 took 0.025600 ms
iteration 11 took 0.025600 ms
iteration 12 took 0.025600 ms
iteration 13 took 0.025600 ms
iteration 14 took 0.024576 ms
iteration 15 took 0.025600 ms
iteration 16 took 0.025600 ms
iteration 17 took 0.025600 ms
iteration 18 took 0.025600 ms
iteration 19 took 0.025600 ms
Executed 20 iterations, floating point operations: 2448448 average time: 0.025496 ms variance: 0.000000 ms
average GFLOP/s: 96.033732
Effective bandwidth: 633.035484 GB/s
Operation done. Cleaning heap and VRAM...

 
